Archive member included because of file (symbol)

c:/winavr-20100110/bin/../lib/gcc/avr/4.3.3/avr51\libgcc.a(_exit.o)
                              c:/winavr-20100110/bin/../lib/gcc/avr/4.3.3/../../../../avr/lib/avr51/crtusb1287.o (exit)
c:/winavr-20100110/bin/../lib/gcc/avr/4.3.3/avr51\libgcc.a(_clear_bss.o)
                              RNDISEthernet.o (__do_clear_bss)
c:/winavr-20100110/bin/../lib/gcc/avr/4.3.3/../../../../avr/lib/avr51\libc.a(memcpy_P.o)
                              ../../../../LUFA/Drivers/USB/Class/Device/RNDISClassDevice.o (memcpy_P)
c:/winavr-20100110/bin/../lib/gcc/avr/4.3.3/../../../../avr/lib/avr51\libc.a(strcpy_P.o)
                              Lib/Webserver.o (strcpy_P)
c:/winavr-20100110/bin/../lib/gcc/avr/4.3.3/../../../../avr/lib/avr51\libc.a(strlen_P.o)
                              Lib/Webserver.o (strlen_P)
c:/winavr-20100110/bin/../lib/gcc/avr/4.3.3/../../../../avr/lib/avr51\libc.a(strncpy_P.o)
                              Lib/Webserver.o (strncpy_P)
c:/winavr-20100110/bin/../lib/gcc/avr/4.3.3/../../../../avr/lib/avr51\libc.a(memcmp.o)
                              Lib/Ethernet.o (memcmp)
c:/winavr-20100110/bin/../lib/gcc/avr/4.3.3/../../../../avr/lib/avr51\libc.a(memcpy.o)
                              Lib/TCP.o (memcpy)
c:/winavr-20100110/bin/../lib/gcc/avr/4.3.3/../../../../avr/lib/avr51\libc.a(memmove.o)
                              Lib/ICMP.o (memmove)
c:/winavr-20100110/bin/../lib/gcc/avr/4.3.3/../../../../avr/lib/avr51\libc.a(memset.o)
                              ../../../../LUFA/Drivers/USB/Class/Device/HIDClassDevice.o (memset)
c:/winavr-20100110/bin/../lib/gcc/avr/4.3.3/../../../../avr/lib/avr51\libc.a(strncmp.o)
                              Lib/Webserver.o (strncmp)
c:/winavr-20100110/bin/../lib/gcc/avr/4.3.3/../../../../avr/lib/avr51\libc.a(iob.o)
                              ../../../../LUFA/Drivers/Peripheral/AVR8/Serial_AVR8.o (__iob)
c:/winavr-20100110/bin/../lib/gcc/avr/4.3.3/../../../../avr/lib/avr51\libc.a(eerd_byte_at90usb1287.o)
                              ../../../../LUFA/Drivers/USB/Core/AVR8/EndpointStream_AVR8.o (__eerd_byte_usb1287)
c:/winavr-20100110/bin/../lib/gcc/avr/4.3.3/../../../../avr/lib/avr51\libc.a(eeupd_byte_at90usb1287.o)
                              ../../../../LUFA/Drivers/USB/Core/AVR8/EndpointStream_AVR8.o (__eeupd_byte_usb1287)

Allocating common symbols
Common symbol       size              file

ConnectionStateTable
                    0x642             Lib/TCP.o
USB_IsInitialized   0x1               ../../../../LUFA/Drivers/USB/Core/USBTask.o
PortStateTable      0x5               Lib/TCP.o
USB_DeviceState     0x1               ../../../../LUFA/Drivers/USB/Core/USBTask.o
USB_Device_ConfigurationNumber
                    0x1               ../../../../LUFA/Drivers/USB/Core/DeviceStandardReq.o
USB_Device_CurrentlySelfPowered
                    0x1               ../../../../LUFA/Drivers/USB/Core/DeviceStandardReq.o
USARTSerialStream   0xe               ../../../../LUFA/Drivers/Peripheral/AVR8/Serial_AVR8.o
USB_ControlRequest  0x8               ../../../../LUFA/Drivers/USB/Core/USBTask.o
USB_Device_RemoteWakeupEnabled
                    0x1               ../../../../LUFA/Drivers/USB/Core/DeviceStandardReq.o
__iob               0x6               c:/winavr-20100110/bin/../lib/gcc/avr/4.3.3/../../../../avr/lib/avr51\libc.a(iob.o)

Discarded input sections

 .data          0x00000000        0x0 c:/winavr-20100110/bin/../lib/gcc/avr/4.3.3/../../../../avr/lib/avr51/crtusb1287.o
 .bss           0x00000000        0x0 c:/winavr-20100110/bin/../lib/gcc/avr/4.3.3/../../../../avr/lib/avr51/crtusb1287.o
 .text          0x00000000        0x0 RNDISEthernet.o
 .text          0x00000000        0x0 Descriptors.o
 .data          0x00000000        0x0 Descriptors.o
 .bss           0x00000000        0x0 Descriptors.o
 .text          0x00000000        0x0 Lib/Ethernet.o
 .bss           0x00000000        0x0 Lib/Ethernet.o
 .text          0x00000000        0x0 Lib/ProtocolDecoders.o
 .data          0x00000000        0x0 Lib/ProtocolDecoders.o
 .bss           0x00000000        0x0 Lib/ProtocolDecoders.o
 .text          0x00000000        0x0 Lib/ICMP.o
 .data          0x00000000        0x0 Lib/ICMP.o
 .bss           0x00000000        0x0 Lib/ICMP.o
 .text          0x00000000        0x0 Lib/TCP.o
 .bss           0x00000000        0x0 Lib/TCP.o
 .text          0x00000000        0x0 Lib/UDP.o
 .data          0x00000000        0x0 Lib/UDP.o
 .bss           0x00000000        0x0 Lib/UDP.o
 .text          0x00000000        0x0 Lib/DHCP.o
 .data          0x00000000        0x0 Lib/DHCP.o
 .bss           0x00000000        0x0 Lib/DHCP.o
 .text          0x00000000        0x0 Lib/ARP.o
 .data          0x00000000        0x0 Lib/ARP.o
 .bss           0x00000000        0x0 Lib/ARP.o
 .text          0x00000000        0x0 Lib/IP.o
 .data          0x00000000        0x0 Lib/IP.o
[...]
Memory Configuration

Name             Origin             Length             Attributes
text             0x00000000         0x00020000         xr
data             0x00800060         0x0000ffa0         rw !x
eeprom           0x00810000         0x00010000         rw !x
fuse             0x00820000         0x00000400         rw !x
lock             0x00830000         0x00000400         rw !x
signature        0x00840000         0x00000400         rw !x
*default*        0x00000000         0xffffffff

Linker script and memory map

Address of section .data set to 0x800100
LOAD c:/winavr-20100110/bin/../lib/gcc/avr/4.3.3/../../../../avr/lib/avr51/crtusb1287.o
LOAD RNDISEthernet.o
LOAD Descriptors.o
LOAD Lib/Ethernet.o
LOAD Lib/ProtocolDecoders.o
LOAD Lib/ICMP.o
LOAD Lib/TCP.o
LOAD Lib/UDP.o
LOAD Lib/DHCP.o
LOAD Lib/ARP.o
LOAD Lib/IP.o
LOAD Lib/Webserver.o
LOAD ../../../../LUFA/Drivers/USB/Core/AVR8/Device_AVR8.o
LOAD ../../../../LUFA/Drivers/USB/Core/AVR8/Endpoint_AVR8.o
LOAD ../../../../LUFA/Drivers/USB/Core/AVR8/Host_AVR8.o
LOAD ../../../../LUFA/Drivers/USB/Core/AVR8/Pipe_AVR8.o
LOAD ../../../../LUFA/Drivers/USB/Core/AVR8/USBController_AVR8.o
LOAD ../../../../LUFA/Drivers/USB/Core/AVR8/USBInterrupt_AVR8.o
LOAD ../../../../LUFA/Drivers/USB/Core/AVR8/EndpointStream_AVR8.o
LOAD ../../../../LUFA/Drivers/USB/Core/AVR8/PipeStream_AVR8.o
LOAD ../../../../LUFA/Drivers/USB/Core/ConfigDescriptor.o
LOAD ../../../../LUFA/Drivers/USB/Core/DeviceStandardReq.o
LOAD ../../../../LUFA/Drivers/USB/Core/Events.o
LOAD ../../../../LUFA/Drivers/USB/Core/HostStandardReq.o
LOAD ../../../../LUFA/Drivers/USB/Core/USBTask.o
LOAD ../../../../LUFA/Drivers/USB/Class/Common/HIDParser.o
LOAD ../../../../LUFA/Drivers/USB/Class/Device/AudioClassDevice.o
LOAD ../../../../LUFA/Drivers/USB/Class/Device/CDCClassDevice.o
LOAD ../../../../LUFA/Drivers/USB/Class/Device/HIDClassDevice.o
LOAD ../../../../LUFA/Drivers/USB/Class/Device/MassStorageClassDevice.o
LOAD ../../../../LUFA/Drivers/USB/Class/Device/MIDIClassDevice.o
LOAD ../../../../LUFA/Drivers/USB/Class/Device/RNDISClassDevice.o
LOAD ../../../../LUFA/Drivers/USB/Class/Host/AndroidAccessoryClassHost.o
LOAD ../../../../LUFA/Drivers/USB/Class/Host/AudioClassHost.o
LOAD ../../../../LUFA/Drivers/USB/Class/Host/CDCClassHost.o
LOAD ../../../../LUFA/Drivers/USB/Class/Host/HIDClassHost.o
LOAD ../../../../LUFA/Drivers/USB/Class/Host/MassStorageClassHost.o
LOAD ../../../../LUFA/Drivers/USB/Class/Host/MIDIClassHost.o
LOAD ../../../../LUFA/Drivers/USB/Class/Host/PrinterClassHost.o
LOAD ../../../../LUFA/Drivers/USB/Class/Host/RNDISClassHost.o
LOAD ../../../../LUFA/Drivers/USB/Class/Host/StillImageClassHost.o
LOAD ../../../../LUFA/Drivers/Peripheral/AVR8/Serial_AVR8.o
LOAD c:/winavr-20100110/bin/../lib/gcc/avr/4.3.3/../../../../avr/lib/avr51\libm.a
LOAD c:/winavr-20100110/bin/../lib/gcc/avr/4.3.3/avr51\libgcc.a
LOAD c:/winavr-20100110/bin/../lib/gcc/avr/4.3.3/../../../../avr/lib/avr51\libc.a
LOAD c:/winavr-20100110/bin/../lib/gcc/avr/4.3.3/avr51\libgcc.a

.hash
 *(.hash)

.dynsym
 *(.dynsym)

.dynstr
 *(.dynstr)

.gnu.version
 *(.gnu.version)

.gnu.version_d
 *(.gnu.version_d)

.gnu.version_r
 *(.gnu.version_r)

.rel.init
 *(.rel.init)

.rela.init
 *(.rela.init)

.rel.text
 *(.rel.text)
 *(.rel.text.*)
 *(.rel.gnu.linkonce.t*)

.rela.text
 *(.rela.text)
 *(.rela.text.*)
 *(.rela.gnu.linkonce.t*)

.rel.fini
 *(.rel.fini)

.rela.fini
 *(.rela.fini)

.rel.rodata
 *(.rel.rodata)
 *(.rel.rodata.*)
 *(.rel.gnu.linkonce.r*)

.rela.rodata
 *(.rela.rodata)
 *(.rela.rodata.*)
 *(.rela.gnu.linkonce.r*)

.rel.data
 *(.rel.data)
 *(.rel.data.*)
 *(.rel.gnu.linkonce.d*)

.rela.data
 *(.rela.data)
 *(.rela.data.*)
 *(.rela.gnu.linkonce.d*)

.rel.ctors
 *(.rel.ctors)

.rela.ctors
 *(.rela.ctors)

.rel.dtors
 *(.rel.dtors)

.rela.dtors
 *(.rela.dtors)

.rel.got
 *(.rel.got)

.rela.got
 *(.rela.got)

.rel.bss
 *(.rel.bss)

.rela.bss
 *(.rela.bss)

.rel.plt
 *(.rel.plt)

.rela.plt
 *(.rela.plt)

.text           0x00000000     0x2e4e
 *(.vectors)
 .vectors       0x00000000       0x98 c:/winavr-20100110/bin/../lib/gcc/avr/4.3.3/../../../../avr/lib/avr51/crtusb1287.o
                0x00000000                __vectors
                0x00000000                __vector_default
 *(.vectors)
 *(.progmem.gcc*)
 *(.progmem*)
 .progmem.data  0x00000098       0x98 Descriptors.o
                0x000000ec                ManufacturerString
                0x000000e8                LanguageString
                0x00000098                DeviceDescriptor
                0x00000106                ProductString
                0x000000aa                ConfigurationDescriptor
 .progmem.data  0x00000130      0x286 Lib/Webserver.o
                0x00000130                HTTP200Header
                0x00000184                HTTP404Header
                0x000001c6                HTTPPage
 .progmem.data  0x000003b6       0x6c ../../../../LUFA/Drivers/USB/Class/Device/RNDISClassDevice.o
                0x00000422                . = ALIGN (0x2)
                0x00000422                __trampolines_start = .
 *(.trampolines)
 .trampolines   0x00000422        0x0 linker stubs
 *(.trampolines*)
                0x00000422                __trampolines_end = .
 *(.jumptables)
 *(.jumptables*)
 *(.lowtext)
 *(.lowtext*)
                0x00000422                __ctors_start = .
 *(.ctors)
                0x00000422                __ctors_end = .
                0x00000422                __dtors_start = .
 *(.dtors)
                0x00000422                __dtors_end = .
 SORT(*)(.ctors)
 SORT(*)(.dtors)
 *(.init0)
 .init0         0x00000422        0x0 c:/winavr-20100110/bin/../lib/gcc/avr/4.3.3/../../../../avr/lib/avr51/crtusb1287.o
                0x00000422                __init
 *(.init0)
 *(.init1)
 *(.init1)
 *(.init2)
 .init2         0x00000422        0xc c:/winavr-20100110/bin/../lib/gcc/avr/4.3.3/../../../../avr/lib/avr51/crtusb1287.o
 *(.init2)
 *(.init3)
 *(.init3)
 *(.init4)
 .init4         0x0000042e       0x1a c:/winavr-20100110/bin/../lib/gcc/avr/4.3.3/../../../../avr/lib/avr51/crtusb1287.o
                0x0000042e                __do_copy_data
 .init4         0x00000448       0x10 c:/winavr-20100110/bin/../lib/gcc/avr/4.3.3/avr51\libgcc.a(_clear_bss.o)
                0x00000448                __do_clear_bss
 *(.init4)
 *(.init5)
 *(.init5)
 *(.init6)
 *(.init6)
 *(.init7)
 *(.init7)
 *(.init8)
 *(.init8)
 *(.init9)
 .init9         0x00000458        0x6 c:/winavr-20100110/bin/../lib/gcc/avr/4.3.3/../../../../avr/lib/avr51/crtusb1287.o
 *(.init9)
 *(.text)
 .text          0x0000045e        0x2 c:/winavr-20100110/bin/../lib/gcc/avr/4.3.3/../../../../avr/lib/avr51/crtusb1287.o
                0x0000045e                __vector_22
                0x0000045e                __vector_28
                0x0000045e                __vector_1
                0x0000045e                __vector_32
                0x0000045e                __vector_34
                0x0000045e                __vector_24
                0x0000045e                __vector_12
                0x0000045e                __bad_interrupt
                0x0000045e                __vector_6
                0x0000045e                __vector_31
                0x0000045e                __vector_35
                0x0000045e                __vector_3
                0x0000045e                __vector_23
                0x0000045e                __vector_30
                0x0000045e                __vector_25
                0x0000045e                __vector_11
                0x0000045e                __vector_13
                0x0000045e                __vector_17
                0x0000045e                __vector_19
                0x0000045e                __vector_7
                0x0000045e                __vector_27
                0x0000045e                __vector_5
                0x0000045e                __vector_33
                0x0000045e                __vector_37
                0x0000045e                __vector_4
                0x0000045e                __vector_9
                0x0000045e                __vector_2
                0x0000045e                __vector_21
                0x0000045e                __vector_15
                0x0000045e                __vector_36
                0x0000045e                __vector_29
                0x0000045e                __vector_8
                0x0000045e                __vector_26
                0x0000045e                __vector_14
                0x0000045e                __vector_16
                0x0000045e                __vector_18
                0x0000045e                __vector_20
                0x00000460                . = ALIGN (0x2)
 *(.text.*)
 .text.EVENT_USB_Device_Connect
                0x00000460        0xa RNDISEthernet.o
                0x00000460                EVENT_USB_Device_Connect
 .text.EVENT_USB_Device_Disconnect
                0x0000046a        0xa RNDISEthernet.o
                0x0000046a                EVENT_USB_Device_Disconnect
 .text.EVENT_USB_Device_ControlRequest
                0x00000474        0x8 RNDISEthernet.o
                0x00000474                EVENT_USB_Device_ControlRequest
 .text.EVENT_USB_Device_ConfigurationChanged
                0x0000047c       0x1c RNDISEthernet.o
                0x0000047c                EVENT_USB_Device_ConfigurationChanged
 .text.SetupHardware
                0x00000498       0x60 RNDISEthernet.o
                0x00000498                SetupHardware
 .text.main     0x000004f8       0x82 RNDISEthernet.o
                0x000004f8                main
 .text.CALLBACK_USB_GetDescriptor
                0x0000057a       0x5c Descriptors.o
                0x0000057a                CALLBACK_USB_GetDescriptor
 .text.Ethernet_Checksum16
                0x000005d6       0x64 Lib/Ethernet.o
                0x000005d6                Ethernet_Checksum16
 .text.Ethernet_ProcessPacket
                0x0000063a       0xe6 Lib/Ethernet.o
                0x0000063a                Ethernet_ProcessPacket
 .text.DecodeEthernetFrameHeader
                0x00000720        0x2 Lib/ProtocolDecoders.o
                0x00000720                DecodeEthernetFrameHeader
 .text.DecodeARPHeader
                0x00000722        0x2 Lib/ProtocolDecoders.o
                0x00000722                DecodeARPHeader
 .text.DecodeIPHeader
                0x00000724        0x2 Lib/ProtocolDecoders.o
                0x00000724                DecodeIPHeader
 .text.DecodeICMPHeader
                0x00000726        0x2 Lib/ProtocolDecoders.o
                0x00000726                DecodeICMPHeader
 .text.DecodeTCPHeader
                0x00000728        0x2 Lib/ProtocolDecoders.o
                0x00000728                DecodeTCPHeader
 .text.DecodeUDPHeader
                0x0000072a        0x2 Lib/ProtocolDecoders.o
                0x0000072a                DecodeUDPHeader
 .text.DecodeDHCPHeader
                0x0000072c        0x2 Lib/ProtocolDecoders.o
                0x0000072c                DecodeDHCPHeader
 .text.ICMP_ProcessICMPPacket
                0x0000072e       0x8a Lib/ICMP.o
                0x0000072e                ICMP_ProcessICMPPacket
 .text.TCP_Init
                0x000007b8       0x14 Lib/TCP.o
                0x000007b8                TCP_Init
 .text.TCP_SetPortState
                0x000007cc       0x4a Lib/TCP.o
                0x000007cc                TCP_SetPortState
 .text.TCP_GetPortState
                0x00000816       0x18 Lib/TCP.o
                0x00000816                TCP_GetPortState
 .text.SwapEndian_32
                0x0000082e        0xc Lib/TCP.o
 .text.TCP_Checksum16
                0x0000083a      0x13a Lib/TCP.o
 .text.TCP_GetConnectionInfo
                0x00000974       0xd4 Lib/TCP.o
                0x00000974                TCP_GetConnectionInfo
 .text.TCP_GetConnectionState
                0x00000a48       0xd2 Lib/TCP.o
                0x00000a48                TCP_GetConnectionState
 .text.TCP_SetConnectionState
                0x00000b1a      0x154 Lib/TCP.o
                0x00000b1a                TCP_SetConnectionState
 .text.TCP_ProcessTCPPacket
                0x00000c6e      0x54a Lib/TCP.o
                0x00000c6e                TCP_ProcessTCPPacket
 .text.TCP_TCPTask
                0x000011b8      0x320 Lib/TCP.o
                0x000011b8                TCP_TCPTask
 .text.UDP_ProcessUDPPacket
                0x000014d8       0x74 Lib/UDP.o
                0x000014d8                UDP_ProcessUDPPacket
 .text.DHCP_ProcessDHCPPacket
                0x0000154c      0x1a8 Lib/DHCP.o
                0x0000154c                DHCP_ProcessDHCPPacket
 .text.ARP_ProcessARPPacket
                0x000016f4       0xfc Lib/ARP.o
                0x000016f4                ARP_ProcessARPPacket
 .text.IP_ProcessIPPacket
                0x000017f0      0x116 Lib/IP.o
                0x000017f0                IP_ProcessIPPacket
 .text.IsHTTPCommand
                0x00001906       0x20 Lib/Webserver.o
 .text.Webserver_ApplicationCallback
                0x00001926      0x1ac Lib/Webserver.o
                0x00001926                Webserver_ApplicationCallback
 .text.Webserver_Init
                0x00001ad2        0xe Lib/Webserver.o
                0x00001ad2                Webserver_Init
 .text.Endpoint_ConfigureEndpoint_Prv
                0x00001ae0       0x6a ../../../../LUFA/Drivers/USB/Core/AVR8/Endpoint_AVR8.o
                0x00001ae0                Endpoint_ConfigureEndpoint_Prv
 .text.Endpoint_ClearStatusStage
                0x00001b4a       0x42 ../../../../LUFA/Drivers/USB/Core/AVR8/Endpoint_AVR8.o
                0x00001b4a                Endpoint_ClearStatusStage
 .text.Endpoint_WaitUntilReady
                0x00001b8c       0x64 ../../../../LUFA/Drivers/USB/Core/AVR8/Endpoint_AVR8.o
                0x00001b8c                Endpoint_WaitUntilReady
 .text.USB_ResetInterface
                0x00001bf0       0x92 ../../../../LUFA/Drivers/USB/Core/AVR8/USBController_AVR8.o
                0x00001bf0                USB_ResetInterface
 .text.USB_Init
                0x00001c82       0x12 ../../../../LUFA/Drivers/USB/Core/AVR8/USBController_AVR8.o
                0x00001c82                USB_Init
 .text.USB_INT_DisableAllInterrupts
                0x00001c94       0x10 ../../../../LUFA/Drivers/USB/Core/AVR8/USBInterrupt_AVR8.o
                0x00001c94                USB_INT_DisableAllInterrupts
 .text.USB_INT_ClearAllInterrupts
                0x00001ca4        0xa ../../../../LUFA/Drivers/USB/Core/AVR8/USBInterrupt_AVR8.o
                0x00001ca4                USB_INT_ClearAllInterrupts
 .text.__vector_10
                0x00001cae      0x194 ../../../../LUFA/Drivers/USB/Core/AVR8/USBInterrupt_AVR8.o
                0x00001cae                __vector_10
 .text.Endpoint_Write_Control_Stream_LE
                0x00001e42       0xbc ../../../../LUFA/Drivers/USB/Core/AVR8/EndpointStream_AVR8.o
                0x00001e42                Endpoint_Write_Control_Stream_LE
 .text.Endpoint_Read_Control_Stream_LE
                0x00001efe       0x82 ../../../../LUFA/Drivers/USB/Core/AVR8/EndpointStream_AVR8.o
                0x00001efe                Endpoint_Read_Control_Stream_LE
 .text.Endpoint_Write_Control_PStream_LE
                0x00001f80       0xc2 ../../../../LUFA/Drivers/USB/Core/AVR8/EndpointStream_AVR8.o
                0x00001f80                Endpoint_Write_Control_PStream_LE
 .text.Endpoint_Read_Stream_LE
                0x00002042       0xa4 ../../../../LUFA/Drivers/USB/Core/AVR8/EndpointStream_AVR8.o
                0x00002042                Endpoint_Read_Stream_LE
 .text.Endpoint_Write_Stream_LE
                0x000020e6       0xa4 ../../../../LUFA/Drivers/USB/Core/AVR8/EndpointStream_AVR8.o
                0x000020e6                Endpoint_Write_Stream_LE
 .text.USB_Device_ProcessControlRequest
                0x0000218a      0x2dc ../../../../LUFA/Drivers/USB/Core/DeviceStandardReq.o
                0x0000218a                USB_Device_ProcessControlRequest
 .text.USB_Event_Stub
                0x00002466        0x2 ../../../../LUFA/Drivers/USB/Core/Events.o
                0x00002466                EVENT_USB_Device_WakeUp
                0x00002466                USB_Event_Stub
                0x00002466                EVENT_USB_Device_Suspend
                0x00002466                EVENT_USB_Device_StartOfFrame
                0x00002466                EVENT_USB_Device_Reset
 .text.USB_USBTask
                0x00002468       0x26 ../../../../LUFA/Drivers/USB/Core/USBTask.o
                0x00002468                USB_USBTask
 .text.RNDIS_Device_IsPacketReceived
                0x0000248e       0x34 ../../../../LUFA/Drivers/USB/Class/Device/RNDISClassDevice.o
                0x0000248e                RNDIS_Device_IsPacketReceived
 .text.RNDIS_Device_SendPacket
                0x000024c2       0xe2 ../../../../LUFA/Drivers/USB/Class/Device/RNDISClassDevice.o
                0x000024c2                RNDIS_Device_SendPacket
 .text.RNDIS_Device_USBTask
                0x000025a4       0x8a ../../../../LUFA/Drivers/USB/Class/Device/RNDISClassDevice.o
                0x000025a4                RNDIS_Device_USBTask
 .text.RNDIS_Device_ReadPacket
                0x0000262e       0xba ../../../../LUFA/Drivers/USB/Class/Device/RNDISClassDevice.o
                0x0000262e                RNDIS_Device_ReadPacket
 .text.RNDIS_Device_ConfigureEndpoints
                0x000026e8       0xa0 ../../../../LUFA/Drivers/USB/Class/Device/RNDISClassDevice.o
                0x000026e8                RNDIS_Device_ConfigureEndpoints
 .text.RNDIS_Device_ProcessControlRequest
                0x00002788      0x590 ../../../../LUFA/Drivers/USB/Class/Device/RNDISClassDevice.o
                0x00002788                RNDIS_Device_ProcessControlRequest
 .text.Serial_putchar
                0x00002d18       0x14 ../../../../LUFA/Drivers/Peripheral/AVR8/Serial_AVR8.o
                0x00002d18                Serial_putchar
 .text.Serial_getchar
                0x00002d2c       0x28 ../../../../LUFA/Drivers/Peripheral/AVR8/Serial_AVR8.o
                0x00002d2c                Serial_getchar
 .text.Serial_CreateStream
                0x00002d54       0x3c ../../../../LUFA/Drivers/Peripheral/AVR8/Serial_AVR8.o
                0x00002d54                Serial_CreateStream
 .text.avr-libc
                0x00002d90       0x12 c:/winavr-20100110/bin/../lib/gcc/avr/4.3.3/../../../../avr/lib/avr51\libc.a(memcpy_P.o)
                0x00002d90                memcpy_P
 .text.avr-libc
                0x00002da2        0xe c:/winavr-20100110/bin/../lib/gcc/avr/4.3.3/../../../../avr/lib/avr51\libc.a(strcpy_P.o)
                0x00002da2                strcpy_P
 .text.avr-libc
                0x00002db0       0x12 c:/winavr-20100110/bin/../lib/gcc/avr/4.3.3/../../../../avr/lib/avr51\libc.a(strlen_P.o)
                0x00002db0                strlen_P
 .text.avr-libc
                0x00002dc2       0x1e c:/winavr-20100110/bin/../lib/gcc/avr/4.3.3/../../../../avr/lib/avr51\libc.a(strncpy_P.o)
                0x00002dc2                strncpy_P
 .text.avr-libc
                0x00002de0       0x1a c:/winavr-20100110/bin/../lib/gcc/avr/4.3.3/../../../../avr/lib/avr51\libc.a(memcmp.o)
                0x00002de0                memcmp
 .text.avr-libc
                0x00002dfa       0x12 c:/winavr-20100110/bin/../lib/gcc/avr/4.3.3/../../../../avr/lib/avr51\libc.a(memcpy.o)
                0x00002dfa                memcpy
 .text.avr-libc
                0x00002e0c       0x22 c:/winavr-20100110/bin/../lib/gcc/avr/4.3.3/../../../../avr/lib/avr51\libc.a(memmove.o)
                0x00002e0c                memmove
 .text.avr-libc
                0x00002e2e       0x1c c:/winavr-20100110/bin/../lib/gcc/avr/4.3.3/../../../../avr/lib/avr51\libc.a(strncmp.o)
                0x00002e2e                strncmp
                0x00002e4a                . = ALIGN (0x2)
 *(.fini9)
 .fini9         0x00002e4a        0x0 c:/winavr-20100110/bin/../lib/gcc/avr/4.3.3/avr51\libgcc.a(_exit.o)
                0x00002e4a                exit
                0x00002e4a                _exit
 *(.fini9)
 *(.fini8)
 *(.fini8)
 *(.fini7)
 *(.fini7)
 *(.fini6)
 *(.fini6)
 *(.fini5)
 *(.fini5)
 *(.fini4)
 *(.fini4)
 *(.fini3)
 *(.fini3)
 *(.fini2)
 *(.fini2)
 *(.fini1)
 *(.fini1)
 *(.fini0)
 .fini0         0x00002e4a        0x4 c:/winavr-20100110/bin/../lib/gcc/avr/4.3.3/avr51\libgcc.a(_exit.o)
 *(.fini0)
                0x00002e4e                _etext = .

.data           0x00800100       0xf8 load address 0x00002e4e
                0x00800100                PROVIDE (__data_start, .)
 *(.data)
 .data          0x00800100       0xb3 RNDISEthernet.o
                0x00800118                Ethernet_RNDIS_Interface
 .data          0x008001b3       0x18 Lib/Ethernet.o
                0x008001b3                ServerMACAddress
                0x008001c7                ClientIPAddress
                0x008001bd                BroadcastMACAddress
                0x008001b9                ServerIPAddress
                0x008001c3                BroadcastIPAddress
 .data          0x008001cb        0x6 Lib/TCP.o
 .data          0x008001d1       0x1e Lib/Webserver.o
 .data          0x008001ef        0x8 ../../../../LUFA/Drivers/USB/Class/Device/RNDISClassDevice.o
 *(.data*)
 *(.rodata)
 *(.rodata*)
 *(.gnu.linkonce.d*)
                0x008001f8                . = ALIGN (0x2)
 *fill*         0x008001f7        0x1 00
                0x008001f8                _edata = .
                0x008001f8                PROVIDE (__data_end, .)

.bss            0x008001f8     0x1225
                0x008001f8                PROVIDE (__bss_start, .)
 *(.bss)
 .bss           0x008001f8      0xbbc RNDISEthernet.o
 .bss           0x00800db4        0x1 Lib/Webserver.o
 *(.bss*)
 *(COMMON)
 COMMON         0x00800db5      0x647 Lib/TCP.o
                0x00800db5                ConnectionStateTable
                0x008013f7                PortStateTable
 COMMON         0x008013fc        0x3 ../../../../LUFA/Drivers/USB/Core/DeviceStandardReq.o
                0x008013fc                USB_Device_ConfigurationNumber
                0x008013fd                USB_Device_CurrentlySelfPowered
                0x008013fe                USB_Device_RemoteWakeupEnabled
 COMMON         0x008013ff        0xa ../../../../LUFA/Drivers/USB/Core/USBTask.o
                0x008013ff                USB_IsInitialized
                0x00801400                USB_DeviceState
                0x00801401                USB_ControlRequest
 COMMON         0x00801409        0xe ../../../../LUFA/Drivers/Peripheral/AVR8/Serial_AVR8.o
                0x00801409                USARTSerialStream
 COMMON         0x00801417        0x6 c:/winavr-20100110/bin/../lib/gcc/avr/4.3.3/../../../../avr/lib/avr51\libc.a(iob.o)
                0x00801417                __iob
                0x0080141d                PROVIDE (__bss_end, .)
                0x00002e4e                __data_load_start = LOADADDR (.data)
                0x00002f46                __data_load_end = (__data_load_start + SIZEOF (.data))

.noinit         0x0080141d        0x0
                0x0080141d                PROVIDE (__noinit_start, .)
 *(.noinit*)
                0x0080141d                PROVIDE (__noinit_end, .)
                0x0080141d                _end = .
                0x0080141d                PROVIDE (__heap_start, .)

.eeprom         0x00810000        0x0
 *(.eeprom*)
                0x00810000                __eeprom_end = .

.fuse
 *(.fuse)
 *(.lfuse)
 *(.hfuse)
 *(.efuse)

.lock
 *(.lock*)

.signature
 *(.signature*)

.stab
 *(.stab)

.stabstr
 *(.stabstr)

.stab.excl
 *(.stab.excl)

.stab.exclstr
 *(.stab.exclstr)

.stab.index
 *(.stab.index)

.stab.indexstr
 *(.stab.indexstr)

.comment
 *(.comment)

.debug
 *(.debug)

.line
 *(.line)

.debug_srcinfo
 *(.debug_srcinfo)

.debug_sfnames
 *(.debug_sfnames)

.debug_aranges  0x00000000      0x670
 *(.debug_aranges)
 .debug_aranges
                0x00000000       0x48 RNDISEthernet.o
 .debug_aranges
                0x00000048       0x20 Descriptors.o
 .debug_aranges
                0x00000068       0x28 Lib/Ethernet.o
 .debug_aranges
                0x00000090       0x50 Lib/ProtocolDecoders.o
 .debug_aranges
                0x000000e0       0x20 Lib/ICMP.o
 .debug_aranges
                0x00000100       0x68 Lib/TCP.o
 .debug_aranges
                0x00000168       0x20 Lib/UDP.o
 .debug_aranges
                0x00000188       0x20 Lib/DHCP.o
 .debug_aranges
                0x000001a8       0x20 Lib/ARP.o
 .debug_aranges
                0x000001c8       0x20 Lib/IP.o
 .debug_aranges
                0x000001e8       0x30 Lib/Webserver.o
 .debug_aranges
                0x00000218       0x20 ../../../../LUFA/Drivers/USB/Core/AVR8/Device_AVR8.o
 .debug_aranges
                0x00000238       0x38 ../../../../LUFA/Drivers/USB/Core/AVR8/Endpoint_AVR8.o
 .debug_aranges
                0x00000270       0x30 ../../../../LUFA/Drivers/USB/Core/AVR8/USBController_AVR8.o
 .debug_aranges
                0x000002a0       0x30 ../../../../LUFA/Drivers/USB/Core/AVR8/USBInterrupt_AVR8.o
 .debug_aranges
                0x000002d0       0xc8 ../../../../LUFA/Drivers/USB/Core/AVR8/EndpointStream_AVR8.o
 .debug_aranges
                0x00000398       0x38 ../../../../LUFA/Drivers/USB/Core/ConfigDescriptor.o
 .debug_aranges
                0x000003d0       0x20 ../../../../LUFA/Drivers/USB/Core/DeviceStandardReq.o
 .debug_aranges
                0x000003f0       0x20 ../../../../LUFA/Drivers/USB/Core/Events.o
 .debug_aranges
                0x00000410       0x20 ../../../../LUFA/Drivers/USB/Core/USBTask.o
 .debug_aranges
                0x00000430       0x38 ../../../../LUFA/Drivers/USB/Class/Common/HIDParser.o
 .debug_aranges
                0x00000468       0x30 ../../../../LUFA/Drivers/USB/Class/Device/AudioClassDevice.o
 .debug_aranges
                0x00000498       0x98 ../../../../LUFA/Drivers/USB/Class/Device/CDCClassDevice.o
 .debug_aranges
                0x00000530       0x30 ../../../../LUFA/Drivers/USB/Class/Device/HIDClassDevice.o
 .debug_aranges
                0x00000560       0x30 ../../../../LUFA/Drivers/USB/Class/Device/MassStorageClassDevice.o
 .debug_aranges
                0x00000590       0x40 ../../../../LUFA/Drivers/USB/Class/Device/MIDIClassDevice.o
 .debug_aranges
                0x000005d0       0x48 ../../../../LUFA/Drivers/USB/Class/Device/RNDISClassDevice.o
 .debug_aranges
                0x00000618       0x58 ../../../../LUFA/Drivers/Peripheral/AVR8/Serial_AVR8.o

.debug_pubnames
                0x00000000     0x10cd
 *(.debug_pubnames)
 .debug_pubnames
                0x00000000       0xd5 RNDISEthernet.o
 .debug_pubnames
                0x000000d5       0x9e Descriptors.o
 .debug_pubnames
                0x00000173       0xb1 Lib/Ethernet.o
 .debug_pubnames
                0x00000224       0xa9 Lib/ProtocolDecoders.o
 .debug_pubnames
                0x000002cd       0x2d Lib/ICMP.o
 .debug_pubnames
                0x000002fa       0xee Lib/TCP.o
 .debug_pubnames
                0x000003e8       0x2b Lib/UDP.o
 .debug_pubnames
                0x00000413       0x2d Lib/DHCP.o
 .debug_pubnames
                0x00000440       0x2b Lib/ARP.o
 .debug_pubnames
                0x0000046b       0x29 Lib/IP.o
 .debug_pubnames
                0x00000494       0x78 Lib/Webserver.o
 .debug_pubnames
                0x0000050c       0x32 ../../../../LUFA/Drivers/USB/Core/AVR8/Device_AVR8.o
 .debug_pubnames
                0x0000053e       0x8b ../../../../LUFA/Drivers/USB/Core/AVR8/Endpoint_AVR8.o
 .debug_pubnames
                0x000005c9       0x46 ../../../../LUFA/Drivers/USB/Core/AVR8/USBController_AVR8.o
 .debug_pubnames
                0x0000060f       0x62 ../../../../LUFA/Drivers/USB/Core/AVR8/USBInterrupt_AVR8.o
 .debug_pubnames
                0x00000671      0x2df ../../../../LUFA/Drivers/USB/Core/AVR8/EndpointStream_AVR8.o
 .debug_pubnames
                0x00000950       0x9b ../../../../LUFA/Drivers/USB/Core/ConfigDescriptor.o
 .debug_pubnames
                0x000009eb       0xa1 ../../../../LUFA/Drivers/USB/Core/DeviceStandardReq.o
 .debug_pubnames
                0x00000a8c       0x25 ../../../../LUFA/Drivers/USB/Core/Events.o
 .debug_pubnames
                0x00000ab1       0x63 ../../../../LUFA/Drivers/USB/Core/USBTask.o
 .debug_pubnames
                0x00000b14       0x7e ../../../../LUFA/Drivers/USB/Class/Common/HIDParser.o
 .debug_pubnames
                0x00000b92       0x79 ../../../../LUFA/Drivers/USB/Class/Device/AudioClassDevice.o
 .debug_pubnames
                0x00000c0b      0x18b ../../../../LUFA/Drivers/USB/Class/Device/CDCClassDevice.o
 .debug_pubnames
                0x00000d96       0x70 ../../../../LUFA/Drivers/USB/Class/Device/HIDClassDevice.o
 .debug_pubnames
                0x00000e06       0x6d ../../../../LUFA/Drivers/USB/Class/Device/MassStorageClassDevice.o
 .debug_pubnames
                0x00000e73       0xa6 ../../../../LUFA/Drivers/USB/Class/Device/MIDIClassDevice.o
 .debug_pubnames
                0x00000f19       0xd0 ../../../../LUFA/Drivers/USB/Class/Device/RNDISClassDevice.o
 .debug_pubnames
                0x00000fe9       0xe4 ../../../../LUFA/Drivers/Peripheral/AVR8/Serial_AVR8.o

.debug_info     0x00000000     0xa757
 *(.debug_info)
 .debug_info    0x00000000      0x48a RNDISEthernet.o
 .debug_info    0x0000048a      0x68d Descriptors.o
 .debug_info    0x00000b17      0x3bb Lib/Ethernet.o
 .debug_info    0x00000ed2      0x1c2 Lib/ProtocolDecoders.o
 .debug_info    0x00001094      0x1d8 Lib/ICMP.o
 .debug_info    0x0000126c      0xc89 Lib/TCP.o
 .debug_info    0x00001ef5      0x20b Lib/UDP.o
 .debug_info    0x00002100      0x3e3 Lib/DHCP.o
 .debug_info    0x000024e3      0x2f8 Lib/ARP.o
 .debug_info    0x000027db      0x304 Lib/IP.o
 .debug_info    0x00002adf      0x420 Lib/Webserver.o
 .debug_info    0x00002eff       0xc4 ../../../../LUFA/Drivers/USB/Core/AVR8/Device_AVR8.o
 .debug_info    0x00002fc3      0x449 ../../../../LUFA/Drivers/USB/Core/AVR8/Endpoint_AVR8.o
 .debug_info    0x0000340c        0x0 ../../../../LUFA/Drivers/USB/Core/AVR8/Host_AVR8.o
 .debug_info    0x0000340c        0x0 ../../../../LUFA/Drivers/USB/Core/AVR8/Pipe_AVR8.o
 .debug_info    0x0000340c      0x496 ../../../../LUFA/Drivers/USB/Core/AVR8/USBController_AVR8.o
 .debug_info    0x000038a2      0x56d ../../../../LUFA/Drivers/USB/Core/AVR8/USBInterrupt_AVR8.o
 .debug_info    0x00003e0f     0x157b ../../../../LUFA/Drivers/USB/Core/AVR8/EndpointStream_AVR8.o
 .debug_info    0x0000538a        0x0 ../../../../LUFA/Drivers/USB/Core/AVR8/PipeStream_AVR8.o
 .debug_info    0x0000538a      0x34b ../../../../LUFA/Drivers/USB/Core/ConfigDescriptor.o
 .debug_info    0x000056d5      0x9ed ../../../../LUFA/Drivers/USB/Core/DeviceStandardReq.o
 .debug_info    0x000060c2       0x79 ../../../../LUFA/Drivers/USB/Core/Events.o
 .debug_info    0x0000613b        0x0 ../../../../LUFA/Drivers/USB/Core/HostStandardReq.o
 .debug_info    0x0000613b      0x23b ../../../../LUFA/Drivers/USB/Core/USBTask.o
 .debug_info    0x00006376      0x6ec ../../../../LUFA/Drivers/USB/Class/Common/HIDParser.o
 .debug_info    0x00006a62      0x654 ../../../../LUFA/Drivers/USB/Class/Device/AudioClassDevice.o
 .debug_info    0x000070b6      0xd1b ../../../../LUFA/Drivers/USB/Class/Device/CDCClassDevice.o
 .debug_info    0x00007dd1      0x6d9 ../../../../LUFA/Drivers/USB/Class/Device/HIDClassDevice.o
 .debug_info    0x000084aa      0x906 ../../../../LUFA/Drivers/USB/Class/Device/MassStorageClassDevice.o
 .debug_info    0x00008db0      0x5d2 ../../../../LUFA/Drivers/USB/Class/Device/MIDIClassDevice.o
 .debug_info    0x00009382      0xfac ../../../../LUFA/Drivers/USB/Class/Device/RNDISClassDevice.o
 .debug_info    0x0000a32e        0x0 ../../../../LUFA/Drivers/USB/Class/Host/AndroidAccessoryClassHost.o
 .debug_info    0x0000a32e        0x0 ../../../../LUFA/Drivers/USB/Class/Host/AudioClassHost.o
 .debug_info    0x0000a32e        0x0 ../../../../LUFA/Drivers/USB/Class/Host/CDCClassHost.o
 .debug_info    0x0000a32e        0x0 ../../../../LUFA/Drivers/USB/Class/Host/HIDClassHost.o
 .debug_info    0x0000a32e        0x0 ../../../../LUFA/Drivers/USB/Class/Host/MassStorageClassHost.o
 .debug_info    0x0000a32e        0x0 ../../../../LUFA/Drivers/USB/Class/Host/MIDIClassHost.o
 .debug_info    0x0000a32e        0x0 ../../../../LUFA/Drivers/USB/Class/Host/PrinterClassHost.o
 .debug_info    0x0000a32e        0x0 ../../../../LUFA/Drivers/USB/Class/Host/RNDISClassHost.o
 .debug_info    0x0000a32e        0x0 ../../../../LUFA/Drivers/USB/Class/Host/StillImageClassHost.o
 .debug_info    0x0000a32e      0x429 ../../../../LUFA/Drivers/Peripheral/AVR8/Serial_AVR8.o
 *(.gnu.linkonce.wi.*)

.debug_abbrev   0x00000000     0x2de2
 *(.debug_abbrev)
 .debug_abbrev  0x00000000      0x1b1 RNDISEthernet.o
 .debug_abbrev  0x000001b1      0x154 Descriptors.o
 .debug_abbrev  0x00000305      0x1b0 Lib/Ethernet.o
 .debug_abbrev  0x000004b5       0x87 Lib/ProtocolDecoders.o
 .debug_abbrev  0x0000053c       0xf9 Lib/ICMP.o
 .debug_abbrev  0x00000635      0x281 Lib/TCP.o
 .debug_abbrev  0x000008b6      0x152 Lib/UDP.o
 .debug_abbrev  0x00000a08      0x14e Lib/DHCP.o
 .debug_abbrev  0x00000b56      0x165 Lib/ARP.o
 .debug_abbrev  0x00000cbb      0x164 Lib/IP.o
 .debug_abbrev  0x00000e1f      0x1a6 Lib/Webserver.o
 .debug_abbrev  0x00000fc5       0x79 ../../../../LUFA/Drivers/USB/Core/AVR8/Device_AVR8.o
 .debug_abbrev  0x0000103e      0x1a1 ../../../../LUFA/Drivers/USB/Core/AVR8/Endpoint_AVR8.o
 .debug_abbrev  0x000011df        0x1 ../../../../LUFA/Drivers/USB/Core/AVR8/Host_AVR8.o
 .debug_abbrev  0x000011e0        0x1 ../../../../LUFA/Drivers/USB/Core/AVR8/Pipe_AVR8.o
 .debug_abbrev  0x000011e1      0x15a ../../../../LUFA/Drivers/USB/Core/AVR8/USBController_AVR8.o
 .debug_abbrev  0x0000133b      0x176 ../../../../LUFA/Drivers/USB/Core/AVR8/USBInterrupt_AVR8.o
 .debug_abbrev  0x000014b1      0x1aa ../../../../LUFA/Drivers/USB/Core/AVR8/EndpointStream_AVR8.o
 .debug_abbrev  0x0000165b        0x1 ../../../../LUFA/Drivers/USB/Core/AVR8/PipeStream_AVR8.o
 .debug_abbrev  0x0000165c      0x15c ../../../../LUFA/Drivers/USB/Core/ConfigDescriptor.o
 .debug_abbrev  0x000017b8      0x22d ../../../../LUFA/Drivers/USB/Core/DeviceStandardReq.o
 .debug_abbrev  0x000019e5       0x4a ../../../../LUFA/Drivers/USB/Core/Events.o
 .debug_abbrev  0x00001a2f        0x1 ../../../../LUFA/Drivers/USB/Core/HostStandardReq.o
 .debug_abbrev  0x00001a30      0x15d ../../../../LUFA/Drivers/USB/Core/USBTask.o
 .debug_abbrev  0x00001b8d      0x1e7 ../../../../LUFA/Drivers/USB/Class/Common/HIDParser.o
 .debug_abbrev  0x00001d74      0x1ea ../../../../LUFA/Drivers/USB/Class/Device/AudioClassDevice.o
 .debug_abbrev  0x00001f5e      0x347 ../../../../LUFA/Drivers/USB/Class/Device/CDCClassDevice.o
 .debug_abbrev  0x000022a5      0x21e ../../../../LUFA/Drivers/USB/Class/Device/HIDClassDevice.o
 .debug_abbrev  0x000024c3      0x24f ../../../../LUFA/Drivers/USB/Class/Device/MassStorageClassDevice.o
 .debug_abbrev  0x00002712      0x20b ../../../../LUFA/Drivers/USB/Class/Device/MIDIClassDevice.o
 .debug_abbrev  0x0000291d      0x2d9 ../../../../LUFA/Drivers/USB/Class/Device/RNDISClassDevice.o
 .debug_abbrev  0x00002bf6        0x1 ../../../../LUFA/Drivers/USB/Class/Host/AndroidAccessoryClassHost.o
 .debug_abbrev  0x00002bf7        0x1 ../../../../LUFA/Drivers/USB/Class/Host/AudioClassHost.o
 .debug_abbrev  0x00002bf8        0x1 ../../../../LUFA/Drivers/USB/Class/Host/CDCClassHost.o
 .debug_abbrev  0x00002bf9        0x1 ../../../../LUFA/Drivers/USB/Class/Host/HIDClassHost.o
 .debug_abbrev  0x00002bfa        0x1 ../../../../LUFA/Drivers/USB/Class/Host/MassStorageClassHost.o
 .debug_abbrev  0x00002bfb        0x1 ../../../../LUFA/Drivers/USB/Class/Host/MIDIClassHost.o
 .debug_abbrev  0x00002bfc        0x1 ../../../../LUFA/Drivers/USB/Class/Host/PrinterClassHost.o
 .debug_abbrev  0x00002bfd        0x1 ../../../../LUFA/Drivers/USB/Class/Host/RNDISClassHost.o
 .debug_abbrev  0x00002bfe        0x1 ../../../../LUFA/Drivers/USB/Class/Host/StillImageClassHost.o
 .debug_abbrev  0x00002bff      0x1e3 ../../../../LUFA/Drivers/Peripheral/AVR8/Serial_AVR8.o

.debug_line     0x00000000     0x7f0d
 *(.debug_line)
 .debug_line    0x00000000      0x3ef RNDISEthernet.o
 .debug_line    0x000003ef      0x1e0 Descriptors.o
 .debug_line    0x000005cf      0x279 Lib/Ethernet.o
 .debug_line    0x00000848      0x179 Lib/ProtocolDecoders.o
 .debug_line    0x000009c1      0x147 Lib/ICMP.o
 .debug_line    0x00000b08      0x805 Lib/TCP.o
 .debug_line    0x0000130d      0x182 Lib/UDP.o
 .debug_line    0x0000148f      0x253 Lib/DHCP.o
 .debug_line    0x000016e2      0x253 Lib/ARP.o
 .debug_line    0x00001935      0x1db Lib/IP.o
 .debug_line    0x00001b10      0x239 Lib/Webserver.o
 .debug_line    0x00001d49      0x133 ../../../../LUFA/Drivers/USB/Core/AVR8/Device_AVR8.o
 .debug_line    0x00001e7c      0x494 ../../../../LUFA/Drivers/USB/Core/AVR8/Endpoint_AVR8.o
 .debug_line    0x00002310       0x24 ../../../../LUFA/Drivers/USB/Core/AVR8/Host_AVR8.o
 .debug_line    0x00002334       0x24 ../../../../LUFA/Drivers/USB/Core/AVR8/Pipe_AVR8.o
 .debug_line    0x00002358      0x36d ../../../../LUFA/Drivers/USB/Core/AVR8/USBController_AVR8.o
 .debug_line    0x000026c5      0x54e ../../../../LUFA/Drivers/USB/Core/AVR8/USBInterrupt_AVR8.o
 .debug_line    0x00002c13     0x17dd ../../../../LUFA/Drivers/USB/Core/AVR8/EndpointStream_AVR8.o
 .debug_line    0x000043f0       0x24 ../../../../LUFA/Drivers/USB/Core/AVR8/PipeStream_AVR8.o
 .debug_line    0x00004414      0x24a ../../../../LUFA/Drivers/USB/Core/ConfigDescriptor.o
 .debug_line    0x0000465e      0x5e1 ../../../../LUFA/Drivers/USB/Core/DeviceStandardReq.o
 .debug_line    0x00004c3f       0x86 ../../../../LUFA/Drivers/USB/Core/Events.o
 .debug_line    0x00004cc5       0x24 ../../../../LUFA/Drivers/USB/Core/HostStandardReq.o
 .debug_line    0x00004ce9      0x1bd ../../../../LUFA/Drivers/USB/Core/USBTask.o
 .debug_line    0x00004ea6      0x57a ../../../../LUFA/Drivers/USB/Class/Common/HIDParser.o
 .debug_line    0x00005420      0x510 ../../../../LUFA/Drivers/USB/Class/Device/AudioClassDevice.o
 .debug_line    0x00005930      0x98a ../../../../LUFA/Drivers/USB/Class/Device/CDCClassDevice.o
 .debug_line    0x000062ba      0x5be ../../../../LUFA/Drivers/USB/Class/Device/HIDClassDevice.o
 .debug_line    0x00006878      0x635 ../../../../LUFA/Drivers/USB/Class/Device/MassStorageClassDevice.o
 .debug_line    0x00006ead      0x45f ../../../../LUFA/Drivers/USB/Class/Device/MIDIClassDevice.o
 .debug_line    0x0000730c      0x7a0 ../../../../LUFA/Drivers/USB/Class/Device/RNDISClassDevice.o
 .debug_line    0x00007aac       0x24 ../../../../LUFA/Drivers/USB/Class/Host/AndroidAccessoryClassHost.o
 .debug_line    0x00007ad0       0x24 ../../../../LUFA/Drivers/USB/Class/Host/AudioClassHost.o
 .debug_line    0x00007af4       0x24 ../../../../LUFA/Drivers/USB/Class/Host/CDCClassHost.o
 .debug_line    0x00007b18       0x24 ../../../../LUFA/Drivers/USB/Class/Host/HIDClassHost.o
 .debug_line    0x00007b3c       0x24 ../../../../LUFA/Drivers/USB/Class/Host/MassStorageClassHost.o
 .debug_line    0x00007b60       0x24 ../../../../LUFA/Drivers/USB/Class/Host/MIDIClassHost.o
 .debug_line    0x00007b84       0x24 ../../../../LUFA/Drivers/USB/Class/Host/PrinterClassHost.o
 .debug_line    0x00007ba8       0x24 ../../../../LUFA/Drivers/USB/Class/Host/RNDISClassHost.o
 .debug_line    0x00007bcc       0x24 ../../../../LUFA/Drivers/USB/Class/Host/StillImageClassHost.o
 .debug_line    0x00007bf0      0x31d ../../../../LUFA/Drivers/Peripheral/AVR8/Serial_AVR8.o

.debug_frame    0x00000000      0x960
 *(.debug_frame)
 .debug_frame   0x00000000       0x70 RNDISEthernet.o
 .debug_frame   0x00000070       0x20 Descriptors.o
 .debug_frame   0x00000090       0x30 Lib/Ethernet.o
 .debug_frame   0x000000c0       0x80 Lib/ProtocolDecoders.o
 .debug_frame   0x00000140       0x20 Lib/ICMP.o
 .debug_frame   0x00000160       0xb0 Lib/TCP.o
 .debug_frame   0x00000210       0x20 Lib/UDP.o
 .debug_frame   0x00000230       0x20 Lib/DHCP.o
 .debug_frame   0x00000250       0x20 Lib/ARP.o
 .debug_frame   0x00000270       0x20 Lib/IP.o
 .debug_frame   0x00000290       0x40 Lib/Webserver.o
 .debug_frame   0x000002d0       0x20 ../../../../LUFA/Drivers/USB/Core/AVR8/Device_AVR8.o
 .debug_frame   0x000002f0       0x50 ../../../../LUFA/Drivers/USB/Core/AVR8/Endpoint_AVR8.o
 .debug_frame   0x00000340       0x40 ../../../../LUFA/Drivers/USB/Core/AVR8/USBController_AVR8.o
 .debug_frame   0x00000380       0x40 ../../../../LUFA/Drivers/USB/Core/AVR8/USBInterrupt_AVR8.o
 .debug_frame   0x000003c0      0x170 ../../../../LUFA/Drivers/USB/Core/AVR8/EndpointStream_AVR8.o
 .debug_frame   0x00000530       0x50 ../../../../LUFA/Drivers/USB/Core/ConfigDescriptor.o
 .debug_frame   0x00000580       0x20 ../../../../LUFA/Drivers/USB/Core/DeviceStandardReq.o
 .debug_frame   0x000005a0       0x20 ../../../../LUFA/Drivers/USB/Core/Events.o
 .debug_frame   0x000005c0       0x20 ../../../../LUFA/Drivers/USB/Core/USBTask.o
 .debug_frame   0x000005e0       0x50 ../../../../LUFA/Drivers/USB/Class/Common/HIDParser.o
 .debug_frame   0x00000630       0x40 ../../../../LUFA/Drivers/USB/Class/Device/AudioClassDevice.o
 .debug_frame   0x00000670      0x110 ../../../../LUFA/Drivers/USB/Class/Device/CDCClassDevice.o
 .debug_frame   0x00000780       0x40 ../../../../LUFA/Drivers/USB/Class/Device/HIDClassDevice.o
 .debug_frame   0x000007c0       0x40 ../../../../LUFA/Drivers/USB/Class/Device/MassStorageClassDevice.o
 .debug_frame   0x00000800       0x60 ../../../../LUFA/Drivers/USB/Class/Device/MIDIClassDevice.o
 .debug_frame   0x00000860       0x70 ../../../../LUFA/Drivers/USB/Class/Device/RNDISClassDevice.o
 .debug_frame   0x000008d0       0x90 ../../../../LUFA/Drivers/Peripheral/AVR8/Serial_AVR8.o

.debug_str      0x00000000     0x3dea
 *(.debug_str)
 .debug_str     0x00000000      0x408 RNDISEthernet.o
                                0x447 (size before relaxing)
 .debug_str     0x00000408      0x536 Descriptors.o
                                0x68d (size before relaxing)
 .debug_str     0x0000093e      0x116 Lib/Ethernet.o
                                0x283 (size before relaxing)
 .debug_str     0x00000a54       0x9e Lib/ProtocolDecoders.o
                                0x181 (size before relaxing)
 .debug_str     0x00000af2       0x73 Lib/ICMP.o
                                0x1ba (size before relaxing)
 .debug_str     0x00000b65      0x497 Lib/TCP.o
                                0x876 (size before relaxing)
 .debug_str     0x00000ffc       0x68 Lib/UDP.o
                                0x1c2 (size before relaxing)
 .debug_str     0x00001064      0x14f Lib/DHCP.o
                                0x357 (size before relaxing)
 .debug_str     0x000011b3       0x5c Lib/ARP.o
                                0x1e6 (size before relaxing)
 .debug_str     0x0000120f       0x2e Lib/IP.o
                                0x280 (size before relaxing)
 .debug_str     0x0000123d       0xa0 Lib/Webserver.o
                                0x3e4 (size before relaxing)
 .debug_str     0x000012dd       0x7d ../../../../LUFA/Drivers/USB/Core/AVR8/Device_AVR8.o
                                0x143 (size before relaxing)
 .debug_str     0x0000135a      0x3c7 ../../../../LUFA/Drivers/USB/Core/AVR8/Endpoint_AVR8.o
                                0x4d2 (size before relaxing)
 .debug_str     0x00001721      0x2a2 ../../../../LUFA/Drivers/USB/Core/AVR8/USBController_AVR8.o
                                0x457 (size before relaxing)
 .debug_str     0x000019c3       0xef ../../../../LUFA/Drivers/USB/Core/AVR8/USBInterrupt_AVR8.o
                                0x3c9 (size before relaxing)
 .debug_str     0x00001ab2      0x503 ../../../../LUFA/Drivers/USB/Core/AVR8/EndpointStream_AVR8.o
                                0x771 (size before relaxing)
 .debug_str     0x00001fb5      0x222 ../../../../LUFA/Drivers/USB/Core/ConfigDescriptor.o
                                0x310 (size before relaxing)
 .debug_str     0x000021d7      0x3ec ../../../../LUFA/Drivers/USB/Core/DeviceStandardReq.o
                                0x847 (size before relaxing)
 .debug_str     0x000025c3       0x3a ../../../../LUFA/Drivers/USB/Core/Events.o
                                 0xfa (size before relaxing)
 .debug_str     0x000025fd       0x70 ../../../../LUFA/Drivers/USB/Core/USBTask.o
                                0x29a (size before relaxing)
 .debug_str     0x0000266d      0x482 ../../../../LUFA/Drivers/USB/Class/Common/HIDParser.o
                                0x5e8 (size before relaxing)
 .debug_str     0x00002aef      0x249 ../../../../LUFA/Drivers/USB/Class/Device/AudioClassDevice.o
                                0x5a8 (size before relaxing)
 .debug_str     0x00002d38      0x3a3 ../../../../LUFA/Drivers/USB/Class/Device/CDCClassDevice.o
                                0x9ee (size before relaxing)
 .debug_str     0x000030db      0x229 ../../../../LUFA/Drivers/USB/Class/Device/HIDClassDevice.o
                                0x5e8 (size before relaxing)
 .debug_str     0x00003304      0x243 ../../../../LUFA/Drivers/USB/Class/Device/MassStorageClassDevice.o
                                0x797 (size before relaxing)
 .debug_str     0x00003547      0x12a ../../../../LUFA/Drivers/USB/Class/Device/MIDIClassDevice.o
                                0x61a (size before relaxing)
 .debug_str     0x00003671      0x634 ../../../../LUFA/Drivers/USB/Class/Device/RNDISClassDevice.o
                                0xd08 (size before relaxing)
 .debug_str     0x00003ca5      0x145 ../../../../LUFA/Drivers/Peripheral/AVR8/Serial_AVR8.o
                                0x278 (size before relaxing)

.debug_loc      0x00000000     0x44fc
 *(.debug_loc)
 .debug_loc     0x00000000      0x160 Descriptors.o
 .debug_loc     0x00000160      0x1b4 Lib/Ethernet.o
 .debug_loc     0x00000314       0x88 Lib/ICMP.o
 .debug_loc     0x0000039c      0x63a Lib/TCP.o
 .debug_loc     0x000009d6      0x106 Lib/UDP.o
 .debug_loc     0x00000adc      0x160 Lib/DHCP.o
 .debug_loc     0x00000c3c      0x141 Lib/ARP.o
 .debug_loc     0x00000d7d      0x128 Lib/IP.o
 .debug_loc     0x00000ea5       0xf0 Lib/Webserver.o
 .debug_loc     0x00000f95       0x7f ../../../../LUFA/Drivers/USB/Core/AVR8/Endpoint_AVR8.o
 .debug_loc     0x00001014     0x182a ../../../../LUFA/Drivers/USB/Core/AVR8/EndpointStream_AVR8.o
 .debug_loc     0x0000283e      0x2c7 ../../../../LUFA/Drivers/USB/Core/ConfigDescriptor.o
 .debug_loc     0x00002b05      0x25a ../../../../LUFA/Drivers/USB/Core/DeviceStandardReq.o
 .debug_loc     0x00002d5f      0x4fa ../../../../LUFA/Drivers/USB/Class/Common/HIDParser.o
 .debug_loc     0x00003259      0x269 ../../../../LUFA/Drivers/USB/Class/Device/AudioClassDevice.o
 .debug_loc     0x000034c2      0x512 ../../../../LUFA/Drivers/USB/Class/Device/CDCClassDevice.o
 .debug_loc     0x000039d4      0x16c ../../../../LUFA/Drivers/USB/Class/Device/HIDClassDevice.o
 .debug_loc     0x00003b40      0x138 ../../../../LUFA/Drivers/USB/Class/Device/MassStorageClassDevice.o
 .debug_loc     0x00003c78      0x23c ../../../../LUFA/Drivers/USB/Class/Device/MIDIClassDevice.o
 .debug_loc     0x00003eb4      0x532 ../../../../LUFA/Drivers/USB/Class/Device/RNDISClassDevice.o
 .debug_loc     0x000043e6      0x116 ../../../../LUFA/Drivers/Peripheral/AVR8/Serial_AVR8.o

.debug_macinfo
 *(.debug_macinfo)
OUTPUT(RNDISEthernet.elf elf32-avr)
LOAD linker stubs

.debug_ranges   0x00000000      0x758
 .debug_ranges  0x00000000       0x40 RNDISEthernet.o
 .debug_ranges  0x00000040       0x18 Descriptors.o
 .debug_ranges  0x00000058       0x20 Lib/Ethernet.o
 .debug_ranges  0x00000078       0x48 Lib/ProtocolDecoders.o
 .debug_ranges  0x000000c0       0x18 Lib/ICMP.o
 .debug_ranges  0x000000d8       0x78 Lib/TCP.o
 .debug_ranges  0x00000150       0x18 Lib/UDP.o
 .debug_ranges  0x00000168       0x18 Lib/DHCP.o
 .debug_ranges  0x00000180       0x18 Lib/ARP.o
 .debug_ranges  0x00000198       0x18 Lib/IP.o
 .debug_ranges  0x000001b0       0x28 Lib/Webserver.o
 .debug_ranges  0x000001d8       0x18 ../../../../LUFA/Drivers/USB/Core/AVR8/Device_AVR8.o
 .debug_ranges  0x000001f0       0x48 ../../../../LUFA/Drivers/USB/Core/AVR8/Endpoint_AVR8.o
 .debug_ranges  0x00000238       0x28 ../../../../LUFA/Drivers/USB/Core/AVR8/USBController_AVR8.o
 .debug_ranges  0x00000260       0x28 ../../../../LUFA/Drivers/USB/Core/AVR8/USBInterrupt_AVR8.o
 .debug_ranges  0x00000288       0xc0 ../../../../LUFA/Drivers/USB/Core/AVR8/EndpointStream_AVR8.o
 .debug_ranges  0x00000348       0x30 ../../../../LUFA/Drivers/USB/Core/ConfigDescriptor.o
 .debug_ranges  0x00000378       0x78 ../../../../LUFA/Drivers/USB/Core/DeviceStandardReq.o
 .debug_ranges  0x000003f0       0x18 ../../../../LUFA/Drivers/USB/Core/Events.o
 .debug_ranges  0x00000408       0x30 ../../../../LUFA/Drivers/USB/Core/USBTask.o
 .debug_ranges  0x00000438       0xa0 ../../../../LUFA/Drivers/USB/Class/Common/HIDParser.o
 .debug_ranges  0x000004d8       0x28 ../../../../LUFA/Drivers/USB/Class/Device/AudioClassDevice.o
 .debug_ranges  0x00000500       0x90 ../../../../LUFA/Drivers/USB/Class/Device/CDCClassDevice.o
 .debug_ranges  0x00000590       0x28 ../../../../LUFA/Drivers/USB/Class/Device/HIDClassDevice.o
 .debug_ranges  0x000005b8       0x78 ../../../../LUFA/Drivers/USB/Class/Device/MassStorageClassDevice.o
 .debug_ranges  0x00000630       0x38 ../../../../LUFA/Drivers/USB/Class/Device/MIDIClassDevice.o
 .debug_ranges  0x00000668       0x88 ../../../../LUFA/Drivers/USB/Class/Device/RNDISClassDevice.o
 .debug_ranges  0x000006f0       0x68 ../../../../LUFA/Drivers/Peripheral/AVR8/Serial_AVR8.o

Cross Reference Table

Symbol                                            File
ARP_ProcessARPPacket                              Lib/ARP.o
                                                  Lib/Ethernet.o
Audio_Device_ConfigureEndpoints                   ../../../../LUFA/Drivers/USB/Class/Device/AudioClassDevice.o
Audio_Device_Event_Stub                           ../../../../LUFA/Drivers/USB/Class/Device/AudioClassDevice.o
Audio_Device_ProcessControlRequest                ../../../../LUFA/Drivers/USB/Class/Device/AudioClassDevice.o
BroadcastIPAddress                                Lib/Ethernet.o
                                                  Lib/IP.o
BroadcastMACAddress                               Lib/Ethernet.o
CALLBACK_Audio_Device_GetSetEndpointProperty      ../../../../LUFA/Drivers/USB/Class/Device/AudioClassDevice.o
CALLBACK_Audio_Device_GetSetInterfaceProperty     ../../../../LUFA/Drivers/USB/Class/Device/AudioClassDevice.o
CALLBACK_HIDParser_FilterHIDReportItem            ../../../../LUFA/Drivers/USB/Class/Common/HIDParser.o
CALLBACK_HID_Device_CreateHIDReport               ../../../../LUFA/Drivers/USB/Class/Device/HIDClassDevice.o
CALLBACK_HID_Device_ProcessHIDReport              ../../../../LUFA/Drivers/USB/Class/Device/HIDClassDevice.o
CALLBACK_MS_Device_SCSICommandReceived            ../../../../LUFA/Drivers/USB/Class/Device/MassStorageClassDevice.o
CALLBACK_USB_GetDescriptor                        Descriptors.o
                                                  ../../../../LUFA/Drivers/USB/Core/DeviceStandardReq.o
CDC_Device_BytesReceived                          ../../../../LUFA/Drivers/USB/Class/Device/CDCClassDevice.o
CDC_Device_ConfigureEndpoints                     ../../../../LUFA/Drivers/USB/Class/Device/CDCClassDevice.o
CDC_Device_CreateBlockingStream                   ../../../../LUFA/Drivers/USB/Class/Device/CDCClassDevice.o
CDC_Device_CreateStream                           ../../../../LUFA/Drivers/USB/Class/Device/CDCClassDevice.o
CDC_Device_Event_Stub                             ../../../../LUFA/Drivers/USB/Class/Device/CDCClassDevice.o
CDC_Device_Flush                                  ../../../../LUFA/Drivers/USB/Class/Device/CDCClassDevice.o
CDC_Device_ProcessControlRequest                  ../../../../LUFA/Drivers/USB/Class/Device/CDCClassDevice.o
CDC_Device_ReceiveByte                            ../../../../LUFA/Drivers/USB/Class/Device/CDCClassDevice.o
CDC_Device_SendByte                               ../../../../LUFA/Drivers/USB/Class/Device/CDCClassDevice.o
CDC_Device_SendControlLineStateChange             ../../../../LUFA/Drivers/USB/Class/Device/CDCClassDevice.o
CDC_Device_SendData                               ../../../../LUFA/Drivers/USB/Class/Device/CDCClassDevice.o
CDC_Device_SendString                             ../../../../LUFA/Drivers/USB/Class/Device/CDCClassDevice.o
CDC_Device_USBTask                                ../../../../LUFA/Drivers/USB/Class/Device/CDCClassDevice.o
ClientIPAddress                                   Lib/Ethernet.o
                                                  Lib/DHCP.o
ConfigurationDescriptor                           Descriptors.o
ConnectionStateTable                              Lib/TCP.o
DHCP_ProcessDHCPPacket                            Lib/DHCP.o
                                                  Lib/UDP.o
DecodeARPHeader                                   Lib/ProtocolDecoders.o
                                                  Lib/ARP.o
DecodeDHCPHeader                                  Lib/ProtocolDecoders.o
                                                  Lib/DHCP.o
DecodeEthernetFrameHeader                         Lib/ProtocolDecoders.o
                                                  Lib/Ethernet.o
DecodeICMPHeader                                  Lib/ProtocolDecoders.o
                                                  Lib/ICMP.o
DecodeIPHeader                                    Lib/ProtocolDecoders.o
                                                  Lib/IP.o
DecodeTCPHeader                                   Lib/ProtocolDecoders.o
                                                  Lib/TCP.o
DecodeUDPHeader                                   Lib/ProtocolDecoders.o
                                                  Lib/UDP.o
DeviceDescriptor                                  Descriptors.o
EVENT_Audio_Device_StreamStartStop                ../../../../LUFA/Drivers/USB/Class/Device/AudioClassDevice.o
EVENT_CDC_Device_BreakSent                        ../../../../LUFA/Drivers/USB/Class/Device/CDCClassDevice.o
EVENT_CDC_Device_ControLineStateChanged           ../../../../LUFA/Drivers/USB/Class/Device/CDCClassDevice.o
EVENT_CDC_Device_LineEncodingChanged              ../../../../LUFA/Drivers/USB/Class/Device/CDCClassDevice.o
EVENT_USB_Device_ConfigurationChanged             RNDISEthernet.o
                                                  ../../../../LUFA/Drivers/USB/Core/DeviceStandardReq.o
EVENT_USB_Device_Connect                          RNDISEthernet.o
                                                  ../../../../LUFA/Drivers/USB/Core/AVR8/USBInterrupt_AVR8.o
EVENT_USB_Device_ControlRequest                   RNDISEthernet.o
                                                  ../../../../LUFA/Drivers/USB/Core/DeviceStandardReq.o
EVENT_USB_Device_Disconnect                       RNDISEthernet.o
                                                  ../../../../LUFA/Drivers/USB/Core/AVR8/USBInterrupt_AVR8.o
EVENT_USB_Device_Reset                            ../../../../LUFA/Drivers/USB/Core/Events.o
                                                  ../../../../LUFA/Drivers/USB/Core/AVR8/USBInterrupt_AVR8.o
EVENT_USB_Device_StartOfFrame                     ../../../../LUFA/Drivers/USB/Core/Events.o
                                                  ../../../../LUFA/Drivers/USB/Core/AVR8/USBInterrupt_AVR8.o
EVENT_USB_Device_Suspend                          ../../../../LUFA/Drivers/USB/Core/Events.o
                                                  ../../../../LUFA/Drivers/USB/Core/AVR8/USBInterrupt_AVR8.o
EVENT_USB_Device_WakeUp                           ../../../../LUFA/Drivers/USB/Core/Events.o
                                                  ../../../../LUFA/Drivers/USB/Core/AVR8/USBInterrupt_AVR8.o
Endpoint_ClearEndpoints                           ../../../../LUFA/Drivers/USB/Core/AVR8/Endpoint_AVR8.o
Endpoint_ClearStatusStage                         ../../../../LUFA/Drivers/USB/Core/AVR8/Endpoint_AVR8.o
                                                  ../../../../LUFA/Drivers/USB/Class/Device/MassStorageClassDevice.o
                                                  ../../../../LUFA/Drivers/USB/Class/Device/HIDClassDevice.o
                                                  ../../../../LUFA/Drivers/USB/Class/Device/CDCClassDevice.o
                                                  ../../../../LUFA/Drivers/USB/Class/Device/AudioClassDevice.o
                                                  ../../../../LUFA/Drivers/USB/Core/DeviceStandardReq.o
Endpoint_ConfigureEndpoint_Prv                    ../../../../LUFA/Drivers/USB/Core/AVR8/Endpoint_AVR8.o
                                                  ../../../../LUFA/Drivers/USB/Class/Device/RNDISClassDevice.o
                                                  ../../../../LUFA/Drivers/USB/Class/Device/MIDIClassDevice.o
                                                  ../../../../LUFA/Drivers/USB/Class/Device/MassStorageClassDevice.o
                                                  ../../../../LUFA/Drivers/USB/Class/Device/HIDClassDevice.o
                                                  ../../../../LUFA/Drivers/USB/Class/Device/CDCClassDevice.o
                                                  ../../../../LUFA/Drivers/USB/Class/Device/AudioClassDevice.o
                                                  ../../../../LUFA/Drivers/USB/Core/AVR8/USBInterrupt_AVR8.o
                                                  ../../../../LUFA/Drivers/USB/Core/AVR8/USBController_AVR8.o
Endpoint_Discard_Stream                           ../../../../LUFA/Drivers/USB/Core/AVR8/EndpointStream_AVR8.o
Endpoint_Null_Stream                              ../../../../LUFA/Drivers/USB/Core/AVR8/EndpointStream_AVR8.o
Endpoint_Read_Control_EStream_BE                  ../../../../LUFA/Drivers/USB/Core/AVR8/EndpointStream_AVR8.o
Endpoint_Read_Control_EStream_LE                  ../../../../LUFA/Drivers/USB/Core/AVR8/EndpointStream_AVR8.o
Endpoint_Read_Control_Stream_BE                   ../../../../LUFA/Drivers/USB/Core/AVR8/EndpointStream_AVR8.o
Endpoint_Read_Control_Stream_LE                   ../../../../LUFA/Drivers/USB/Core/AVR8/EndpointStream_AVR8.o
                                                  ../../../../LUFA/Drivers/USB/Class/Device/RNDISClassDevice.o
                                                  ../../../../LUFA/Drivers/USB/Class/Device/HIDClassDevice.o
                                                  ../../../../LUFA/Drivers/USB/Class/Device/AudioClassDevice.o
Endpoint_Read_EStream_BE                          ../../../../LUFA/Drivers/USB/Core/AVR8/EndpointStream_AVR8.o
Endpoint_Read_EStream_LE                          ../../../../LUFA/Drivers/USB/Core/AVR8/EndpointStream_AVR8.o
Endpoint_Read_Stream_BE                           ../../../../LUFA/Drivers/USB/Core/AVR8/EndpointStream_AVR8.o
Endpoint_Read_Stream_LE                           ../../../../LUFA/Drivers/USB/Core/AVR8/EndpointStream_AVR8.o
                                                  ../../../../LUFA/Drivers/USB/Class/Device/RNDISClassDevice.o
                                                  ../../../../LUFA/Drivers/USB/Class/Device/MIDIClassDevice.o
                                                  ../../../../LUFA/Drivers/USB/Class/Device/MassStorageClassDevice.o
Endpoint_WaitUntilReady                           ../../../../LUFA/Drivers/USB/Core/AVR8/Endpoint_AVR8.o
                                                  ../../../../LUFA/Drivers/USB/Class/Device/RNDISClassDevice.o
                                                  ../../../../LUFA/Drivers/USB/Class/Device/MIDIClassDevice.o
                                                  ../../../../LUFA/Drivers/USB/Class/Device/CDCClassDevice.o
                                                  ../../../../LUFA/Drivers/USB/Core/AVR8/EndpointStream_AVR8.o
Endpoint_Write_Control_EStream_BE                 ../../../../LUFA/Drivers/USB/Core/AVR8/EndpointStream_AVR8.o
Endpoint_Write_Control_EStream_LE                 ../../../../LUFA/Drivers/USB/Core/AVR8/EndpointStream_AVR8.o
Endpoint_Write_Control_PStream_BE                 ../../../../LUFA/Drivers/USB/Core/AVR8/EndpointStream_AVR8.o
Endpoint_Write_Control_PStream_LE                 ../../../../LUFA/Drivers/USB/Core/AVR8/EndpointStream_AVR8.o
                                                  ../../../../LUFA/Drivers/USB/Core/DeviceStandardReq.o
Endpoint_Write_Control_Stream_BE                  ../../../../LUFA/Drivers/USB/Core/AVR8/EndpointStream_AVR8.o
Endpoint_Write_Control_Stream_LE                  ../../../../LUFA/Drivers/USB/Core/AVR8/EndpointStream_AVR8.o
                                                  ../../../../LUFA/Drivers/USB/Class/Device/RNDISClassDevice.o
                                                  ../../../../LUFA/Drivers/USB/Class/Device/HIDClassDevice.o
                                                  ../../../../LUFA/Drivers/USB/Class/Device/AudioClassDevice.o
                                                  ../../../../LUFA/Drivers/USB/Core/DeviceStandardReq.o
Endpoint_Write_EStream_BE                         ../../../../LUFA/Drivers/USB/Core/AVR8/EndpointStream_AVR8.o
Endpoint_Write_EStream_LE                         ../../../../LUFA/Drivers/USB/Core/AVR8/EndpointStream_AVR8.o
Endpoint_Write_PStream_BE                         ../../../../LUFA/Drivers/USB/Core/AVR8/EndpointStream_AVR8.o
Endpoint_Write_PStream_LE                         ../../../../LUFA/Drivers/USB/Core/AVR8/EndpointStream_AVR8.o
Endpoint_Write_Stream_BE                          ../../../../LUFA/Drivers/USB/Core/AVR8/EndpointStream_AVR8.o
Endpoint_Write_Stream_LE                          ../../../../LUFA/Drivers/USB/Core/AVR8/EndpointStream_AVR8.o
                                                  ../../../../LUFA/Drivers/USB/Class/Device/RNDISClassDevice.o
                                                  ../../../../LUFA/Drivers/USB/Class/Device/MIDIClassDevice.o
                                                  ../../../../LUFA/Drivers/USB/Class/Device/MassStorageClassDevice.o
                                                  ../../../../LUFA/Drivers/USB/Class/Device/HIDClassDevice.o
                                                  ../../../../LUFA/Drivers/USB/Class/Device/CDCClassDevice.o
Ethernet_Checksum16                               Lib/Ethernet.o
                                                  Lib/IP.o
                                                  Lib/TCP.o
                                                  Lib/ICMP.o
Ethernet_ProcessPacket                            Lib/Ethernet.o
                                                  RNDISEthernet.o
Ethernet_RNDIS_Interface                          RNDISEthernet.o
HID_Device_ConfigureEndpoints                     ../../../../LUFA/Drivers/USB/Class/Device/HIDClassDevice.o
HID_Device_ProcessControlRequest                  ../../../../LUFA/Drivers/USB/Class/Device/HIDClassDevice.o
HID_Device_USBTask                                ../../../../LUFA/Drivers/USB/Class/Device/HIDClassDevice.o
HTTP200Header                                     Lib/Webserver.o
HTTP404Header                                     Lib/Webserver.o
HTTPPage                                          Lib/Webserver.o
ICMP_ProcessICMPPacket                            Lib/ICMP.o
                                                  Lib/IP.o
IP_ProcessIPPacket                                Lib/IP.o
                                                  Lib/Ethernet.o
LanguageString                                    Descriptors.o
MIDI_Device_ConfigureEndpoints                    ../../../../LUFA/Drivers/USB/Class/Device/MIDIClassDevice.o
MIDI_Device_Flush                                 ../../../../LUFA/Drivers/USB/Class/Device/MIDIClassDevice.o
MIDI_Device_ReceiveEventPacket                    ../../../../LUFA/Drivers/USB/Class/Device/MIDIClassDevice.o
MIDI_Device_SendEventPacket                       ../../../../LUFA/Drivers/USB/Class/Device/MIDIClassDevice.o
MIDI_Device_USBTask                               ../../../../LUFA/Drivers/USB/Class/Device/MIDIClassDevice.o
MS_Device_ConfigureEndpoints                      ../../../../LUFA/Drivers/USB/Class/Device/MassStorageClassDevice.o
MS_Device_ProcessControlRequest                   ../../../../LUFA/Drivers/USB/Class/Device/MassStorageClassDevice.o
MS_Device_USBTask                                 ../../../../LUFA/Drivers/USB/Class/Device/MassStorageClassDevice.o
ManufacturerString                                Descriptors.o
PortStateTable                                    Lib/TCP.o
ProductString                                     Descriptors.o
RNDIS_Device_ConfigureEndpoints                   ../../../../LUFA/Drivers/USB/Class/Device/RNDISClassDevice.o
                                                  RNDISEthernet.o
RNDIS_Device_IsPacketReceived                     ../../../../LUFA/Drivers/USB/Class/Device/RNDISClassDevice.o
                                                  RNDISEthernet.o
RNDIS_Device_ProcessControlRequest                ../../../../LUFA/Drivers/USB/Class/Device/RNDISClassDevice.o
                                                  RNDISEthernet.o
RNDIS_Device_ReadPacket                           ../../../../LUFA/Drivers/USB/Class/Device/RNDISClassDevice.o
                                                  RNDISEthernet.o
RNDIS_Device_SendPacket                           ../../../../LUFA/Drivers/USB/Class/Device/RNDISClassDevice.o
                                                  RNDISEthernet.o
RNDIS_Device_USBTask                              ../../../../LUFA/Drivers/USB/Class/Device/RNDISClassDevice.o
                                                  RNDISEthernet.o
Serial_CreateBlockingStream                       ../../../../LUFA/Drivers/Peripheral/AVR8/Serial_AVR8.o
Serial_CreateStream                               ../../../../LUFA/Drivers/Peripheral/AVR8/Serial_AVR8.o
                                                  RNDISEthernet.o
Serial_SendData                                   ../../../../LUFA/Drivers/Peripheral/AVR8/Serial_AVR8.o
Serial_SendString                                 ../../../../LUFA/Drivers/Peripheral/AVR8/Serial_AVR8.o
Serial_SendString_P                               ../../../../LUFA/Drivers/Peripheral/AVR8/Serial_AVR8.o
Serial_getchar                                    ../../../../LUFA/Drivers/Peripheral/AVR8/Serial_AVR8.o
Serial_getchar_Blocking                           ../../../../LUFA/Drivers/Peripheral/AVR8/Serial_AVR8.o
Serial_putchar                                    ../../../../LUFA/Drivers/Peripheral/AVR8/Serial_AVR8.o
ServerIPAddress                                   Lib/Ethernet.o
                                                  Lib/IP.o
                                                  Lib/ARP.o
                                                  Lib/DHCP.o
                                                  Lib/TCP.o
ServerMACAddress                                  Lib/Ethernet.o
                                                  Lib/ARP.o
                                                  Lib/TCP.o
SetupHardware                                     RNDISEthernet.o
TCP_GetConnectionInfo                             Lib/TCP.o
TCP_GetConnectionState                            Lib/TCP.o
TCP_GetPortState                                  Lib/TCP.o
TCP_Init                                          Lib/TCP.o
                                                  RNDISEthernet.o
TCP_ProcessTCPPacket                              Lib/TCP.o
                                                  Lib/IP.o
TCP_SetConnectionState                            Lib/TCP.o
TCP_SetPortState                                  Lib/TCP.o
                                                  Lib/Webserver.o
TCP_TCPTask                                       Lib/TCP.o
                                                  RNDISEthernet.o
UDP_ProcessUDPPacket                              Lib/UDP.o
                                                  Lib/IP.o
USARTSerialStream                                 ../../../../LUFA/Drivers/Peripheral/AVR8/Serial_AVR8.o
USB_ControlRequest                                ../../../../LUFA/Drivers/USB/Class/Device/RNDISClassDevice.o
                                                  ../../../../LUFA/Drivers/USB/Class/Device/MassStorageClassDevice.o
                                                  ../../../../LUFA/Drivers/USB/Class/Device/HIDClassDevice.o
                                                  ../../../../LUFA/Drivers/USB/Class/Device/CDCClassDevice.o
                                                  ../../../../LUFA/Drivers/USB/Class/Device/AudioClassDevice.o
                                                  ../../../../LUFA/Drivers/USB/Core/USBTask.o
                                                  ../../../../LUFA/Drivers/USB/Core/DeviceStandardReq.o
                                                  ../../../../LUFA/Drivers/USB/Core/AVR8/EndpointStream_AVR8.o
                                                  ../../../../LUFA/Drivers/USB/Core/AVR8/Endpoint_AVR8.o
USB_DeviceState                                   ../../../../LUFA/Drivers/USB/Class/Device/RNDISClassDevice.o
                                                  ../../../../LUFA/Drivers/USB/Class/Device/MIDIClassDevice.o
                                                  ../../../../LUFA/Drivers/USB/Class/Device/MassStorageClassDevice.o
                                                  ../../../../LUFA/Drivers/USB/Class/Device/HIDClassDevice.o
                                                  ../../../../LUFA/Drivers/USB/Class/Device/CDCClassDevice.o
                                                  ../../../../LUFA/Drivers/USB/Core/USBTask.o
                                                  ../../../../LUFA/Drivers/USB/Core/DeviceStandardReq.o
                                                  ../../../../LUFA/Drivers/USB/Core/AVR8/EndpointStream_AVR8.o
                                                  ../../../../LUFA/Drivers/USB/Core/AVR8/USBInterrupt_AVR8.o
                                                  ../../../../LUFA/Drivers/USB/Core/AVR8/USBController_AVR8.o
                                                  ../../../../LUFA/Drivers/USB/Core/AVR8/Endpoint_AVR8.o
USB_Device_ConfigurationNumber                    ../../../../LUFA/Drivers/USB/Core/DeviceStandardReq.o
                                                  ../../../../LUFA/Drivers/USB/Core/AVR8/USBInterrupt_AVR8.o
                                                  ../../../../LUFA/Drivers/USB/Core/AVR8/USBController_AVR8.o
USB_Device_CurrentlySelfPowered                   ../../../../LUFA/Drivers/USB/Core/DeviceStandardReq.o
                                                  ../../../../LUFA/Drivers/USB/Core/AVR8/USBController_AVR8.o
USB_Device_ProcessControlRequest                  ../../../../LUFA/Drivers/USB/Core/DeviceStandardReq.o
                                                  ../../../../LUFA/Drivers/USB/Core/USBTask.o
USB_Device_RemoteWakeupEnabled                    ../../../../LUFA/Drivers/USB/Core/DeviceStandardReq.o
                                                  ../../../../LUFA/Drivers/USB/Core/AVR8/USBController_AVR8.o
USB_Device_SendRemoteWakeup                       ../../../../LUFA/Drivers/USB/Core/AVR8/Device_AVR8.o
USB_Disable                                       ../../../../LUFA/Drivers/USB/Core/AVR8/USBController_AVR8.o
USB_Event_Stub                                    ../../../../LUFA/Drivers/USB/Core/Events.o
USB_GetHIDReportItemInfo                          ../../../../LUFA/Drivers/USB/Class/Common/HIDParser.o
USB_GetHIDReportSize                              ../../../../LUFA/Drivers/USB/Class/Common/HIDParser.o
USB_GetNextDescriptorComp                         ../../../../LUFA/Drivers/USB/Core/ConfigDescriptor.o
USB_GetNextDescriptorOfType                       ../../../../LUFA/Drivers/USB/Core/ConfigDescriptor.o
USB_GetNextDescriptorOfTypeAfter                  ../../../../LUFA/Drivers/USB/Core/ConfigDescriptor.o
USB_GetNextDescriptorOfTypeBefore                 ../../../../LUFA/Drivers/USB/Core/ConfigDescriptor.o
USB_INT_ClearAllInterrupts                        ../../../../LUFA/Drivers/USB/Core/AVR8/USBInterrupt_AVR8.o
                                                  ../../../../LUFA/Drivers/USB/Core/AVR8/USBController_AVR8.o
USB_INT_DisableAllInterrupts                      ../../../../LUFA/Drivers/USB/Core/AVR8/USBInterrupt_AVR8.o
                                                  ../../../../LUFA/Drivers/USB/Core/AVR8/USBController_AVR8.o
USB_Init                                          ../../../../LUFA/Drivers/USB/Core/AVR8/USBController_AVR8.o
                                                  RNDISEthernet.o
USB_IsInitialized                                 ../../../../LUFA/Drivers/USB/Core/USBTask.o
                                                  ../../../../LUFA/Drivers/USB/Core/AVR8/USBController_AVR8.o
USB_ProcessHIDReport                              ../../../../LUFA/Drivers/USB/Class/Common/HIDParser.o
USB_ResetInterface                                ../../../../LUFA/Drivers/USB/Core/AVR8/USBController_AVR8.o
USB_SetHIDReportItemInfo                          ../../../../LUFA/Drivers/USB/Class/Common/HIDParser.o
USB_USBTask                                       ../../../../LUFA/Drivers/USB/Core/USBTask.o
                                                  ../../../../LUFA/Drivers/USB/Class/Device/MassStorageClassDevice.o
                                                  ../../../../LUFA/Drivers/USB/Class/Device/CDCClassDevice.o
                                                  ../../../../LUFA/Drivers/USB/Core/AVR8/EndpointStream_AVR8.o
                                                  RNDISEthernet.o
Webserver_ApplicationCallback                     Lib/Webserver.o
Webserver_Init                                    Lib/Webserver.o
                                                  RNDISEthernet.o
__bad_interrupt                                   c:/winavr-20100110/bin/../lib/gcc/avr/4.3.3/../../../../avr/lib/avr51/crtusb1287.o
__bss_end                                         c:/winavr-20100110/bin/../lib/gcc/avr/4.3.3/avr51\libgcc.a(_clear_bss.o)
__bss_start                                       c:/winavr-20100110/bin/../lib/gcc/avr/4.3.3/avr51\libgcc.a(_clear_bss.o)
__data_end                                        c:/winavr-20100110/bin/../lib/gcc/avr/4.3.3/../../../../avr/lib/avr51/crtusb1287.o
__data_load_start                                 c:/winavr-20100110/bin/../lib/gcc/avr/4.3.3/../../../../avr/lib/avr51/crtusb1287.o
__data_start                                      c:/winavr-20100110/bin/../lib/gcc/avr/4.3.3/../../../../avr/lib/avr51/crtusb1287.o
__do_clear_bss                                    c:/winavr-20100110/bin/../lib/gcc/avr/4.3.3/avr51\libgcc.a(_clear_bss.o)
                                                  c:/winavr-20100110/bin/../lib/gcc/avr/4.3.3/../../../../avr/lib/avr51\libc.a(iob.o)
                                                  ../../../../LUFA/Drivers/Peripheral/AVR8/Serial_AVR8.o
                                                  ../../../../LUFA/Drivers/USB/Core/USBTask.o
                                                  ../../../../LUFA/Drivers/USB/Core/DeviceStandardReq.o
                                                  Lib/Webserver.o
                                                  Lib/TCP.o
                                                  RNDISEthernet.o
__do_copy_data                                    c:/winavr-20100110/bin/../lib/gcc/avr/4.3.3/../../../../avr/lib/avr51/crtusb1287.o
                                                  ../../../../LUFA/Drivers/USB/Class/Device/RNDISClassDevice.o
                                                  ../../../../LUFA/Drivers/USB/Class/Device/CDCClassDevice.o
                                                  Lib/Webserver.o
                                                  Lib/TCP.o
                                                  Lib/Ethernet.o
                                                  RNDISEthernet.o
__eerd_byte_usb1287                               c:/winavr-20100110/bin/../lib/gcc/avr/4.3.3/../../../../avr/lib/avr51\libc.a(eerd_byte_at90usb1287.o)
                                                  ../../../../LUFA/Drivers/USB/Core/AVR8/EndpointStream_AVR8.o
__eeupd_byte_usb1287                              c:/winavr-20100110/bin/../lib/gcc/avr/4.3.3/../../../../avr/lib/avr51\libc.a(eeupd_byte_at90usb1287.o)
                                                  ../../../../LUFA/Drivers/USB/Core/AVR8/EndpointStream_AVR8.o
__eeupd_r18_usb1287                               c:/winavr-20100110/bin/../lib/gcc/avr/4.3.3/../../../../avr/lib/avr51\libc.a(eeupd_byte_at90usb1287.o)
__heap_end                                        c:/winavr-20100110/bin/../lib/gcc/avr/4.3.3/../../../../avr/lib/avr51/crtusb1287.o
__init                                            c:/winavr-20100110/bin/../lib/gcc/avr/4.3.3/../../../../avr/lib/avr51/crtusb1287.o
__iob                                             c:/winavr-20100110/bin/../lib/gcc/avr/4.3.3/../../../../avr/lib/avr51\libc.a(iob.o)
                                                  ../../../../LUFA/Drivers/Peripheral/AVR8/Serial_AVR8.o
__stack                                           c:/winavr-20100110/bin/../lib/gcc/avr/4.3.3/../../../../avr/lib/avr51/crtusb1287.o
__vector_1                                        c:/winavr-20100110/bin/../lib/gcc/avr/4.3.3/../../../../avr/lib/avr51/crtusb1287.o
__vector_10                                       ../../../../LUFA/Drivers/USB/Core/AVR8/USBInterrupt_AVR8.o
                                                  c:/winavr-20100110/bin/../lib/gcc/avr/4.3.3/../../../../avr/lib/avr51/crtusb1287.o
__vector_11                                       c:/winavr-20100110/bin/../lib/gcc/avr/4.3.3/../../../../avr/lib/avr51/crtusb1287.o
__vector_12                                       c:/winavr-20100110/bin/../lib/gcc/avr/4.3.3/../../../../avr/lib/avr51/crtusb1287.o
__vector_13                                       c:/winavr-20100110/bin/../lib/gcc/avr/4.3.3/../../../../avr/lib/avr51/crtusb1287.o
__vector_14                                       c:/winavr-20100110/bin/../lib/gcc/avr/4.3.3/../../../../avr/lib/avr51/crtusb1287.o
__vector_15                                       c:/winavr-20100110/bin/../lib/gcc/avr/4.3.3/../../../../avr/lib/avr51/crtusb1287.o
__vector_16                                       c:/winavr-20100110/bin/../lib/gcc/avr/4.3.3/../../../../avr/lib/avr51/crtusb1287.o
__vector_17                                       c:/winavr-20100110/bin/../lib/gcc/avr/4.3.3/../../../../avr/lib/avr51/crtusb1287.o
__vector_18                                       c:/winavr-20100110/bin/../lib/gcc/avr/4.3.3/../../../../avr/lib/avr51/crtusb1287.o
__vector_19                                       c:/winavr-20100110/bin/../lib/gcc/avr/4.3.3/../../../../avr/lib/avr51/crtusb1287.o
__vector_2                                        c:/winavr-20100110/bin/../lib/gcc/avr/4.3.3/../../../../avr/lib/avr51/crtusb1287.o
__vector_20                                       c:/winavr-20100110/bin/../lib/gcc/avr/4.3.3/../../../../avr/lib/avr51/crtusb1287.o
__vector_21                                       c:/winavr-20100110/bin/../lib/gcc/avr/4.3.3/../../../../avr/lib/avr51/crtusb1287.o
__vector_22                                       c:/winavr-20100110/bin/../lib/gcc/avr/4.3.3/../../../../avr/lib/avr51/crtusb1287.o
__vector_23                                       c:/winavr-20100110/bin/../lib/gcc/avr/4.3.3/../../../../avr/lib/avr51/crtusb1287.o
__vector_24                                       c:/winavr-20100110/bin/../lib/gcc/avr/4.3.3/../../../../avr/lib/avr51/crtusb1287.o
__vector_25                                       c:/winavr-20100110/bin/../lib/gcc/avr/4.3.3/../../../../avr/lib/avr51/crtusb1287.o
__vector_26                                       c:/winavr-20100110/bin/../lib/gcc/avr/4.3.3/../../../../avr/lib/avr51/crtusb1287.o
__vector_27                                       c:/winavr-20100110/bin/../lib/gcc/avr/4.3.3/../../../../avr/lib/avr51/crtusb1287.o
__vector_28                                       c:/winavr-20100110/bin/../lib/gcc/avr/4.3.3/../../../../avr/lib/avr51/crtusb1287.o
__vector_29                                       c:/winavr-20100110/bin/../lib/gcc/avr/4.3.3/../../../../avr/lib/avr51/crtusb1287.o
__vector_3                                        c:/winavr-20100110/bin/../lib/gcc/avr/4.3.3/../../../../avr/lib/avr51/crtusb1287.o
__vector_30                                       c:/winavr-20100110/bin/../lib/gcc/avr/4.3.3/../../../../avr/lib/avr51/crtusb1287.o
__vector_31                                       c:/winavr-20100110/bin/../lib/gcc/avr/4.3.3/../../../../avr/lib/avr51/crtusb1287.o
__vector_32                                       c:/winavr-20100110/bin/../lib/gcc/avr/4.3.3/../../../../avr/lib/avr51/crtusb1287.o
__vector_33                                       c:/winavr-20100110/bin/../lib/gcc/avr/4.3.3/../../../../avr/lib/avr51/crtusb1287.o
__vector_34                                       c:/winavr-20100110/bin/../lib/gcc/avr/4.3.3/../../../../avr/lib/avr51/crtusb1287.o
__vector_35                                       c:/winavr-20100110/bin/../lib/gcc/avr/4.3.3/../../../../avr/lib/avr51/crtusb1287.o
__vector_36                                       c:/winavr-20100110/bin/../lib/gcc/avr/4.3.3/../../../../avr/lib/avr51/crtusb1287.o
__vector_37                                       c:/winavr-20100110/bin/../lib/gcc/avr/4.3.3/../../../../avr/lib/avr51/crtusb1287.o
__vector_4                                        c:/winavr-20100110/bin/../lib/gcc/avr/4.3.3/../../../../avr/lib/avr51/crtusb1287.o
__vector_5                                        c:/winavr-20100110/bin/../lib/gcc/avr/4.3.3/../../../../avr/lib/avr51/crtusb1287.o
__vector_6                                        c:/winavr-20100110/bin/../lib/gcc/avr/4.3.3/../../../../avr/lib/avr51/crtusb1287.o
__vector_7                                        c:/winavr-20100110/bin/../lib/gcc/avr/4.3.3/../../../../avr/lib/avr51/crtusb1287.o
__vector_8                                        c:/winavr-20100110/bin/../lib/gcc/avr/4.3.3/../../../../avr/lib/avr51/crtusb1287.o
__vector_9                                        c:/winavr-20100110/bin/../lib/gcc/avr/4.3.3/../../../../avr/lib/avr51/crtusb1287.o
__vector_default                                  c:/winavr-20100110/bin/../lib/gcc/avr/4.3.3/../../../../avr/lib/avr51/crtusb1287.o
__vectors                                         c:/winavr-20100110/bin/../lib/gcc/avr/4.3.3/../../../../avr/lib/avr51/crtusb1287.o
_exit                                             c:/winavr-20100110/bin/../lib/gcc/avr/4.3.3/avr51\libgcc.a(_exit.o)
exit                                              c:/winavr-20100110/bin/../lib/gcc/avr/4.3.3/avr51\libgcc.a(_exit.o)
                                                  c:/winavr-20100110/bin/../lib/gcc/avr/4.3.3/../../../../avr/lib/avr51/crtusb1287.o
main                                              RNDISEthernet.o
                                                  c:/winavr-20100110/bin/../lib/gcc/avr/4.3.3/../../../../avr/lib/avr51/crtusb1287.o
memcmp                                            c:/winavr-20100110/bin/../lib/gcc/avr/4.3.3/../../../../avr/lib/avr51\libc.a(memcmp.o)
                                                  ../../../../LUFA/Drivers/USB/Class/Device/HIDClassDevice.o
                                                  Lib/IP.o
                                                  Lib/ARP.o
                                                  Lib/TCP.o
                                                  Lib/Ethernet.o
memcpy                                            c:/winavr-20100110/bin/../lib/gcc/avr/4.3.3/../../../../avr/lib/avr51\libc.a(memcpy.o)
                                                  c:/winavr-20100110/bin/../lib/gcc/avr/4.3.3/../../../../avr/lib/avr51\libc.a(memmove.o)
                                                  ../../../../LUFA/Drivers/USB/Class/Device/RNDISClassDevice.o
                                                  ../../../../LUFA/Drivers/USB/Class/Device/HIDClassDevice.o
                                                  Lib/TCP.o
memcpy_P                                          c:/winavr-20100110/bin/../lib/gcc/avr/4.3.3/../../../../avr/lib/avr51\libc.a(memcpy_P.o)
                                                  ../../../../LUFA/Drivers/USB/Class/Device/RNDISClassDevice.o
memmove                                           c:/winavr-20100110/bin/../lib/gcc/avr/4.3.3/../../../../avr/lib/avr51\libc.a(memmove.o)
                                                  Lib/DHCP.o
                                                  Lib/ICMP.o
memset                                            c:/winavr-20100110/bin/../lib/gcc/avr/4.3.3/../../../../avr/lib/avr51\libc.a(memset.o)
                                                  ../../../../LUFA/Drivers/USB/Class/Device/HIDClassDevice.o
strcpy_P                                          c:/winavr-20100110/bin/../lib/gcc/avr/4.3.3/../../../../avr/lib/avr51\libc.a(strcpy_P.o)
                                                  Lib/Webserver.o
strlen_P                                          c:/winavr-20100110/bin/../lib/gcc/avr/4.3.3/../../../../avr/lib/avr51\libc.a(strlen_P.o)
                                                  Lib/Webserver.o
strncmp                                           c:/winavr-20100110/bin/../lib/gcc/avr/4.3.3/../../../../avr/lib/avr51\libc.a(strncmp.o)
                                                  Lib/Webserver.o
strncpy_P                                         c:/winavr-20100110/bin/../lib/gcc/avr/4.3.3/../../../../avr/lib/avr51\libc.a(strncpy_P.o)
                                                  Lib/Webserver.o
