Archive member included because of file (symbol)

c:/winavr-20100110/bin/../lib/gcc/avr/4.3.3/avr35\libgcc.a(_mulhi3.o)
                              ../../LUFA/Drivers/USB/Class/Common/HIDParser.o (__mulhi3)
c:/winavr-20100110/bin/../lib/gcc/avr/4.3.3/avr35\libgcc.a(_udivmodsi4.o)
                              USBtoSerial.o (__udivmodsi4)
c:/winavr-20100110/bin/../lib/gcc/avr/4.3.3/avr35\libgcc.a(_exit.o)
                              c:/winavr-20100110/bin/../lib/gcc/avr/4.3.3/../../../../avr/lib/avr35/crtm8u2.o (exit)
c:/winavr-20100110/bin/../lib/gcc/avr/4.3.3/avr35\libgcc.a(_copy_data.o)
                              USBtoSerial.o (__do_copy_data)
c:/winavr-20100110/bin/../lib/gcc/avr/4.3.3/avr35\libgcc.a(_clear_bss.o)
                              USBtoSerial.o (__do_clear_bss)
c:/winavr-20100110/bin/../lib/gcc/avr/4.3.3/../../../../avr/lib/avr35\libc.a(memcpy_P.o)
                              ../../LUFA/Drivers/USB/Class/Device/RNDISClassDevice.o (memcpy_P)
c:/winavr-20100110/bin/../lib/gcc/avr/4.3.3/../../../../avr/lib/avr35\libc.a(memcmp.o)
                              ../../LUFA/Drivers/USB/Class/Device/HIDClassDevice.o (memcmp)
c:/winavr-20100110/bin/../lib/gcc/avr/4.3.3/../../../../avr/lib/avr35\libc.a(memcpy.o)
                              ../../LUFA/Drivers/USB/Class/Device/HIDClassDevice.o (memcpy)
c:/winavr-20100110/bin/../lib/gcc/avr/4.3.3/../../../../avr/lib/avr35\libc.a(memset.o)
                              ../../LUFA/Drivers/USB/Class/Device/HIDClassDevice.o (memset)
c:/winavr-20100110/bin/../lib/gcc/avr/4.3.3/../../../../avr/lib/avr35\libc.a(eerd_byte_atmega8u2.o)
                              ../../LUFA/Drivers/USB/Core/AVR8/EndpointStream_AVR8.o (__eerd_byte_m8u2)
c:/winavr-20100110/bin/../lib/gcc/avr/4.3.3/../../../../avr/lib/avr35\libc.a(eeupd_byte_atmega8u2.o)
                              ../../LUFA/Drivers/USB/Core/AVR8/EndpointStream_AVR8.o (__eeupd_byte_m8u2)

Allocating common symbols
Common symbol       size              file

USB_IsInitialized   0x1               ../../LUFA/Drivers/USB/Core/USBTask.o
USB_Device_ConfigurationNumber
                    0x1               ../../LUFA/Drivers/USB/Core/DeviceStandardReq.o
USB_Device_CurrentlySelfPowered
                    0x1               ../../LUFA/Drivers/USB/Core/DeviceStandardReq.o
USB_ControlRequest  0x8               ../../LUFA/Drivers/USB/Core/USBTask.o
USB_Device_RemoteWakeupEnabled
                    0x1               ../../LUFA/Drivers/USB/Core/DeviceStandardReq.o

Discarded input sections

 .data          0x00000000        0x0 c:/winavr-20100110/bin/../lib/gcc/avr/4.3.3/../../../../avr/lib/avr35/crtm8u2.o
 .bss           0x00000000        0x0 c:/winavr-20100110/bin/../lib/gcc/avr/4.3.3/../../../../avr/lib/avr35/crtm8u2.o
 .text          0x00000000        0x0 USBtoSerial.o
 .text          0x00000000        0x0 Descriptors.o
 .data          0x00000000        0x0 Descriptors.o
 .bss           0x00000000        0x0 Descriptors.o
 .text          0x00000000        0x0 ../../LUFA/Drivers/USB/Core/AVR8/Device_AVR8.o
 .data          0x00000000        0x0 ../../LUFA/Drivers/USB/Core/AVR8/Device_AVR8.o
 .bss           0x00000000        0x0 ../../LUFA/Drivers/USB/Core/AVR8/Device_AVR8.o
 .text.USB_Device_SendRemoteWakeup
                0x00000000        0x0 ../../LUFA/Drivers/USB/Core/AVR8/Device_AVR8.o
 .text          0x00000000        0x0 ../../LUFA/Drivers/USB/Core/AVR8/Endpoint_AVR8.o
 .data          0x00000000        0x0 ../../LUFA/Drivers/USB/Core/AVR8/Endpoint_AVR8.o
 .bss           0x00000000        0x0 ../../LUFA/Drivers/USB/Core/AVR8/Endpoint_AVR8.o
 .text.Endpoint_ClearEndpoints
                0x00000000        0x0 ../../LUFA/Drivers/USB/Core/AVR8/Endpoint_AVR8.o
 .text          0x00000000        0x0 ../../LUFA/Drivers/USB/Core/AVR8/Host_AVR8.o
 .data          0x00000000        0x0 ../../LUFA/Drivers/USB/Core/AVR8/Host_AVR8.o
 .bss           0x00000000        0x0 ../../LUFA/Drivers/USB/Core/AVR8/Host_AVR8.o
 .text          0x00000000        0x0 ../../LUFA/Drivers/USB/Core/AVR8/Pipe_AVR8.o
 .data          0x00000000        0x0 ../../LUFA/Drivers/USB/Core/AVR8/Pipe_AVR8.o
 .bss           0x00000000        0x0 ../../LUFA/Drivers/USB/Core/AVR8/Pipe_AVR8.o
 .text          0x00000000        0x0 ../../LUFA/Drivers/USB/Core/AVR8/USBController_AVR8.o
 .data          0x00000000        0x0 ../../LUFA/Drivers/USB/Core/AVR8/USBController_AVR8.o
 .bss           0x00000000        0x0 ../../LUFA/Drivers/USB/Core/AVR8/USBController_AVR8.o
 .text.USB_Disable
                0x00000000        0x0 ../../LUFA/Drivers/USB/Core/AVR8/USBController_AVR8.o
 .text          0x00000000        0x0 ../../LUFA/Drivers/USB/Core/AVR8/USBInterrupt_AVR8.o
 .data          0x00000000        0x0 ../../LUFA/Drivers/USB/Core/AVR8/USBInterrupt_AVR8.o
 .bss           0x00000000        0x0 ../../LUFA/Drivers/USB/Core/AVR8/USBInterrupt_AVR8.o
 .text          0x00000000        0x0 ../../LUFA/Drivers/USB/Core/AVR8/EndpointStream_AVR8.o
 .data          0x00000000        0x0 ../../LUFA/Drivers/USB/Core/AVR8/EndpointStream_AVR8.o
 .bss           0x00000000        0x0 ../../LUFA/Drivers/USB/Core/AVR8/EndpointStream_AVR8.o
 .text.Endpoint_Write_Control_Stream_BE
                0x00000000        0x0 ../../LUFA/Drivers/USB/Core/AVR8/EndpointStream_AVR8.o
 .text.Endpoint_Read_Control_Stream_LE
                0x00000000        0x0 ../../LUFA/Drivers/USB/Core/AVR8/EndpointStream_AVR8.o
 .text.Endpoint_Read_Control_Stream_BE
                0x00000000        0x0 ../../LUFA/Drivers/USB/Core/AVR8/EndpointStream_AVR8.o
 .text.Endpoint_Write_Control_PStream_BE
                0x00000000        0x0 ../../LUFA/Drivers/USB/Core/AVR8/EndpointStream_AVR8.o
 .text.Endpoint_Read_Control_EStream_BE
                0x00000000        0x0 ../../LUFA/Drivers/USB/Core/AVR8/EndpointStream_AVR8.o
 .text.Endpoint_Read_Control_EStream_LE
                0x00000000        0x0 ../../LUFA/Drivers/USB/Core/AVR8/EndpointStream_AVR8.o
 .text.Endpoint_Write_Control_EStream_BE
                0x00000000        0x0 ../../LUFA/Drivers/USB/Core/AVR8/EndpointStream_AVR8.o
 .text.Endpoint_Write_Control_EStream_LE
                0x00000000        0x0 ../../LUFA/Drivers/USB/Core/AVR8/EndpointStream_AVR8.o
 .text.Endpoint_Read_EStream_BE
                0x00000000        0x0 ../../LUFA/Drivers/USB/Core/AVR8/EndpointStream_AVR8.o
 .text.Endpoint_Read_EStream_LE
                0x00000000        0x0 ../../LUFA/Drivers/USB/Core/AVR8/EndpointStream_AVR8.o
 .text.Endpoint_Write_EStream_BE
                0x00000000        0x0 ../../LUFA/Drivers/USB/Core/AVR8/EndpointStream_AVR8.o
 .text.Endpoint_Write_EStream_LE
                0x00000000        0x0 ../../LUFA/Drivers/USB/Core/AVR8/EndpointStream_AVR8.o
 .text.Endpoint_Write_PStream_BE
                0x00000000        0x0 ../../LUFA/Drivers/USB/Core/AVR8/EndpointStream_AVR8.o
 .text.Endpoint_Write_PStream_LE
                0x00000000        0x0 ../../LUFA/Drivers/USB/Core/AVR8/EndpointStream_AVR8.o
 .text.Endpoint_Read_Stream_BE
                0x00000000        0x0 ../../LUFA/Drivers/USB/Core/AVR8/EndpointStream_AVR8.o
 .text.Endpoint_Read_Stream_LE
                0x00000000        0x0 ../../LUFA/Drivers/USB/Core/AVR8/EndpointStream_AVR8.o
 .text.Endpoint_Write_Stream_BE
                0x00000000        0x0 ../../LUFA/Drivers/USB/Core/AVR8/EndpointStream_AVR8.o
 .text.Endpoint_Write_Stream_LE
                0x00000000        0x0 ../../LUFA/Drivers/USB/Core/AVR8/EndpointStream_AVR8.o
 .text.Endpoint_Null_Stream
                0x00000000        0x0 ../../LUFA/Drivers/USB/Core/AVR8/EndpointStream_AVR8.o
 .text.Endpoint_Discard_Stream
                0x00000000        0x0 ../../LUFA/Drivers/USB/Core/AVR8/EndpointStream_AVR8.o
 .text          0x00000000        0x0 ../../LUFA/Drivers/USB/Core/AVR8/PipeStream_AVR8.o
 .data          0x00000000        0x0 ../../LUFA/Drivers/USB/Core/AVR8/PipeStream_AVR8.o
 .bss           0x00000000        0x0 ../../LUFA/Drivers/USB/Core/AVR8/PipeStream_AVR8.o
 .text          0x00000000        0x0 ../../LUFA/Drivers/USB/Core/ConfigDescriptor.o
 .data          0x00000000        0x0 ../../LUFA/Drivers/USB/Core/ConfigDescriptor.o
 .bss           0x00000000        0x0 ../../LUFA/Drivers/USB/Core/ConfigDescriptor.o
 .text.USB_GetNextDescriptorOfType
                0x00000000        0x0 ../../LUFA/Drivers/USB/Core/ConfigDescriptor.o
 .text.USB_GetNextDescriptorOfTypeBefore
                0x00000000        0x0 ../../LUFA/Drivers/USB/Core/ConfigDescriptor.o
 .text.USB_GetNextDescriptorOfTypeAfter
                0x00000000        0x0 ../../LUFA/Drivers/USB/Core/ConfigDescriptor.o
 .text.USB_GetNextDescriptorComp
                0x00000000        0x0 ../../LUFA/Drivers/USB/Core/ConfigDescriptor.o
 .text          0x00000000        0x0 ../../LUFA/Drivers/USB/Core/DeviceStandardReq.o
 .data          0x00000000        0x0 ../../LUFA/Drivers/USB/Core/DeviceStandardReq.o
 .bss           0x00000000        0x0 ../../LUFA/Drivers/USB/Core/DeviceStandardReq.o
 .text          0x00000000        0x0 ../../LUFA/Drivers/USB/Core/Events.o
 .data          0x00000000        0x0 ../../LUFA/Drivers/USB/Core/Events.o
 .bss           0x00000000        0x0 ../../LUFA/Drivers/USB/Core/Events.o
 .text          0x00000000        0x0 ../../LUFA/Drivers/USB/Core/HostStandardReq.o
 .data          0x00000000        0x0 ../../LUFA/Drivers/USB/Core/HostStandardReq.o
 .bss           0x00000000        0x0 ../../LUFA/Drivers/USB/Core/HostStandardReq.o
 .text          0x00000000        0x0 ../../LUFA/Drivers/USB/Core/USBTask.o
 .data          0x00000000        0x0 ../../LUFA/Drivers/USB/Core/USBTask.o
 .bss           0x00000000        0x0 ../../LUFA/Drivers/USB/Core/USBTask.o
 .text          0x00000000        0x0 ../../LUFA/Drivers/USB/Class/Common/HIDParser.o
 .data          0x00000000        0x0 ../../LUFA/Drivers/USB/Class/Common/HIDParser.o
 .bss           0x00000000        0x0 ../../LUFA/Drivers/USB/Class/Common/HIDParser.o
 .text.USB_GetHIDReportItemInfo
                0x00000000        0x0 ../../LUFA/Drivers/USB/Class/Common/HIDParser.o
 .text.USB_SetHIDReportItemInfo
                0x00000000        0x0 ../../LUFA/Drivers/USB/Class/Common/HIDParser.o
 .text.USB_GetHIDReportSize
                0x00000000        0x0 ../../LUFA/Drivers/USB/Class/Common/HIDParser.o
 .text.USB_ProcessHIDReport
                0x00000000        0x0 ../../LUFA/Drivers/USB/Class/Common/HIDParser.o
 .text          0x00000000        0x0 ../../LUFA/Drivers/USB/Class/Device/AudioClassDevice.o
 .data          0x00000000        0x0 ../../LUFA/Drivers/USB/Class/Device/AudioClassDevice.o
 .bss           0x00000000        0x0 ../../LUFA/Drivers/USB/Class/Device/AudioClassDevice.o
 .text.Audio_Device_Event_Stub
                0x00000000        0x0 ../../LUFA/Drivers/USB/Class/Device/AudioClassDevice.o
 .text.Audio_Device_ConfigureEndpoints
                0x00000000        0x0 ../../LUFA/Drivers/USB/Class/Device/AudioClassDevice.o
 .text.Audio_Device_ProcessControlRequest
                0x00000000        0x0 ../../LUFA/Drivers/USB/Class/Device/AudioClassDevice.o
 .text          0x00000000        0x0 ../../LUFA/Drivers/USB/Class/Device/CDCClassDevice.o
 .data          0x00000000        0x0 ../../LUFA/Drivers/USB/Class/Device/CDCClassDevice.o
 .bss           0x00000000        0x0 ../../LUFA/Drivers/USB/Class/Device/CDCClassDevice.o
 .text.CDC_Device_BytesReceived
                0x00000000        0x0 ../../LUFA/Drivers/USB/Class/Device/CDCClassDevice.o
 .text.CDC_Device_CreateStream
                0x00000000        0x0 ../../LUFA/Drivers/USB/Class/Device/CDCClassDevice.o
 .text.CDC_Device_CreateBlockingStream
                0x00000000        0x0 ../../LUFA/Drivers/USB/Class/Device/CDCClassDevice.o
 .text.CDC_Device_getchar
                0x00000000        0x0 ../../LUFA/Drivers/USB/Class/Device/CDCClassDevice.o
 .text.CDC_Device_SendControlLineStateChange
                0x00000000        0x0 ../../LUFA/Drivers/USB/Class/Device/CDCClassDevice.o
 .text.CDC_Device_SendData
                0x00000000        0x0 ../../LUFA/Drivers/USB/Class/Device/CDCClassDevice.o
 .text.CDC_Device_getchar_Blocking
                0x00000000        0x0 ../../LUFA/Drivers/USB/Class/Device/CDCClassDevice.o
 .text.CDC_Device_putchar
                0x00000000        0x0 ../../LUFA/Drivers/USB/Class/Device/CDCClassDevice.o
 .text.CDC_Device_SendString
                0x00000000        0x0 ../../LUFA/Drivers/USB/Class/Device/CDCClassDevice.o
 .text          0x00000000        0x0 ../../LUFA/Drivers/USB/Class/Device/HIDClassDevice.o
 .data          0x00000000        0x0 ../../LUFA/Drivers/USB/Class/Device/HIDClassDevice.o
 .bss           0x00000000        0x0 ../../LUFA/Drivers/USB/Class/Device/HIDClassDevice.o
 .text.HID_Device_USBTask
                0x00000000        0x0 ../../LUFA/Drivers/USB/Class/Device/HIDClassDevice.o
 .text.HID_Device_ConfigureEndpoints
                0x00000000        0x0 ../../LUFA/Drivers/USB/Class/Device/HIDClassDevice.o
 .text.HID_Device_ProcessControlRequest
                0x00000000        0x0 ../../LUFA/Drivers/USB/Class/Device/HIDClassDevice.o
 .text          0x00000000        0x0 ../../LUFA/Drivers/USB/Class/Device/MassStorageClassDevice.o
 .data          0x00000000        0x0 ../../LUFA/Drivers/USB/Class/Device/MassStorageClassDevice.o
 .bss           0x00000000        0x0 ../../LUFA/Drivers/USB/Class/Device/MassStorageClassDevice.o
 .text.MS_Device_USBTask
                0x00000000        0x0 ../../LUFA/Drivers/USB/Class/Device/MassStorageClassDevice.o
 .text.MS_Device_ConfigureEndpoints
                0x00000000        0x0 ../../LUFA/Drivers/USB/Class/Device/MassStorageClassDevice.o
 .text.MS_Device_ProcessControlRequest
                0x00000000        0x0 ../../LUFA/Drivers/USB/Class/Device/MassStorageClassDevice.o
 .text          0x00000000        0x0 ../../LUFA/Drivers/USB/Class/Device/MIDIClassDevice.o
 .data          0x00000000        0x0 ../../LUFA/Drivers/USB/Class/Device/MIDIClassDevice.o
 .bss           0x00000000        0x0 ../../LUFA/Drivers/USB/Class/Device/MIDIClassDevice.o
 .text.MIDI_Device_ReceiveEventPacket
                0x00000000        0x0 ../../LUFA/Drivers/USB/Class/Device/MIDIClassDevice.o
 .text.MIDI_Device_Flush
                0x00000000        0x0 ../../LUFA/Drivers/USB/Class/Device/MIDIClassDevice.o
 .text.MIDI_Device_USBTask
                0x00000000        0x0 ../../LUFA/Drivers/USB/Class/Device/MIDIClassDevice.o
 .text.MIDI_Device_SendEventPacket
                0x00000000        0x0 ../../LUFA/Drivers/USB/Class/Device/MIDIClassDevice.o
 .text.MIDI_Device_ConfigureEndpoints
                0x00000000        0x0 ../../LUFA/Drivers/USB/Class/Device/MIDIClassDevice.o
 .text          0x00000000        0x0 ../../LUFA/Drivers/USB/Class/Device/RNDISClassDevice.o
 .data          0x00000000        0x0 ../../LUFA/Drivers/USB/Class/Device/RNDISClassDevice.o
 .bss           0x00000000        0x0 ../../LUFA/Drivers/USB/Class/Device/RNDISClassDevice.o
 .text.RNDIS_Device_IsPacketReceived
                0x00000000        0x0 ../../LUFA/Drivers/USB/Class/Device/RNDISClassDevice.o
 .text.RNDIS_Device_SendPacket
                0x00000000        0x0 ../../LUFA/Drivers/USB/Class/Device/RNDISClassDevice.o
 .text.RNDIS_Device_USBTask
                0x00000000        0x0 ../../LUFA/Drivers/USB/Class/Device/RNDISClassDevice.o
 .text.RNDIS_Device_ReadPacket
                0x00000000        0x0 ../../LUFA/Drivers/USB/Class/Device/RNDISClassDevice.o
 .text.RNDIS_Device_ConfigureEndpoints
                0x00000000        0x0 ../../LUFA/Drivers/USB/Class/Device/RNDISClassDevice.o
 .text.RNDIS_Device_ProcessControlRequest
                0x00000000        0x0 ../../LUFA/Drivers/USB/Class/Device/RNDISClassDevice.o
 .progmem.data  0x00000000        0x0 ../../LUFA/Drivers/USB/Class/Device/RNDISClassDevice.o
 .text          0x00000000        0x0 ../../LUFA/Drivers/USB/Class/Host/AndroidAccessoryClassHost.o
 .data          0x00000000        0x0 ../../LUFA/Drivers/USB/Class/Host/AndroidAccessoryClassHost.o
 .bss           0x00000000        0x0 ../../LUFA/Drivers/USB/Class/Host/AndroidAccessoryClassHost.o
 .text          0x00000000        0x0 ../../LUFA/Drivers/USB/Class/Host/AudioClassHost.o
 .data          0x00000000        0x0 ../../LUFA/Drivers/USB/Class/Host/AudioClassHost.o
 .bss           0x00000000        0x0 ../../LUFA/Drivers/USB/Class/Host/AudioClassHost.o
 .text          0x00000000        0x0 ../../LUFA/Drivers/USB/Class/Host/CDCClassHost.o
 .data          0x00000000        0x0 ../../LUFA/Drivers/USB/Class/Host/CDCClassHost.o
 .bss           0x00000000        0x0 ../../LUFA/Drivers/USB/Class/Host/CDCClassHost.o
 .text          0x00000000        0x0 ../../LUFA/Drivers/USB/Class/Host/HIDClassHost.o
 .data          0x00000000        0x0 ../../LUFA/Drivers/USB/Class/Host/HIDClassHost.o
 .bss           0x00000000        0x0 ../../LUFA/Drivers/USB/Class/Host/HIDClassHost.o
 .text          0x00000000        0x0 ../../LUFA/Drivers/USB/Class/Host/MassStorageClassHost.o
 .data          0x00000000        0x0 ../../LUFA/Drivers/USB/Class/Host/MassStorageClassHost.o
 .bss           0x00000000        0x0 ../../LUFA/Drivers/USB/Class/Host/MassStorageClassHost.o
 .text          0x00000000        0x0 ../../LUFA/Drivers/USB/Class/Host/MIDIClassHost.o
 .data          0x00000000        0x0 ../../LUFA/Drivers/USB/Class/Host/MIDIClassHost.o
 .bss           0x00000000        0x0 ../../LUFA/Drivers/USB/Class/Host/MIDIClassHost.o
 .text          0x00000000        0x0 ../../LUFA/Drivers/USB/Class/Host/PrinterClassHost.o
 .data          0x00000000        0x0 ../../LUFA/Drivers/USB/Class/Host/PrinterClassHost.o
 .bss           0x00000000        0x0 ../../LUFA/Drivers/USB/Class/Host/PrinterClassHost.o
 .text          0x00000000        0x0 ../../LUFA/Drivers/USB/Class/Host/RNDISClassHost.o
 .data          0x00000000        0x0 ../../LUFA/Drivers/USB/Class/Host/RNDISClassHost.o
 .bss           0x00000000        0x0 ../../LUFA/Drivers/USB/Class/Host/RNDISClassHost.o
 .text          0x00000000        0x0 ../../LUFA/Drivers/USB/Class/Host/StillImageClassHost.o
 .data          0x00000000        0x0 ../../LUFA/Drivers/USB/Class/Host/StillImageClassHost.o
 .bss           0x00000000        0x0 ../../LUFA/Drivers/USB/Class/Host/StillImageClassHost.o
 .text          0x00000000        0x0 c:/winavr-20100110/bin/../lib/gcc/avr/4.3.3/avr35\libgcc.a(_mulhi3.o)
 .data          0x00000000        0x0 c:/winavr-20100110/bin/../lib/gcc/avr/4.3.3/avr35\libgcc.a(_mulhi3.o)
 .bss           0x00000000        0x0 c:/winavr-20100110/bin/../lib/gcc/avr/4.3.3/avr35\libgcc.a(_mulhi3.o)
 .text.libgcc   0x00000000        0x0 c:/winavr-20100110/bin/../lib/gcc/avr/4.3.3/avr35\libgcc.a(_mulhi3.o)
 .text          0x00000000        0x0 c:/winavr-20100110/bin/../lib/gcc/avr/4.3.3/avr35\libgcc.a(_udivmodsi4.o)
 .data          0x00000000        0x0 c:/winavr-20100110/bin/../lib/gcc/avr/4.3.3/avr35\libgcc.a(_udivmodsi4.o)
 .bss           0x00000000        0x0 c:/winavr-20100110/bin/../lib/gcc/avr/4.3.3/avr35\libgcc.a(_udivmodsi4.o)
 .text          0x00000000        0x0 c:/winavr-20100110/bin/../lib/gcc/avr/4.3.3/avr35\libgcc.a(_exit.o)
 .data          0x00000000        0x0 c:/winavr-20100110/bin/../lib/gcc/avr/4.3.3/avr35\libgcc.a(_exit.o)
 .bss           0x00000000        0x0 c:/winavr-20100110/bin/../lib/gcc/avr/4.3.3/avr35\libgcc.a(_exit.o)
 .text.libgcc   0x00000000        0x0 c:/winavr-20100110/bin/../lib/gcc/avr/4.3.3/avr35\libgcc.a(_exit.o)
 .text          0x00000000        0x0 c:/winavr-20100110/bin/../lib/gcc/avr/4.3.3/avr35\libgcc.a(_copy_data.o)
 .data          0x00000000        0x0 c:/winavr-20100110/bin/../lib/gcc/avr/4.3.3/avr35\libgcc.a(_copy_data.o)
 .bss           0x00000000        0x0 c:/winavr-20100110/bin/../lib/gcc/avr/4.3.3/avr35\libgcc.a(_copy_data.o)
 .text.libgcc   0x00000000        0x0 c:/winavr-20100110/bin/../lib/gcc/avr/4.3.3/avr35\libgcc.a(_copy_data.o)
 .text          0x00000000        0x0 c:/winavr-20100110/bin/../lib/gcc/avr/4.3.3/avr35\libgcc.a(_clear_bss.o)
 .data          0x00000000        0x0 c:/winavr-20100110/bin/../lib/gcc/avr/4.3.3/avr35\libgcc.a(_clear_bss.o)
 .bss           0x00000000        0x0 c:/winavr-20100110/bin/../lib/gcc/avr/4.3.3/avr35\libgcc.a(_clear_bss.o)
 .text.libgcc   0x00000000        0x0 c:/winavr-20100110/bin/../lib/gcc/avr/4.3.3/avr35\libgcc.a(_clear_bss.o)
 .text          0x00000000        0x0 c:/winavr-20100110/bin/../lib/gcc/avr/4.3.3/../../../../avr/lib/avr35\libc.a(memcpy_P.o)
 .data          0x00000000        0x0 c:/winavr-20100110/bin/../lib/gcc/avr/4.3.3/../../../../avr/lib/avr35\libc.a(memcpy_P.o)
 .bss           0x00000000        0x0 c:/winavr-20100110/bin/../lib/gcc/avr/4.3.3/../../../../avr/lib/avr35\libc.a(memcpy_P.o)
 .text.avr-libc
                0x00000000        0x0 c:/winavr-20100110/bin/../lib/gcc/avr/4.3.3/../../../../avr/lib/avr35\libc.a(memcpy_P.o)
 .text          0x00000000        0x0 c:/winavr-20100110/bin/../lib/gcc/avr/4.3.3/../../../../avr/lib/avr35\libc.a(memcmp.o)
 .data          0x00000000        0x0 c:/winavr-20100110/bin/../lib/gcc/avr/4.3.3/../../../../avr/lib/avr35\libc.a(memcmp.o)
 .bss           0x00000000        0x0 c:/winavr-20100110/bin/../lib/gcc/avr/4.3.3/../../../../avr/lib/avr35\libc.a(memcmp.o)
 .text.avr-libc
                0x00000000        0x0 c:/winavr-20100110/bin/../lib/gcc/avr/4.3.3/../../../../avr/lib/avr35\libc.a(memcmp.o)
 .text          0x00000000        0x0 c:/winavr-20100110/bin/../lib/gcc/avr/4.3.3/../../../../avr/lib/avr35\libc.a(memcpy.o)
 .data          0x00000000        0x0 c:/winavr-20100110/bin/../lib/gcc/avr/4.3.3/../../../../avr/lib/avr35\libc.a(memcpy.o)
 .bss           0x00000000        0x0 c:/winavr-20100110/bin/../lib/gcc/avr/4.3.3/../../../../avr/lib/avr35\libc.a(memcpy.o)
 .text.avr-libc
                0x00000000        0x0 c:/winavr-20100110/bin/../lib/gcc/avr/4.3.3/../../../../avr/lib/avr35\libc.a(memcpy.o)
 .text          0x00000000        0x0 c:/winavr-20100110/bin/../lib/gcc/avr/4.3.3/../../../../avr/lib/avr35\libc.a(memset.o)
 .data          0x00000000        0x0 c:/winavr-20100110/bin/../lib/gcc/avr/4.3.3/../../../../avr/lib/avr35\libc.a(memset.o)
 .bss           0x00000000        0x0 c:/winavr-20100110/bin/../lib/gcc/avr/4.3.3/../../../../avr/lib/avr35\libc.a(memset.o)
 .text.avr-libc
                0x00000000        0x0 c:/winavr-20100110/bin/../lib/gcc/avr/4.3.3/../../../../avr/lib/avr35\libc.a(memset.o)
 .text          0x00000000        0x0 c:/winavr-20100110/bin/../lib/gcc/avr/4.3.3/../../../../avr/lib/avr35\libc.a(eerd_byte_atmega8u2.o)
 .data          0x00000000        0x0 c:/winavr-20100110/bin/../lib/gcc/avr/4.3.3/../../../../avr/lib/avr35\libc.a(eerd_byte_atmega8u2.o)
 .bss           0x00000000        0x0 c:/winavr-20100110/bin/../lib/gcc/avr/4.3.3/../../../../avr/lib/avr35\libc.a(eerd_byte_atmega8u2.o)
 .text.avr-libc
                0x00000000        0x0 c:/winavr-20100110/bin/../lib/gcc/avr/4.3.3/../../../../avr/lib/avr35\libc.a(eerd_byte_atmega8u2.o)
 .text          0x00000000        0x0 c:/winavr-20100110/bin/../lib/gcc/avr/4.3.3/../../../../avr/lib/avr35\libc.a(eeupd_byte_atmega8u2.o)
 .data          0x00000000        0x0 c:/winavr-20100110/bin/../lib/gcc/avr/4.3.3/../../../../avr/lib/avr35\libc.a(eeupd_byte_atmega8u2.o)
 .bss           0x00000000        0x0 c:/winavr-20100110/bin/../lib/gcc/avr/4.3.3/../../../../avr/lib/avr35\libc.a(eeupd_byte_atmega8u2.o)
 .text.avr-libc
                0x00000000        0x0 c:/winavr-20100110/bin/../lib/gcc/avr/4.3.3/../../../../avr/lib/avr35\libc.a(eeupd_byte_atmega8u2.o)

Memory Configuration

Name             Origin             Length             Attributes
text             0x00000000         0x00020000         xr
data             0x00800060         0x0000ffa0         rw !x
eeprom           0x00810000         0x00010000         rw !x
fuse             0x00820000         0x00000400         rw !x
lock             0x00830000         0x00000400         rw !x
signature        0x00840000         0x00000400         rw !x
*default*        0x00000000         0xffffffff

Linker script and memory map

Address of section .data set to 0x800100
LOAD c:/winavr-20100110/bin/../lib/gcc/avr/4.3.3/../../../../avr/lib/avr35/crtm8u2.o
LOAD USBtoSerial.o
LOAD Descriptors.o
LOAD ../../LUFA/Drivers/USB/Core/AVR8/Device_AVR8.o
LOAD ../../LUFA/Drivers/USB/Core/AVR8/Endpoint_AVR8.o
LOAD ../../LUFA/Drivers/USB/Core/AVR8/Host_AVR8.o
LOAD ../../LUFA/Drivers/USB/Core/AVR8/Pipe_AVR8.o
LOAD ../../LUFA/Drivers/USB/Core/AVR8/USBController_AVR8.o
LOAD ../../LUFA/Drivers/USB/Core/AVR8/USBInterrupt_AVR8.o
LOAD ../../LUFA/Drivers/USB/Core/AVR8/EndpointStream_AVR8.o
LOAD ../../LUFA/Drivers/USB/Core/AVR8/PipeStream_AVR8.o
LOAD ../../LUFA/Drivers/USB/Core/ConfigDescriptor.o
LOAD ../../LUFA/Drivers/USB/Core/DeviceStandardReq.o
LOAD ../../LUFA/Drivers/USB/Core/Events.o
LOAD ../../LUFA/Drivers/USB/Core/HostStandardReq.o
LOAD ../../LUFA/Drivers/USB/Core/USBTask.o
LOAD ../../LUFA/Drivers/USB/Class/Common/HIDParser.o
LOAD ../../LUFA/Drivers/USB/Class/Device/AudioClassDevice.o
LOAD ../../LUFA/Drivers/USB/Class/Device/CDCClassDevice.o
LOAD ../../LUFA/Drivers/USB/Class/Device/HIDClassDevice.o
LOAD ../../LUFA/Drivers/USB/Class/Device/MassStorageClassDevice.o
LOAD ../../LUFA/Drivers/USB/Class/Device/MIDIClassDevice.o
LOAD ../../LUFA/Drivers/USB/Class/Device/RNDISClassDevice.o
LOAD ../../LUFA/Drivers/USB/Class/Host/AndroidAccessoryClassHost.o
LOAD ../../LUFA/Drivers/USB/Class/Host/AudioClassHost.o
LOAD ../../LUFA/Drivers/USB/Class/Host/CDCClassHost.o
LOAD ../../LUFA/Drivers/USB/Class/Host/HIDClassHost.o
LOAD ../../LUFA/Drivers/USB/Class/Host/MassStorageClassHost.o
LOAD ../../LUFA/Drivers/USB/Class/Host/MIDIClassHost.o
LOAD ../../LUFA/Drivers/USB/Class/Host/PrinterClassHost.o
LOAD ../../LUFA/Drivers/USB/Class/Host/RNDISClassHost.o
LOAD ../../LUFA/Drivers/USB/Class/Host/StillImageClassHost.o
LOAD c:/winavr-20100110/bin/../lib/gcc/avr/4.3.3/../../../../avr/lib/avr35\libm.a
LOAD c:/winavr-20100110/bin/../lib/gcc/avr/4.3.3/avr35\libgcc.a
LOAD c:/winavr-20100110/bin/../lib/gcc/avr/4.3.3/../../../../avr/lib/avr35\libc.a
LOAD c:/winavr-20100110/bin/../lib/gcc/avr/4.3.3/avr35\libgcc.a

.hash
 *(.hash)

.dynsym
 *(.dynsym)

.dynstr
 *(.dynstr)

.gnu.version
 *(.gnu.version)

.gnu.version_d
 *(.gnu.version_d)

.gnu.version_r
 *(.gnu.version_r)

.rel.init
 *(.rel.init)

.rela.init
 *(.rela.init)

.rel.text
 *(.rel.text)
 *(.rel.text.*)
 *(.rel.gnu.linkonce.t*)

.rela.text
 *(.rela.text)
 *(.rela.text.*)
 *(.rela.gnu.linkonce.t*)

.rel.fini
 *(.rel.fini)

.rela.fini
 *(.rela.fini)

.rel.rodata
 *(.rel.rodata)
 *(.rel.rodata.*)
 *(.rel.gnu.linkonce.r*)

.rela.rodata
 *(.rela.rodata)
 *(.rela.rodata.*)
 *(.rela.gnu.linkonce.r*)

.rel.data
 *(.rel.data)
 *(.rel.data.*)
 *(.rel.gnu.linkonce.d*)

.rela.data
 *(.rela.data)
 *(.rela.data.*)
 *(.rela.gnu.linkonce.d*)

.rel.ctors
 *(.rel.ctors)

.rela.ctors
 *(.rela.ctors)

.rel.dtors
 *(.rel.dtors)

.rela.dtors
 *(.rela.dtors)

.rel.got
 *(.rel.got)

.rela.got
 *(.rela.got)

.rel.bss
 *(.rel.bss)

.rela.bss
 *(.rela.bss)

.rel.plt
 *(.rel.plt)

.rela.plt
 *(.rela.plt)

.text           0x00000000      0xf48
 *(.vectors)
 .vectors       0x00000000       0x98 c:/winavr-20100110/bin/../lib/gcc/avr/4.3.3/../../../../avr/lib/avr35/crtm8u2.o
                0x00000000                __vectors
                0x00000000                __vector_default
 *(.vectors)
 *(.progmem.gcc*)
 *(.progmem*)
 .progmem.data  0x00000098       0x9e Descriptors.o
                0x000000ec                ManufacturerString
                0x000000e8                LanguageString
                0x00000098                DeviceDescriptor
                0x00000106                ProductString
                0x000000aa                ConfigurationDescriptor
                0x00000136                . = ALIGN (0x2)
                0x00000136                __trampolines_start = .
 *(.trampolines)
 .trampolines   0x00000136        0x0 linker stubs
 *(.trampolines*)
                0x00000136                __trampolines_end = .
 *(.jumptables)
 *(.jumptables*)
 *(.lowtext)
 *(.lowtext*)
                0x00000136                __ctors_start = .
 *(.ctors)
                0x00000136                __ctors_end = .
                0x00000136                __dtors_start = .
 *(.dtors)
                0x00000136                __dtors_end = .
 SORT(*)(.ctors)
 SORT(*)(.dtors)
 *(.init0)
 .init0         0x00000136        0x0 c:/winavr-20100110/bin/../lib/gcc/avr/4.3.3/../../../../avr/lib/avr35/crtm8u2.o
                0x00000136                __init
 *(.init0)
 *(.init1)
 *(.init1)
 *(.init2)
 .init2         0x00000136        0xc c:/winavr-20100110/bin/../lib/gcc/avr/4.3.3/../../../../avr/lib/avr35/crtm8u2.o
 *(.init2)
 *(.init3)
 *(.init3)
 *(.init4)
 .init4         0x00000142       0x16 c:/winavr-20100110/bin/../lib/gcc/avr/4.3.3/avr35\libgcc.a(_copy_data.o)
                0x00000142                __do_copy_data
 .init4         0x00000158       0x10 c:/winavr-20100110/bin/../lib/gcc/avr/4.3.3/avr35\libgcc.a(_clear_bss.o)
                0x00000158                __do_clear_bss
 *(.init4)
 *(.init5)
 *(.init5)
 *(.init6)
 *(.init6)
 *(.init7)
 *(.init7)
 *(.init8)
 *(.init8)
 *(.init9)
 .init9         0x00000168        0x4 c:/winavr-20100110/bin/../lib/gcc/avr/4.3.3/../../../../avr/lib/avr35/crtm8u2.o
 *(.init9)
 *(.text)
 .text          0x0000016c        0x2 c:/winavr-20100110/bin/../lib/gcc/avr/4.3.3/../../../../avr/lib/avr35/crtm8u2.o
                0x0000016c                __vector_22
                0x0000016c                __vector_28
                0x0000016c                __vector_1
                0x0000016c                __vector_32
                0x0000016c                __vector_34
                0x0000016c                __vector_24
                0x0000016c                __bad_interrupt
                0x0000016c                __vector_6
                0x0000016c                __vector_31
                0x0000016c                __vector_35
                0x0000016c                __vector_3
                0x0000016c                __vector_30
                0x0000016c                __vector_25
                0x0000016c                __vector_13
                0x0000016c                __vector_17
                0x0000016c                __vector_19
                0x0000016c                __vector_7
                0x0000016c                __vector_27
                0x0000016c                __vector_5
                0x0000016c                __vector_33
                0x0000016c                __vector_37
                0x0000016c                __vector_4
                0x0000016c                __vector_9
                0x0000016c                __vector_2
                0x0000016c                __vector_21
                0x0000016c                __vector_15
                0x0000016c                __vector_36
                0x0000016c                __vector_29
                0x0000016c                __vector_8
                0x0000016c                __vector_26
                0x0000016c                __vector_14
                0x0000016c                __vector_10
                0x0000016c                __vector_16
                0x0000016c                __vector_18
                0x0000016c                __vector_20
                0x0000016e                . = ALIGN (0x2)
 *(.text.*)
 .text.RingBuffer_Insert
                0x0000016e       0x3e USBtoSerial.o
 .text.RingBuffer_Remove
                0x000001ac       0x3a USBtoSerial.o
 .text.EVENT_USB_Device_Connect
                0x000001e6        0xa USBtoSerial.o
                0x000001e6                EVENT_USB_Device_Connect
 .text.EVENT_USB_Device_Disconnect
                0x000001f0        0xa USBtoSerial.o
                0x000001f0                EVENT_USB_Device_Disconnect
 .text.__vector_23
                0x000001fa       0x54 USBtoSerial.o
                0x000001fa                __vector_23
 .text.EVENT_CDC_Device_LineEncodingChanged
                0x0000024e       0x84 USBtoSerial.o
                0x0000024e                EVENT_CDC_Device_LineEncodingChanged
 .text.EVENT_USB_Device_ControlRequest
                0x000002d2        0x6 USBtoSerial.o
                0x000002d2                EVENT_USB_Device_ControlRequest
 .text.EVENT_USB_Device_ConfigurationChanged
                0x000002d8       0x1c USBtoSerial.o
                0x000002d8                EVENT_USB_Device_ConfigurationChanged
 .text.SetupHardware
                0x000002f4       0x2a USBtoSerial.o
                0x000002f4                SetupHardware
 .text.main     0x0000031e      0x106 USBtoSerial.o
                0x0000031e                main
 .text.CALLBACK_USB_GetDescriptor
                0x00000424       0x5c Descriptors.o
                0x00000424                CALLBACK_USB_GetDescriptor
 .text.Endpoint_ConfigureEndpoint_Prv
                0x00000480       0x26 ../../LUFA/Drivers/USB/Core/AVR8/Endpoint_AVR8.o
                0x00000480                Endpoint_ConfigureEndpoint_Prv
 .text.Endpoint_ClearStatusStage
                0x000004a6       0x3e ../../LUFA/Drivers/USB/Core/AVR8/Endpoint_AVR8.o
                0x000004a6                Endpoint_ClearStatusStage
 .text.Endpoint_WaitUntilReady
                0x000004e4       0x62 ../../LUFA/Drivers/USB/Core/AVR8/Endpoint_AVR8.o
                0x000004e4                Endpoint_WaitUntilReady
 .text.USB_ResetInterface
                0x00000546       0x70 ../../LUFA/Drivers/USB/Core/AVR8/USBController_AVR8.o
                0x00000546                USB_ResetInterface
 .text.USB_Init
                0x000005b6       0x12 ../../LUFA/Drivers/USB/Core/AVR8/USBController_AVR8.o
                0x000005b6                USB_Init
 .text.USB_INT_DisableAllInterrupts
                0x000005c8        0x6 ../../LUFA/Drivers/USB/Core/AVR8/USBInterrupt_AVR8.o
                0x000005c8                USB_INT_DisableAllInterrupts
 .text.USB_INT_ClearAllInterrupts
                0x000005ce        0x6 ../../LUFA/Drivers/USB/Core/AVR8/USBInterrupt_AVR8.o
                0x000005ce                USB_INT_ClearAllInterrupts
 .text.__vector_12
                0x000005d4       0x72 ../../LUFA/Drivers/USB/Core/AVR8/USBInterrupt_AVR8.o
                0x000005d4                __vector_12
 .text.__vector_11
                0x00000646      0x148 ../../LUFA/Drivers/USB/Core/AVR8/USBInterrupt_AVR8.o
                0x00000646                __vector_11
 .text.Endpoint_Write_Control_Stream_LE
                0x0000078e       0xb8 ../../LUFA/Drivers/USB/Core/AVR8/EndpointStream_AVR8.o
                0x0000078e                Endpoint_Write_Control_Stream_LE
 .text.Endpoint_Write_Control_PStream_LE
                0x00000846       0xbe ../../LUFA/Drivers/USB/Core/AVR8/EndpointStream_AVR8.o
                0x00000846                Endpoint_Write_Control_PStream_LE
 .text.USB_Device_ProcessControlRequest
                0x00000904      0x2d2 ../../LUFA/Drivers/USB/Core/DeviceStandardReq.o
                0x00000904                USB_Device_ProcessControlRequest
 .text.USB_Event_Stub
                0x00000bd6        0x2 ../../LUFA/Drivers/USB/Core/Events.o
                0x00000bd6                EVENT_USB_Device_WakeUp
                0x00000bd6                USB_Event_Stub
                0x00000bd6                EVENT_USB_Device_Suspend
                0x00000bd6                EVENT_USB_Device_StartOfFrame
                0x00000bd6                EVENT_USB_Device_Reset
 .text.USB_USBTask
                0x00000bd8       0x24 ../../LUFA/Drivers/USB/Core/USBTask.o
                0x00000bd8                USB_USBTask
 .text.CDC_Device_ReceiveByte
                0x00000bfc       0x58 ../../LUFA/Drivers/USB/Class/Device/CDCClassDevice.o
                0x00000bfc                CDC_Device_ReceiveByte
 .text.CDC_Device_Event_Stub
                0x00000c54        0x2 ../../LUFA/Drivers/USB/Class/Device/CDCClassDevice.o
                0x00000c54                EVENT_CDC_Device_ControLineStateChanged
                0x00000c54                EVENT_CDC_Device_BreakSent
                0x00000c54                CDC_Device_Event_Stub
 .text.CDC_Device_Flush
                0x00000c56       0x56 ../../LUFA/Drivers/USB/Class/Device/CDCClassDevice.o
                0x00000c56                CDC_Device_Flush
 .text.CDC_Device_USBTask
                0x00000cac       0x1e ../../LUFA/Drivers/USB/Class/Device/CDCClassDevice.o
                0x00000cac                CDC_Device_USBTask
 .text.CDC_Device_SendByte
                0x00000cca       0x48 ../../LUFA/Drivers/USB/Class/Device/CDCClassDevice.o
                0x00000cca                CDC_Device_SendByte
 .text.CDC_Device_ConfigureEndpoints
                0x00000d12       0xa0 ../../LUFA/Drivers/USB/Class/Device/CDCClassDevice.o
                0x00000d12                CDC_Device_ConfigureEndpoints
 .text.CDC_Device_ProcessControlRequest
                0x00000db2      0x14e ../../LUFA/Drivers/USB/Class/Device/CDCClassDevice.o
                0x00000db2                CDC_Device_ProcessControlRequest
 .text.libgcc   0x00000f00       0x44 c:/winavr-20100110/bin/../lib/gcc/avr/4.3.3/avr35\libgcc.a(_udivmodsi4.o)
                0x00000f00                __udivmodsi4
                0x00000f44                . = ALIGN (0x2)
 *(.fini9)
 .fini9         0x00000f44        0x0 c:/winavr-20100110/bin/../lib/gcc/avr/4.3.3/avr35\libgcc.a(_exit.o)
                0x00000f44                exit
                0x00000f44                _exit
 *(.fini9)
 *(.fini8)
 *(.fini8)
 *(.fini7)
 *(.fini7)
 *(.fini6)
 *(.fini6)
 *(.fini5)
 *(.fini5)
 *(.fini4)
 *(.fini4)
 *(.fini3)
 *(.fini3)
 *(.fini2)
 *(.fini2)
 *(.fini1)
 *(.fini1)
 *(.fini0)
 .fini0         0x00000f44        0x4 c:/winavr-20100110/bin/../lib/gcc/avr/4.3.3/avr35\libgcc.a(_exit.o)
 *(.fini0)
                0x00000f48                _etext = .

.data           0x00800100       0x18 load address 0x00000f48
                0x00800100                PROVIDE (__data_start, .)
 *(.data)
 .data          0x00800100       0x18 USBtoSerial.o
                0x00800100                VirtualSerial_CDC_Interface
 *(.data*)
 *(.rodata)
 *(.rodata*)
 *(.gnu.linkonce.d*)
                0x00800118                . = ALIGN (0x2)
                0x00800118                _edata = .
                0x00800118                PROVIDE (__data_end, .)

.bss            0x00800118      0x124
                0x00800118                PROVIDE (__bss_start, .)
 *(.bss)
 .bss           0x00800118      0x118 USBtoSerial.o
 *(.bss*)
 *(COMMON)
 COMMON         0x00800230        0x3 ../../LUFA/Drivers/USB/Core/DeviceStandardReq.o
                0x00800230                USB_Device_ConfigurationNumber
                0x00800231                USB_Device_CurrentlySelfPowered
                0x00800232                USB_Device_RemoteWakeupEnabled
 COMMON         0x00800233        0x9 ../../LUFA/Drivers/USB/Core/USBTask.o
                0x00800233                USB_IsInitialized
                0x00800234                USB_ControlRequest
                0x0080023c                PROVIDE (__bss_end, .)
                0x00000f48                __data_load_start = LOADADDR (.data)
                0x00000f60                __data_load_end = (__data_load_start + SIZEOF (.data))

.noinit         0x0080023c        0x0
                0x0080023c                PROVIDE (__noinit_start, .)
 *(.noinit*)
                0x0080023c                PROVIDE (__noinit_end, .)
                0x0080023c                _end = .
                0x0080023c                PROVIDE (__heap_start, .)

.eeprom         0x00810000        0x0
 *(.eeprom*)
                0x00810000                __eeprom_end = .

.fuse
 *(.fuse)
 *(.lfuse)
 *(.hfuse)
 *(.efuse)

.lock
 *(.lock*)

.signature
 *(.signature*)

.stab
 *(.stab)

.stabstr
 *(.stabstr)

.stab.excl
 *(.stab.excl)

.stab.exclstr
 *(.stab.exclstr)

.stab.index
 *(.stab.index)

.stab.indexstr
 *(.stab.indexstr)

.comment
 *(.comment)

.debug
 *(.debug)

.line
 *(.line)

.debug_srcinfo
 *(.debug_srcinfo)

.debug_sfnames
 *(.debug_sfnames)

.debug_aranges  0x00000000      0x490
 *(.debug_aranges)
 .debug_aranges
                0x00000000       0x68 USBtoSerial.o
 .debug_aranges
                0x00000068       0x20 Descriptors.o
 .debug_aranges
                0x00000088       0x20 ../../LUFA/Drivers/USB/Core/AVR8/Device_AVR8.o
 .debug_aranges
                0x000000a8       0x38 ../../LUFA/Drivers/USB/Core/AVR8/Endpoint_AVR8.o
 .debug_aranges
                0x000000e0       0x30 ../../LUFA/Drivers/USB/Core/AVR8/USBController_AVR8.o
 .debug_aranges
                0x00000110       0x38 ../../LUFA/Drivers/USB/Core/AVR8/USBInterrupt_AVR8.o
 .debug_aranges
                0x00000148       0xc8 ../../LUFA/Drivers/USB/Core/AVR8/EndpointStream_AVR8.o
 .debug_aranges
                0x00000210       0x38 ../../LUFA/Drivers/USB/Core/ConfigDescriptor.o
 .debug_aranges
                0x00000248       0x20 ../../LUFA/Drivers/USB/Core/DeviceStandardReq.o
 .debug_aranges
                0x00000268       0x20 ../../LUFA/Drivers/USB/Core/Events.o
 .debug_aranges
                0x00000288       0x20 ../../LUFA/Drivers/USB/Core/USBTask.o
 .debug_aranges
                0x000002a8       0x38 ../../LUFA/Drivers/USB/Class/Common/HIDParser.o
 .debug_aranges
                0x000002e0       0x30 ../../LUFA/Drivers/USB/Class/Device/AudioClassDevice.o
 .debug_aranges
                0x00000310       0x98 ../../LUFA/Drivers/USB/Class/Device/CDCClassDevice.o
 .debug_aranges
                0x000003a8       0x30 ../../LUFA/Drivers/USB/Class/Device/HIDClassDevice.o
 .debug_aranges
                0x000003d8       0x30 ../../LUFA/Drivers/USB/Class/Device/MassStorageClassDevice.o
 .debug_aranges
                0x00000408       0x40 ../../LUFA/Drivers/USB/Class/Device/MIDIClassDevice.o
 .debug_aranges
                0x00000448       0x48 ../../LUFA/Drivers/USB/Class/Device/RNDISClassDevice.o

.debug_pubnames
                0x00000000      0xc88
 *(.debug_pubnames)
 .debug_pubnames
                0x00000000      0x111 USBtoSerial.o
 .debug_pubnames
                0x00000111       0x9e Descriptors.o
 .debug_pubnames
                0x000001af       0x32 ../../LUFA/Drivers/USB/Core/AVR8/Device_AVR8.o
 .debug_pubnames
                0x000001e1       0x8b ../../LUFA/Drivers/USB/Core/AVR8/Endpoint_AVR8.o
 .debug_pubnames
                0x0000026c       0x46 ../../LUFA/Drivers/USB/Core/AVR8/USBController_AVR8.o
 .debug_pubnames
                0x000002b2       0x72 ../../LUFA/Drivers/USB/Core/AVR8/USBInterrupt_AVR8.o
 .debug_pubnames
                0x00000324      0x2df ../../LUFA/Drivers/USB/Core/AVR8/EndpointStream_AVR8.o
 .debug_pubnames
                0x00000603       0x9b ../../LUFA/Drivers/USB/Core/ConfigDescriptor.o
 .debug_pubnames
                0x0000069e       0xa1 ../../LUFA/Drivers/USB/Core/DeviceStandardReq.o
 .debug_pubnames
                0x0000073f       0x25 ../../LUFA/Drivers/USB/Core/Events.o
 .debug_pubnames
                0x00000764       0x4f ../../LUFA/Drivers/USB/Core/USBTask.o
 .debug_pubnames
                0x000007b3       0x7e ../../LUFA/Drivers/USB/Class/Common/HIDParser.o
 .debug_pubnames
                0x00000831       0x79 ../../LUFA/Drivers/USB/Class/Device/AudioClassDevice.o
 .debug_pubnames
                0x000008aa      0x18b ../../LUFA/Drivers/USB/Class/Device/CDCClassDevice.o
 .debug_pubnames
                0x00000a35       0x70 ../../LUFA/Drivers/USB/Class/Device/HIDClassDevice.o
 .debug_pubnames
                0x00000aa5       0x6d ../../LUFA/Drivers/USB/Class/Device/MassStorageClassDevice.o
 .debug_pubnames
                0x00000b12       0xa6 ../../LUFA/Drivers/USB/Class/Device/MIDIClassDevice.o
 .debug_pubnames
                0x00000bb8       0xd0 ../../LUFA/Drivers/USB/Class/Device/RNDISClassDevice.o

.debug_info     0x00000000     0x8393
 *(.debug_info)
 .debug_info    0x00000000      0xa0e USBtoSerial.o
 .debug_info    0x00000a0e      0x67f Descriptors.o
 .debug_info    0x0000108d       0xc4 ../../LUFA/Drivers/USB/Core/AVR8/Device_AVR8.o
 .debug_info    0x00001151      0x3c7 ../../LUFA/Drivers/USB/Core/AVR8/Endpoint_AVR8.o
 .debug_info    0x00001518        0x0 ../../LUFA/Drivers/USB/Core/AVR8/Host_AVR8.o
 .debug_info    0x00001518        0x0 ../../LUFA/Drivers/USB/Core/AVR8/Pipe_AVR8.o
 .debug_info    0x00001518      0x423 ../../LUFA/Drivers/USB/Core/AVR8/USBController_AVR8.o
 .debug_info    0x0000193b      0x5e4 ../../LUFA/Drivers/USB/Core/AVR8/USBInterrupt_AVR8.o
 .debug_info    0x00001f1f     0x1569 ../../LUFA/Drivers/USB/Core/AVR8/EndpointStream_AVR8.o
 .debug_info    0x00003488        0x0 ../../LUFA/Drivers/USB/Core/AVR8/PipeStream_AVR8.o
 .debug_info    0x00003488      0x34b ../../LUFA/Drivers/USB/Core/ConfigDescriptor.o
 .debug_info    0x000037d3      0x9db ../../LUFA/Drivers/USB/Core/DeviceStandardReq.o
 .debug_info    0x000041ae       0x79 ../../LUFA/Drivers/USB/Core/Events.o
 .debug_info    0x00004227        0x0 ../../LUFA/Drivers/USB/Core/HostStandardReq.o
 .debug_info    0x00004227      0x224 ../../LUFA/Drivers/USB/Core/USBTask.o
 .debug_info    0x0000444b      0x6ec ../../LUFA/Drivers/USB/Class/Common/HIDParser.o
 .debug_info    0x00004b37      0x642 ../../LUFA/Drivers/USB/Class/Device/AudioClassDevice.o
 .debug_info    0x00005179      0xd09 ../../LUFA/Drivers/USB/Class/Device/CDCClassDevice.o
 .debug_info    0x00005e82      0x6c7 ../../LUFA/Drivers/USB/Class/Device/HIDClassDevice.o
 .debug_info    0x00006549      0x8f4 ../../LUFA/Drivers/USB/Class/Device/MassStorageClassDevice.o
 .debug_info    0x00006e3d      0x5bc ../../LUFA/Drivers/USB/Class/Device/MIDIClassDevice.o
 .debug_info    0x000073f9      0xf9a ../../LUFA/Drivers/USB/Class/Device/RNDISClassDevice.o
 .debug_info    0x00008393        0x0 ../../LUFA/Drivers/USB/Class/Host/AndroidAccessoryClassHost.o
 .debug_info    0x00008393        0x0 ../../LUFA/Drivers/USB/Class/Host/AudioClassHost.o
 .debug_info    0x00008393        0x0 ../../LUFA/Drivers/USB/Class/Host/CDCClassHost.o
 .debug_info    0x00008393        0x0 ../../LUFA/Drivers/USB/Class/Host/HIDClassHost.o
 .debug_info    0x00008393        0x0 ../../LUFA/Drivers/USB/Class/Host/MassStorageClassHost.o
 .debug_info    0x00008393        0x0 ../../LUFA/Drivers/USB/Class/Host/MIDIClassHost.o
 .debug_info    0x00008393        0x0 ../../LUFA/Drivers/USB/Class/Host/PrinterClassHost.o
 .debug_info    0x00008393        0x0 ../../LUFA/Drivers/USB/Class/Host/RNDISClassHost.o
 .debug_info    0x00008393        0x0 ../../LUFA/Drivers/USB/Class/Host/StillImageClassHost.o
 *(.gnu.linkonce.wi.*)

.debug_abbrev   0x00000000     0x209a
 *(.debug_abbrev)
 .debug_abbrev  0x00000000      0x2d5 USBtoSerial.o
 .debug_abbrev  0x000002d5      0x158 Descriptors.o
 .debug_abbrev  0x0000042d       0x79 ../../LUFA/Drivers/USB/Core/AVR8/Device_AVR8.o
 .debug_abbrev  0x000004a6      0x180 ../../LUFA/Drivers/USB/Core/AVR8/Endpoint_AVR8.o
 .debug_abbrev  0x00000626        0x1 ../../LUFA/Drivers/USB/Core/AVR8/Host_AVR8.o
 .debug_abbrev  0x00000627        0x1 ../../LUFA/Drivers/USB/Core/AVR8/Pipe_AVR8.o
 .debug_abbrev  0x00000628      0x17a ../../LUFA/Drivers/USB/Core/AVR8/USBController_AVR8.o
 .debug_abbrev  0x000007a2      0x1d5 ../../LUFA/Drivers/USB/Core/AVR8/USBInterrupt_AVR8.o
 .debug_abbrev  0x00000977      0x1a3 ../../LUFA/Drivers/USB/Core/AVR8/EndpointStream_AVR8.o
 .debug_abbrev  0x00000b1a        0x1 ../../LUFA/Drivers/USB/Core/AVR8/PipeStream_AVR8.o
 .debug_abbrev  0x00000b1b      0x15c ../../LUFA/Drivers/USB/Core/ConfigDescriptor.o
 .debug_abbrev  0x00000c77      0x226 ../../LUFA/Drivers/USB/Core/DeviceStandardReq.o
 .debug_abbrev  0x00000e9d       0x4a ../../LUFA/Drivers/USB/Core/Events.o
 .debug_abbrev  0x00000ee7        0x1 ../../LUFA/Drivers/USB/Core/HostStandardReq.o
 .debug_abbrev  0x00000ee8      0x15d ../../LUFA/Drivers/USB/Core/USBTask.o
 .debug_abbrev  0x00001045      0x1e7 ../../LUFA/Drivers/USB/Class/Common/HIDParser.o
 .debug_abbrev  0x0000122c      0x1e3 ../../LUFA/Drivers/USB/Class/Device/AudioClassDevice.o
 .debug_abbrev  0x0000140f      0x340 ../../LUFA/Drivers/USB/Class/Device/CDCClassDevice.o
 .debug_abbrev  0x0000174f      0x217 ../../LUFA/Drivers/USB/Class/Device/HIDClassDevice.o
 .debug_abbrev  0x00001966      0x24f ../../LUFA/Drivers/USB/Class/Device/MassStorageClassDevice.o
 .debug_abbrev  0x00001bb5      0x20a ../../LUFA/Drivers/USB/Class/Device/MIDIClassDevice.o
 .debug_abbrev  0x00001dbf      0x2d2 ../../LUFA/Drivers/USB/Class/Device/RNDISClassDevice.o
 .debug_abbrev  0x00002091        0x1 ../../LUFA/Drivers/USB/Class/Host/AndroidAccessoryClassHost.o
 .debug_abbrev  0x00002092        0x1 ../../LUFA/Drivers/USB/Class/Host/AudioClassHost.o
 .debug_abbrev  0x00002093        0x1 ../../LUFA/Drivers/USB/Class/Host/CDCClassHost.o
 .debug_abbrev  0x00002094        0x1 ../../LUFA/Drivers/USB/Class/Host/HIDClassHost.o
 .debug_abbrev  0x00002095        0x1 ../../LUFA/Drivers/USB/Class/Host/MassStorageClassHost.o
 .debug_abbrev  0x00002096        0x1 ../../LUFA/Drivers/USB/Class/Host/MIDIClassHost.o
 .debug_abbrev  0x00002097        0x1 ../../LUFA/Drivers/USB/Class/Host/PrinterClassHost.o
 .debug_abbrev  0x00002098        0x1 ../../LUFA/Drivers/USB/Class/Host/RNDISClassHost.o
 .debug_abbrev  0x00002099        0x1 ../../LUFA/Drivers/USB/Class/Host/StillImageClassHost.o

.debug_line     0x00000000     0x64fa
 *(.debug_line)
 .debug_line    0x00000000      0x7de USBtoSerial.o
 .debug_line    0x000007de      0x19d Descriptors.o
 .debug_line    0x0000097b      0x127 ../../LUFA/Drivers/USB/Core/AVR8/Device_AVR8.o
 .debug_line    0x00000aa2      0x3c5 ../../LUFA/Drivers/USB/Core/AVR8/Endpoint_AVR8.o
 .debug_line    0x00000e67       0x24 ../../LUFA/Drivers/USB/Core/AVR8/Host_AVR8.o
 .debug_line    0x00000e8b       0x24 ../../LUFA/Drivers/USB/Core/AVR8/Pipe_AVR8.o
 .debug_line    0x00000eaf      0x317 ../../LUFA/Drivers/USB/Core/AVR8/USBController_AVR8.o
 .debug_line    0x000011c6      0x54b ../../LUFA/Drivers/USB/Core/AVR8/USBInterrupt_AVR8.o
 .debug_line    0x00001711     0x176f ../../LUFA/Drivers/USB/Core/AVR8/EndpointStream_AVR8.o
 .debug_line    0x00002e80       0x24 ../../LUFA/Drivers/USB/Core/AVR8/PipeStream_AVR8.o
 .debug_line    0x00002ea4      0x23e ../../LUFA/Drivers/USB/Core/ConfigDescriptor.o
 .debug_line    0x000030e2      0x5c9 ../../LUFA/Drivers/USB/Core/DeviceStandardReq.o
 .debug_line    0x000036ab       0x80 ../../LUFA/Drivers/USB/Core/Events.o
 .debug_line    0x0000372b       0x24 ../../LUFA/Drivers/USB/Core/HostStandardReq.o
 .debug_line    0x0000374f      0x1ab ../../LUFA/Drivers/USB/Core/USBTask.o
 .debug_line    0x000038fa      0x574 ../../LUFA/Drivers/USB/Class/Common/HIDParser.o
 .debug_line    0x00003e6e      0x4f2 ../../LUFA/Drivers/USB/Class/Device/AudioClassDevice.o
 .debug_line    0x00004360      0x96c ../../LUFA/Drivers/USB/Class/Device/CDCClassDevice.o
 .debug_line    0x00004ccc      0x5a0 ../../LUFA/Drivers/USB/Class/Device/HIDClassDevice.o
 .debug_line    0x0000526c      0x607 ../../LUFA/Drivers/USB/Class/Device/MassStorageClassDevice.o
 .debug_line    0x00005873      0x3c1 ../../LUFA/Drivers/USB/Class/Device/MIDIClassDevice.o
 .debug_line    0x00005c34      0x782 ../../LUFA/Drivers/USB/Class/Device/RNDISClassDevice.o
 .debug_line    0x000063b6       0x24 ../../LUFA/Drivers/USB/Class/Host/AndroidAccessoryClassHost.o
 .debug_line    0x000063da       0x24 ../../LUFA/Drivers/USB/Class/Host/AudioClassHost.o
 .debug_line    0x000063fe       0x24 ../../LUFA/Drivers/USB/Class/Host/CDCClassHost.o
 .debug_line    0x00006422       0x24 ../../LUFA/Drivers/USB/Class/Host/HIDClassHost.o
 .debug_line    0x00006446       0x24 ../../LUFA/Drivers/USB/Class/Host/MassStorageClassHost.o
 .debug_line    0x0000646a       0x24 ../../LUFA/Drivers/USB/Class/Host/MIDIClassHost.o
 .debug_line    0x0000648e       0x24 ../../LUFA/Drivers/USB/Class/Host/PrinterClassHost.o
 .debug_line    0x000064b2       0x24 ../../LUFA/Drivers/USB/Class/Host/RNDISClassHost.o
 .debug_line    0x000064d6       0x24 ../../LUFA/Drivers/USB/Class/Host/StillImageClassHost.o

.debug_frame    0x00000000      0x6e0
 *(.debug_frame)
 .debug_frame   0x00000000       0xb0 USBtoSerial.o
 .debug_frame   0x000000b0       0x20 Descriptors.o
 .debug_frame   0x000000d0       0x20 ../../LUFA/Drivers/USB/Core/AVR8/Device_AVR8.o
 .debug_frame   0x000000f0       0x50 ../../LUFA/Drivers/USB/Core/AVR8/Endpoint_AVR8.o
 .debug_frame   0x00000140       0x40 ../../LUFA/Drivers/USB/Core/AVR8/USBController_AVR8.o
 .debug_frame   0x00000180       0x50 ../../LUFA/Drivers/USB/Core/AVR8/USBInterrupt_AVR8.o
 .debug_frame   0x000001d0      0x170 ../../LUFA/Drivers/USB/Core/AVR8/EndpointStream_AVR8.o
 .debug_frame   0x00000340       0x50 ../../LUFA/Drivers/USB/Core/ConfigDescriptor.o
 .debug_frame   0x00000390       0x20 ../../LUFA/Drivers/USB/Core/DeviceStandardReq.o
 .debug_frame   0x000003b0       0x20 ../../LUFA/Drivers/USB/Core/Events.o
 .debug_frame   0x000003d0       0x20 ../../LUFA/Drivers/USB/Core/USBTask.o
 .debug_frame   0x000003f0       0x50 ../../LUFA/Drivers/USB/Class/Common/HIDParser.o
 .debug_frame   0x00000440       0x40 ../../LUFA/Drivers/USB/Class/Device/AudioClassDevice.o
 .debug_frame   0x00000480      0x110 ../../LUFA/Drivers/USB/Class/Device/CDCClassDevice.o
 .debug_frame   0x00000590       0x40 ../../LUFA/Drivers/USB/Class/Device/HIDClassDevice.o
 .debug_frame   0x000005d0       0x40 ../../LUFA/Drivers/USB/Class/Device/MassStorageClassDevice.o
 .debug_frame   0x00000610       0x60 ../../LUFA/Drivers/USB/Class/Device/MIDIClassDevice.o
 .debug_frame   0x00000670       0x70 ../../LUFA/Drivers/USB/Class/Device/RNDISClassDevice.o

.debug_str      0x00000000     0x33d3
 *(.debug_str)
 .debug_str     0x00000000      0x71d USBtoSerial.o
                                0x788 (size before relaxing)
 .debug_str     0x0000071d      0x532 Descriptors.o
                                0x667 (size before relaxing)
 .debug_str     0x00000c4f       0x77 ../../LUFA/Drivers/USB/Core/AVR8/Device_AVR8.o
                                0x12b (size before relaxing)
 .debug_str     0x00000cc6      0x23e ../../LUFA/Drivers/USB/Core/AVR8/Endpoint_AVR8.o
                                0x487 (size before relaxing)
 .debug_str     0x00000f04      0x258 ../../LUFA/Drivers/USB/Core/AVR8/USBController_AVR8.o
                                0x406 (size before relaxing)
 .debug_str     0x0000115c      0x129 ../../LUFA/Drivers/USB/Core/AVR8/USBInterrupt_AVR8.o
                                0x3f9 (size before relaxing)
 .debug_str     0x00001285      0x4fd ../../LUFA/Drivers/USB/Core/AVR8/EndpointStream_AVR8.o
                                0x749 (size before relaxing)
 .debug_str     0x00001782      0x21c ../../LUFA/Drivers/USB/Core/ConfigDescriptor.o
                                0x2f8 (size before relaxing)
 .debug_str     0x0000199e      0x389 ../../LUFA/Drivers/USB/Core/DeviceStandardReq.o
                                0x81f (size before relaxing)
 .debug_str     0x00001d27       0x34 ../../LUFA/Drivers/USB/Core/Events.o
                                 0xe2 (size before relaxing)
 .debug_str     0x00001d5b       0x4e ../../LUFA/Drivers/USB/Core/USBTask.o
                                0x272 (size before relaxing)
 .debug_str     0x00001da9      0x481 ../../LUFA/Drivers/USB/Class/Common/HIDParser.o
                                0x5d0 (size before relaxing)
 .debug_str     0x0000222a      0x243 ../../LUFA/Drivers/USB/Class/Device/AudioClassDevice.o
                                0x580 (size before relaxing)
 .debug_str     0x0000246d      0x2fa ../../LUFA/Drivers/USB/Class/Device/CDCClassDevice.o
                                0x9c6 (size before relaxing)
 .debug_str     0x00002767      0x223 ../../LUFA/Drivers/USB/Class/Device/HIDClassDevice.o
                                0x5c0 (size before relaxing)
 .debug_str     0x0000298a      0x23d ../../LUFA/Drivers/USB/Class/Device/MassStorageClassDevice.o
                                0x76f (size before relaxing)
 .debug_str     0x00002bc7      0x124 ../../LUFA/Drivers/USB/Class/Device/MIDIClassDevice.o
                                0x5f2 (size before relaxing)
 .debug_str     0x00002ceb      0x6e8 ../../LUFA/Drivers/USB/Class/Device/RNDISClassDevice.o
                                0xce0 (size before relaxing)

.debug_loc      0x00000000     0x3803
 *(.debug_loc)
 .debug_loc     0x00000000      0x26c USBtoSerial.o
 .debug_loc     0x0000026c      0x160 Descriptors.o
 .debug_loc     0x000003cc       0x74 ../../LUFA/Drivers/USB/Core/AVR8/Endpoint_AVR8.o
 .debug_loc     0x00000440       0x13 ../../LUFA/Drivers/USB/Core/AVR8/USBInterrupt_AVR8.o
 .debug_loc     0x00000453     0x182a ../../LUFA/Drivers/USB/Core/AVR8/EndpointStream_AVR8.o
 .debug_loc     0x00001c7d      0x2c7 ../../LUFA/Drivers/USB/Core/ConfigDescriptor.o
 .debug_loc     0x00001f44      0x25a ../../LUFA/Drivers/USB/Core/DeviceStandardReq.o
 .debug_loc     0x0000219e      0x4d3 ../../LUFA/Drivers/USB/Class/Common/HIDParser.o
 .debug_loc     0x00002671      0x269 ../../LUFA/Drivers/USB/Class/Device/AudioClassDevice.o
 .debug_loc     0x000028da      0x512 ../../LUFA/Drivers/USB/Class/Device/CDCClassDevice.o
 .debug_loc     0x00002dec      0x16c ../../LUFA/Drivers/USB/Class/Device/HIDClassDevice.o
 .debug_loc     0x00002f58      0x138 ../../LUFA/Drivers/USB/Class/Device/MassStorageClassDevice.o
 .debug_loc     0x00003090      0x241 ../../LUFA/Drivers/USB/Class/Device/MIDIClassDevice.o
 .debug_loc     0x000032d1      0x532 ../../LUFA/Drivers/USB/Class/Device/RNDISClassDevice.o

.debug_macinfo
 *(.debug_macinfo)
OUTPUT(USBtoSerial.elf elf32-avr)
LOAD linker stubs

.debug_ranges   0x00000000      0x598
 .debug_ranges  0x00000000       0x60 USBtoSerial.o
 .debug_ranges  0x00000060       0x18 Descriptors.o
 .debug_ranges  0x00000078       0x18 ../../LUFA/Drivers/USB/Core/AVR8/Device_AVR8.o
 .debug_ranges  0x00000090       0x48 ../../LUFA/Drivers/USB/Core/AVR8/Endpoint_AVR8.o
 .debug_ranges  0x000000d8       0x28 ../../LUFA/Drivers/USB/Core/AVR8/USBController_AVR8.o
 .debug_ranges  0x00000100       0x30 ../../LUFA/Drivers/USB/Core/AVR8/USBInterrupt_AVR8.o
 .debug_ranges  0x00000130       0xc0 ../../LUFA/Drivers/USB/Core/AVR8/EndpointStream_AVR8.o
 .debug_ranges  0x000001f0       0x30 ../../LUFA/Drivers/USB/Core/ConfigDescriptor.o
 .debug_ranges  0x00000220       0x78 ../../LUFA/Drivers/USB/Core/DeviceStandardReq.o
 .debug_ranges  0x00000298       0x18 ../../LUFA/Drivers/USB/Core/Events.o
 .debug_ranges  0x000002b0       0x30 ../../LUFA/Drivers/USB/Core/USBTask.o
 .debug_ranges  0x000002e0       0xa0 ../../LUFA/Drivers/USB/Class/Common/HIDParser.o
 .debug_ranges  0x00000380       0x28 ../../LUFA/Drivers/USB/Class/Device/AudioClassDevice.o
 .debug_ranges  0x000003a8       0x90 ../../LUFA/Drivers/USB/Class/Device/CDCClassDevice.o
 .debug_ranges  0x00000438       0x28 ../../LUFA/Drivers/USB/Class/Device/HIDClassDevice.o
 .debug_ranges  0x00000460       0x78 ../../LUFA/Drivers/USB/Class/Device/MassStorageClassDevice.o
 .debug_ranges  0x000004d8       0x38 ../../LUFA/Drivers/USB/Class/Device/MIDIClassDevice.o
 .debug_ranges  0x00000510       0x88 ../../LUFA/Drivers/USB/Class/Device/RNDISClassDevice.o

Cross Reference Table

Symbol                                            File
Audio_Device_ConfigureEndpoints                   ../../LUFA/Drivers/USB/Class/Device/AudioClassDevice.o
Audio_Device_Event_Stub                           ../../LUFA/Drivers/USB/Class/Device/AudioClassDevice.o
Audio_Device_ProcessControlRequest                ../../LUFA/Drivers/USB/Class/Device/AudioClassDevice.o
CALLBACK_Audio_Device_GetSetEndpointProperty      ../../LUFA/Drivers/USB/Class/Device/AudioClassDevice.o
CALLBACK_Audio_Device_GetSetInterfaceProperty     ../../LUFA/Drivers/USB/Class/Device/AudioClassDevice.o
CALLBACK_HIDParser_FilterHIDReportItem            ../../LUFA/Drivers/USB/Class/Common/HIDParser.o
CALLBACK_HID_Device_CreateHIDReport               ../../LUFA/Drivers/USB/Class/Device/HIDClassDevice.o
CALLBACK_HID_Device_ProcessHIDReport              ../../LUFA/Drivers/USB/Class/Device/HIDClassDevice.o
CALLBACK_MS_Device_SCSICommandReceived            ../../LUFA/Drivers/USB/Class/Device/MassStorageClassDevice.o
CALLBACK_USB_GetDescriptor                        Descriptors.o
                                                  ../../LUFA/Drivers/USB/Core/DeviceStandardReq.o
CDC_Device_BytesReceived                          ../../LUFA/Drivers/USB/Class/Device/CDCClassDevice.o
CDC_Device_ConfigureEndpoints                     ../../LUFA/Drivers/USB/Class/Device/CDCClassDevice.o
                                                  USBtoSerial.o
CDC_Device_CreateBlockingStream                   ../../LUFA/Drivers/USB/Class/Device/CDCClassDevice.o
CDC_Device_CreateStream                           ../../LUFA/Drivers/USB/Class/Device/CDCClassDevice.o
CDC_Device_Event_Stub                             ../../LUFA/Drivers/USB/Class/Device/CDCClassDevice.o
CDC_Device_Flush                                  ../../LUFA/Drivers/USB/Class/Device/CDCClassDevice.o
CDC_Device_ProcessControlRequest                  ../../LUFA/Drivers/USB/Class/Device/CDCClassDevice.o
                                                  USBtoSerial.o
CDC_Device_ReceiveByte                            ../../LUFA/Drivers/USB/Class/Device/CDCClassDevice.o
                                                  USBtoSerial.o
CDC_Device_SendByte                               ../../LUFA/Drivers/USB/Class/Device/CDCClassDevice.o
                                                  USBtoSerial.o
CDC_Device_SendControlLineStateChange             ../../LUFA/Drivers/USB/Class/Device/CDCClassDevice.o
CDC_Device_SendData                               ../../LUFA/Drivers/USB/Class/Device/CDCClassDevice.o
CDC_Device_SendString                             ../../LUFA/Drivers/USB/Class/Device/CDCClassDevice.o
CDC_Device_USBTask                                ../../LUFA/Drivers/USB/Class/Device/CDCClassDevice.o
                                                  USBtoSerial.o
ConfigurationDescriptor                           Descriptors.o
DeviceDescriptor                                  Descriptors.o
EVENT_Audio_Device_StreamStartStop                ../../LUFA/Drivers/USB/Class/Device/AudioClassDevice.o
EVENT_CDC_Device_BreakSent                        ../../LUFA/Drivers/USB/Class/Device/CDCClassDevice.o
EVENT_CDC_Device_ControLineStateChanged           ../../LUFA/Drivers/USB/Class/Device/CDCClassDevice.o
EVENT_CDC_Device_LineEncodingChanged              USBtoSerial.o
EVENT_USB_Device_ConfigurationChanged             USBtoSerial.o
                                                  ../../LUFA/Drivers/USB/Core/DeviceStandardReq.o
EVENT_USB_Device_Connect                          USBtoSerial.o
                                                  ../../LUFA/Drivers/USB/Core/AVR8/USBInterrupt_AVR8.o
EVENT_USB_Device_ControlRequest                   USBtoSerial.o
                                                  ../../LUFA/Drivers/USB/Core/DeviceStandardReq.o
EVENT_USB_Device_Disconnect                       USBtoSerial.o
                                                  ../../LUFA/Drivers/USB/Core/AVR8/USBInterrupt_AVR8.o
EVENT_USB_Device_Reset                            ../../LUFA/Drivers/USB/Core/Events.o
                                                  ../../LUFA/Drivers/USB/Core/AVR8/USBInterrupt_AVR8.o
EVENT_USB_Device_StartOfFrame                     ../../LUFA/Drivers/USB/Core/Events.o
                                                  ../../LUFA/Drivers/USB/Core/AVR8/USBInterrupt_AVR8.o
EVENT_USB_Device_Suspend                          ../../LUFA/Drivers/USB/Core/Events.o
EVENT_USB_Device_WakeUp                           ../../LUFA/Drivers/USB/Core/Events.o
Endpoint_ClearEndpoints                           ../../LUFA/Drivers/USB/Core/AVR8/Endpoint_AVR8.o
Endpoint_ClearStatusStage                         ../../LUFA/Drivers/USB/Core/AVR8/Endpoint_AVR8.o
                                                  ../../LUFA/Drivers/USB/Class/Device/MassStorageClassDevice.o
                                                  ../../LUFA/Drivers/USB/Class/Device/HIDClassDevice.o
                                                  ../../LUFA/Drivers/USB/Class/Device/CDCClassDevice.o
                                                  ../../LUFA/Drivers/USB/Class/Device/AudioClassDevice.o
                                                  ../../LUFA/Drivers/USB/Core/DeviceStandardReq.o
Endpoint_ConfigureEndpoint_Prv                    ../../LUFA/Drivers/USB/Core/AVR8/Endpoint_AVR8.o
                                                  ../../LUFA/Drivers/USB/Class/Device/RNDISClassDevice.o
                                                  ../../LUFA/Drivers/USB/Class/Device/MIDIClassDevice.o
                                                  ../../LUFA/Drivers/USB/Class/Device/MassStorageClassDevice.o
                                                  ../../LUFA/Drivers/USB/Class/Device/HIDClassDevice.o
                                                  ../../LUFA/Drivers/USB/Class/Device/CDCClassDevice.o
                                                  ../../LUFA/Drivers/USB/Class/Device/AudioClassDevice.o
                                                  ../../LUFA/Drivers/USB/Core/AVR8/USBInterrupt_AVR8.o
                                                  ../../LUFA/Drivers/USB/Core/AVR8/USBController_AVR8.o
Endpoint_Discard_Stream                           ../../LUFA/Drivers/USB/Core/AVR8/EndpointStream_AVR8.o
Endpoint_Null_Stream                              ../../LUFA/Drivers/USB/Core/AVR8/EndpointStream_AVR8.o
Endpoint_Read_Control_EStream_BE                  ../../LUFA/Drivers/USB/Core/AVR8/EndpointStream_AVR8.o
Endpoint_Read_Control_EStream_LE                  ../../LUFA/Drivers/USB/Core/AVR8/EndpointStream_AVR8.o
Endpoint_Read_Control_Stream_BE                   ../../LUFA/Drivers/USB/Core/AVR8/EndpointStream_AVR8.o
Endpoint_Read_Control_Stream_LE                   ../../LUFA/Drivers/USB/Core/AVR8/EndpointStream_AVR8.o
                                                  ../../LUFA/Drivers/USB/Class/Device/RNDISClassDevice.o
                                                  ../../LUFA/Drivers/USB/Class/Device/HIDClassDevice.o
                                                  ../../LUFA/Drivers/USB/Class/Device/AudioClassDevice.o
Endpoint_Read_EStream_BE                          ../../LUFA/Drivers/USB/Core/AVR8/EndpointStream_AVR8.o
Endpoint_Read_EStream_LE                          ../../LUFA/Drivers/USB/Core/AVR8/EndpointStream_AVR8.o
Endpoint_Read_Stream_BE                           ../../LUFA/Drivers/USB/Core/AVR8/EndpointStream_AVR8.o
Endpoint_Read_Stream_LE                           ../../LUFA/Drivers/USB/Core/AVR8/EndpointStream_AVR8.o
                                                  ../../LUFA/Drivers/USB/Class/Device/RNDISClassDevice.o
                                                  ../../LUFA/Drivers/USB/Class/Device/MIDIClassDevice.o
                                                  ../../LUFA/Drivers/USB/Class/Device/MassStorageClassDevice.o
Endpoint_WaitUntilReady                           ../../LUFA/Drivers/USB/Core/AVR8/Endpoint_AVR8.o
                                                  ../../LUFA/Drivers/USB/Class/Device/RNDISClassDevice.o
                                                  ../../LUFA/Drivers/USB/Class/Device/MIDIClassDevice.o
                                                  ../../LUFA/Drivers/USB/Class/Device/CDCClassDevice.o
                                                  ../../LUFA/Drivers/USB/Core/AVR8/EndpointStream_AVR8.o
Endpoint_Write_Control_EStream_BE                 ../../LUFA/Drivers/USB/Core/AVR8/EndpointStream_AVR8.o
Endpoint_Write_Control_EStream_LE                 ../../LUFA/Drivers/USB/Core/AVR8/EndpointStream_AVR8.o
Endpoint_Write_Control_PStream_BE                 ../../LUFA/Drivers/USB/Core/AVR8/EndpointStream_AVR8.o
Endpoint_Write_Control_PStream_LE                 ../../LUFA/Drivers/USB/Core/AVR8/EndpointStream_AVR8.o
                                                  ../../LUFA/Drivers/USB/Core/DeviceStandardReq.o
Endpoint_Write_Control_Stream_BE                  ../../LUFA/Drivers/USB/Core/AVR8/EndpointStream_AVR8.o
Endpoint_Write_Control_Stream_LE                  ../../LUFA/Drivers/USB/Core/AVR8/EndpointStream_AVR8.o
                                                  ../../LUFA/Drivers/USB/Class/Device/RNDISClassDevice.o
                                                  ../../LUFA/Drivers/USB/Class/Device/HIDClassDevice.o
                                                  ../../LUFA/Drivers/USB/Class/Device/AudioClassDevice.o
                                                  ../../LUFA/Drivers/USB/Core/DeviceStandardReq.o
Endpoint_Write_EStream_BE                         ../../LUFA/Drivers/USB/Core/AVR8/EndpointStream_AVR8.o
Endpoint_Write_EStream_LE                         ../../LUFA/Drivers/USB/Core/AVR8/EndpointStream_AVR8.o
Endpoint_Write_PStream_BE                         ../../LUFA/Drivers/USB/Core/AVR8/EndpointStream_AVR8.o
Endpoint_Write_PStream_LE                         ../../LUFA/Drivers/USB/Core/AVR8/EndpointStream_AVR8.o
Endpoint_Write_Stream_BE                          ../../LUFA/Drivers/USB/Core/AVR8/EndpointStream_AVR8.o
Endpoint_Write_Stream_LE                          ../../LUFA/Drivers/USB/Core/AVR8/EndpointStream_AVR8.o
                                                  ../../LUFA/Drivers/USB/Class/Device/RNDISClassDevice.o
                                                  ../../LUFA/Drivers/USB/Class/Device/MIDIClassDevice.o
                                                  ../../LUFA/Drivers/USB/Class/Device/MassStorageClassDevice.o
                                                  ../../LUFA/Drivers/USB/Class/Device/HIDClassDevice.o
                                                  ../../LUFA/Drivers/USB/Class/Device/CDCClassDevice.o
HID_Device_ConfigureEndpoints                     ../../LUFA/Drivers/USB/Class/Device/HIDClassDevice.o
HID_Device_ProcessControlRequest                  ../../LUFA/Drivers/USB/Class/Device/HIDClassDevice.o
HID_Device_USBTask                                ../../LUFA/Drivers/USB/Class/Device/HIDClassDevice.o
LanguageString                                    Descriptors.o
MIDI_Device_ConfigureEndpoints                    ../../LUFA/Drivers/USB/Class/Device/MIDIClassDevice.o
MIDI_Device_Flush                                 ../../LUFA/Drivers/USB/Class/Device/MIDIClassDevice.o
MIDI_Device_ReceiveEventPacket                    ../../LUFA/Drivers/USB/Class/Device/MIDIClassDevice.o
MIDI_Device_SendEventPacket                       ../../LUFA/Drivers/USB/Class/Device/MIDIClassDevice.o
MIDI_Device_USBTask                               ../../LUFA/Drivers/USB/Class/Device/MIDIClassDevice.o
MS_Device_ConfigureEndpoints                      ../../LUFA/Drivers/USB/Class/Device/MassStorageClassDevice.o
MS_Device_ProcessControlRequest                   ../../LUFA/Drivers/USB/Class/Device/MassStorageClassDevice.o
MS_Device_USBTask                                 ../../LUFA/Drivers/USB/Class/Device/MassStorageClassDevice.o
ManufacturerString                                Descriptors.o
ProductString                                     Descriptors.o
RNDIS_Device_ConfigureEndpoints                   ../../LUFA/Drivers/USB/Class/Device/RNDISClassDevice.o
RNDIS_Device_IsPacketReceived                     ../../LUFA/Drivers/USB/Class/Device/RNDISClassDevice.o
RNDIS_Device_ProcessControlRequest                ../../LUFA/Drivers/USB/Class/Device/RNDISClassDevice.o
RNDIS_Device_ReadPacket                           ../../LUFA/Drivers/USB/Class/Device/RNDISClassDevice.o
RNDIS_Device_SendPacket                           ../../LUFA/Drivers/USB/Class/Device/RNDISClassDevice.o
RNDIS_Device_USBTask                              ../../LUFA/Drivers/USB/Class/Device/RNDISClassDevice.o
SetupHardware                                     USBtoSerial.o
USB_ControlRequest                                ../../LUFA/Drivers/USB/Class/Device/RNDISClassDevice.o
                                                  ../../LUFA/Drivers/USB/Class/Device/MassStorageClassDevice.o
                                                  ../../LUFA/Drivers/USB/Class/Device/HIDClassDevice.o
                                                  ../../LUFA/Drivers/USB/Class/Device/CDCClassDevice.o
                                                  ../../LUFA/Drivers/USB/Class/Device/AudioClassDevice.o
                                                  ../../LUFA/Drivers/USB/Core/USBTask.o
                                                  ../../LUFA/Drivers/USB/Core/DeviceStandardReq.o
                                                  ../../LUFA/Drivers/USB/Core/AVR8/EndpointStream_AVR8.o
                                                  ../../LUFA/Drivers/USB/Core/AVR8/Endpoint_AVR8.o
USB_Device_ConfigurationNumber                    ../../LUFA/Drivers/USB/Core/DeviceStandardReq.o
                                                  ../../LUFA/Drivers/USB/Core/AVR8/USBInterrupt_AVR8.o
                                                  ../../LUFA/Drivers/USB/Core/AVR8/USBController_AVR8.o
USB_Device_CurrentlySelfPowered                   ../../LUFA/Drivers/USB/Core/DeviceStandardReq.o
                                                  ../../LUFA/Drivers/USB/Core/AVR8/USBController_AVR8.o
USB_Device_ProcessControlRequest                  ../../LUFA/Drivers/USB/Core/DeviceStandardReq.o
                                                  ../../LUFA/Drivers/USB/Core/USBTask.o
                                                  ../../LUFA/Drivers/USB/Core/AVR8/USBInterrupt_AVR8.o
USB_Device_RemoteWakeupEnabled                    ../../LUFA/Drivers/USB/Core/DeviceStandardReq.o
                                                  ../../LUFA/Drivers/USB/Core/AVR8/USBController_AVR8.o
USB_Device_SendRemoteWakeup                       ../../LUFA/Drivers/USB/Core/AVR8/Device_AVR8.o
USB_Disable                                       ../../LUFA/Drivers/USB/Core/AVR8/USBController_AVR8.o
USB_Event_Stub                                    ../../LUFA/Drivers/USB/Core/Events.o
USB_GetHIDReportItemInfo                          ../../LUFA/Drivers/USB/Class/Common/HIDParser.o
USB_GetHIDReportSize                              ../../LUFA/Drivers/USB/Class/Common/HIDParser.o
USB_GetNextDescriptorComp                         ../../LUFA/Drivers/USB/Core/ConfigDescriptor.o
USB_GetNextDescriptorOfType                       ../../LUFA/Drivers/USB/Core/ConfigDescriptor.o
USB_GetNextDescriptorOfTypeAfter                  ../../LUFA/Drivers/USB/Core/ConfigDescriptor.o
USB_GetNextDescriptorOfTypeBefore                 ../../LUFA/Drivers/USB/Core/ConfigDescriptor.o
USB_INT_ClearAllInterrupts                        ../../LUFA/Drivers/USB/Core/AVR8/USBInterrupt_AVR8.o
                                                  ../../LUFA/Drivers/USB/Core/AVR8/USBController_AVR8.o
USB_INT_DisableAllInterrupts                      ../../LUFA/Drivers/USB/Core/AVR8/USBInterrupt_AVR8.o
                                                  ../../LUFA/Drivers/USB/Core/AVR8/USBController_AVR8.o
USB_Init                                          ../../LUFA/Drivers/USB/Core/AVR8/USBController_AVR8.o
                                                  USBtoSerial.o
USB_IsInitialized                                 ../../LUFA/Drivers/USB/Core/USBTask.o
                                                  ../../LUFA/Drivers/USB/Core/AVR8/USBController_AVR8.o
USB_ProcessHIDReport                              ../../LUFA/Drivers/USB/Class/Common/HIDParser.o
USB_ResetInterface                                ../../LUFA/Drivers/USB/Core/AVR8/USBController_AVR8.o
USB_SetHIDReportItemInfo                          ../../LUFA/Drivers/USB/Class/Common/HIDParser.o
USB_USBTask                                       ../../LUFA/Drivers/USB/Core/USBTask.o
                                                  ../../LUFA/Drivers/USB/Class/Device/CDCClassDevice.o
                                                  USBtoSerial.o
VirtualSerial_CDC_Interface                       USBtoSerial.o
__bad_interrupt                                   c:/winavr-20100110/bin/../lib/gcc/avr/4.3.3/../../../../avr/lib/avr35/crtm8u2.o
__bss_end                                         c:/winavr-20100110/bin/../lib/gcc/avr/4.3.3/avr35\libgcc.a(_clear_bss.o)
__bss_start                                       c:/winavr-20100110/bin/../lib/gcc/avr/4.3.3/avr35\libgcc.a(_clear_bss.o)
__data_end                                        c:/winavr-20100110/bin/../lib/gcc/avr/4.3.3/avr35\libgcc.a(_copy_data.o)
__data_load_start                                 c:/winavr-20100110/bin/../lib/gcc/avr/4.3.3/avr35\libgcc.a(_copy_data.o)
__data_start                                      c:/winavr-20100110/bin/../lib/gcc/avr/4.3.3/avr35\libgcc.a(_copy_data.o)
__do_clear_bss                                    c:/winavr-20100110/bin/../lib/gcc/avr/4.3.3/avr35\libgcc.a(_clear_bss.o)
                                                  ../../LUFA/Drivers/USB/Core/USBTask.o
                                                  ../../LUFA/Drivers/USB/Core/DeviceStandardReq.o
                                                  USBtoSerial.o
__do_copy_data                                    c:/winavr-20100110/bin/../lib/gcc/avr/4.3.3/avr35\libgcc.a(_copy_data.o)
                                                  ../../LUFA/Drivers/USB/Class/Device/RNDISClassDevice.o
                                                  ../../LUFA/Drivers/USB/Class/Device/CDCClassDevice.o
                                                  USBtoSerial.o
__eerd_byte_m8u2                                  c:/winavr-20100110/bin/../lib/gcc/avr/4.3.3/../../../../avr/lib/avr35\libc.a(eerd_byte_atmega8u2.o)
                                                  ../../LUFA/Drivers/USB/Core/AVR8/EndpointStream_AVR8.o
__eeupd_byte_m8u2                                 c:/winavr-20100110/bin/../lib/gcc/avr/4.3.3/../../../../avr/lib/avr35\libc.a(eeupd_byte_atmega8u2.o)
                                                  ../../LUFA/Drivers/USB/Core/AVR8/EndpointStream_AVR8.o
__eeupd_r18_m8u2                                  c:/winavr-20100110/bin/../lib/gcc/avr/4.3.3/../../../../avr/lib/avr35\libc.a(eeupd_byte_atmega8u2.o)
__heap_end                                        c:/winavr-20100110/bin/../lib/gcc/avr/4.3.3/../../../../avr/lib/avr35/crtm8u2.o
__init                                            c:/winavr-20100110/bin/../lib/gcc/avr/4.3.3/../../../../avr/lib/avr35/crtm8u2.o
__mulhi3                                          c:/winavr-20100110/bin/../lib/gcc/avr/4.3.3/avr35\libgcc.a(_mulhi3.o)
                                                  ../../LUFA/Drivers/USB/Class/Common/HIDParser.o
__stack                                           c:/winavr-20100110/bin/../lib/gcc/avr/4.3.3/../../../../avr/lib/avr35/crtm8u2.o
__udivmodsi4                                      c:/winavr-20100110/bin/../lib/gcc/avr/4.3.3/avr35\libgcc.a(_udivmodsi4.o)
                                                  USBtoSerial.o
__vector_1                                        c:/winavr-20100110/bin/../lib/gcc/avr/4.3.3/../../../../avr/lib/avr35/crtm8u2.o
__vector_10                                       c:/winavr-20100110/bin/../lib/gcc/avr/4.3.3/../../../../avr/lib/avr35/crtm8u2.o
__vector_11                                       ../../LUFA/Drivers/USB/Core/AVR8/USBInterrupt_AVR8.o
                                                  c:/winavr-20100110/bin/../lib/gcc/avr/4.3.3/../../../../avr/lib/avr35/crtm8u2.o
__vector_12                                       ../../LUFA/Drivers/USB/Core/AVR8/USBInterrupt_AVR8.o
                                                  c:/winavr-20100110/bin/../lib/gcc/avr/4.3.3/../../../../avr/lib/avr35/crtm8u2.o
__vector_13                                       c:/winavr-20100110/bin/../lib/gcc/avr/4.3.3/../../../../avr/lib/avr35/crtm8u2.o
__vector_14                                       c:/winavr-20100110/bin/../lib/gcc/avr/4.3.3/../../../../avr/lib/avr35/crtm8u2.o
__vector_15                                       c:/winavr-20100110/bin/../lib/gcc/avr/4.3.3/../../../../avr/lib/avr35/crtm8u2.o
__vector_16                                       c:/winavr-20100110/bin/../lib/gcc/avr/4.3.3/../../../../avr/lib/avr35/crtm8u2.o
__vector_17                                       c:/winavr-20100110/bin/../lib/gcc/avr/4.3.3/../../../../avr/lib/avr35/crtm8u2.o
__vector_18                                       c:/winavr-20100110/bin/../lib/gcc/avr/4.3.3/../../../../avr/lib/avr35/crtm8u2.o
__vector_19                                       c:/winavr-20100110/bin/../lib/gcc/avr/4.3.3/../../../../avr/lib/avr35/crtm8u2.o
__vector_2                                        c:/winavr-20100110/bin/../lib/gcc/avr/4.3.3/../../../../avr/lib/avr35/crtm8u2.o
__vector_20                                       c:/winavr-20100110/bin/../lib/gcc/avr/4.3.3/../../../../avr/lib/avr35/crtm8u2.o
__vector_21                                       c:/winavr-20100110/bin/../lib/gcc/avr/4.3.3/../../../../avr/lib/avr35/crtm8u2.o
__vector_22                                       c:/winavr-20100110/bin/../lib/gcc/avr/4.3.3/../../../../avr/lib/avr35/crtm8u2.o
__vector_23                                       USBtoSerial.o
                                                  c:/winavr-20100110/bin/../lib/gcc/avr/4.3.3/../../../../avr/lib/avr35/crtm8u2.o
__vector_24                                       c:/winavr-20100110/bin/../lib/gcc/avr/4.3.3/../../../../avr/lib/avr35/crtm8u2.o
__vector_25                                       c:/winavr-20100110/bin/../lib/gcc/avr/4.3.3/../../../../avr/lib/avr35/crtm8u2.o
__vector_26                                       c:/winavr-20100110/bin/../lib/gcc/avr/4.3.3/../../../../avr/lib/avr35/crtm8u2.o
__vector_27                                       c:/winavr-20100110/bin/../lib/gcc/avr/4.3.3/../../../../avr/lib/avr35/crtm8u2.o
__vector_28                                       c:/winavr-20100110/bin/../lib/gcc/avr/4.3.3/../../../../avr/lib/avr35/crtm8u2.o
__vector_29                                       c:/winavr-20100110/bin/../lib/gcc/avr/4.3.3/../../../../avr/lib/avr35/crtm8u2.o
__vector_3                                        c:/winavr-20100110/bin/../lib/gcc/avr/4.3.3/../../../../avr/lib/avr35/crtm8u2.o
__vector_30                                       c:/winavr-20100110/bin/../lib/gcc/avr/4.3.3/../../../../avr/lib/avr35/crtm8u2.o
__vector_31                                       c:/winavr-20100110/bin/../lib/gcc/avr/4.3.3/../../../../avr/lib/avr35/crtm8u2.o
__vector_32                                       c:/winavr-20100110/bin/../lib/gcc/avr/4.3.3/../../../../avr/lib/avr35/crtm8u2.o
__vector_33                                       c:/winavr-20100110/bin/../lib/gcc/avr/4.3.3/../../../../avr/lib/avr35/crtm8u2.o
__vector_34                                       c:/winavr-20100110/bin/../lib/gcc/avr/4.3.3/../../../../avr/lib/avr35/crtm8u2.o
__vector_35                                       c:/winavr-20100110/bin/../lib/gcc/avr/4.3.3/../../../../avr/lib/avr35/crtm8u2.o
__vector_36                                       c:/winavr-20100110/bin/../lib/gcc/avr/4.3.3/../../../../avr/lib/avr35/crtm8u2.o
__vector_37                                       c:/winavr-20100110/bin/../lib/gcc/avr/4.3.3/../../../../avr/lib/avr35/crtm8u2.o
__vector_4                                        c:/winavr-20100110/bin/../lib/gcc/avr/4.3.3/../../../../avr/lib/avr35/crtm8u2.o
__vector_5                                        c:/winavr-20100110/bin/../lib/gcc/avr/4.3.3/../../../../avr/lib/avr35/crtm8u2.o
__vector_6                                        c:/winavr-20100110/bin/../lib/gcc/avr/4.3.3/../../../../avr/lib/avr35/crtm8u2.o
__vector_7                                        c:/winavr-20100110/bin/../lib/gcc/avr/4.3.3/../../../../avr/lib/avr35/crtm8u2.o
__vector_8                                        c:/winavr-20100110/bin/../lib/gcc/avr/4.3.3/../../../../avr/lib/avr35/crtm8u2.o
__vector_9                                        c:/winavr-20100110/bin/../lib/gcc/avr/4.3.3/../../../../avr/lib/avr35/crtm8u2.o
__vector_default                                  c:/winavr-20100110/bin/../lib/gcc/avr/4.3.3/../../../../avr/lib/avr35/crtm8u2.o
__vectors                                         c:/winavr-20100110/bin/../lib/gcc/avr/4.3.3/../../../../avr/lib/avr35/crtm8u2.o
_exit                                             c:/winavr-20100110/bin/../lib/gcc/avr/4.3.3/avr35\libgcc.a(_exit.o)
exit                                              c:/winavr-20100110/bin/../lib/gcc/avr/4.3.3/avr35\libgcc.a(_exit.o)
                                                  c:/winavr-20100110/bin/../lib/gcc/avr/4.3.3/../../../../avr/lib/avr35/crtm8u2.o
main                                              USBtoSerial.o
                                                  c:/winavr-20100110/bin/../lib/gcc/avr/4.3.3/../../../../avr/lib/avr35/crtm8u2.o
memcmp                                            c:/winavr-20100110/bin/../lib/gcc/avr/4.3.3/../../../../avr/lib/avr35\libc.a(memcmp.o)
                                                  ../../LUFA/Drivers/USB/Class/Device/HIDClassDevice.o
memcpy                                            c:/winavr-20100110/bin/../lib/gcc/avr/4.3.3/../../../../avr/lib/avr35\libc.a(memcpy.o)
                                                  ../../LUFA/Drivers/USB/Class/Device/RNDISClassDevice.o
                                                  ../../LUFA/Drivers/USB/Class/Device/HIDClassDevice.o
memcpy_P                                          c:/winavr-20100110/bin/../lib/gcc/avr/4.3.3/../../../../avr/lib/avr35\libc.a(memcpy_P.o)
                                                  ../../LUFA/Drivers/USB/Class/Device/RNDISClassDevice.o
memset                                            c:/winavr-20100110/bin/../lib/gcc/avr/4.3.3/../../../../avr/lib/avr35\libc.a(memset.o)
                                                  ../../LUFA/Drivers/USB/Class/Device/HIDClassDevice.o
