Archive member included because of file (symbol)

c:/winavr-20100110/bin/../lib/gcc/avr/4.3.3/avr51\libgcc.a(_exit.o)
                              c:/winavr-20100110/bin/../lib/gcc/avr/4.3.3/../../../../avr/lib/avr51/crtusb1287.o (exit)
c:/winavr-20100110/bin/../lib/gcc/avr/4.3.3/avr51\libgcc.a(_clear_bss.o)
                              DualVirtualSerial.o (__do_clear_bss)
c:/winavr-20100110/bin/../lib/gcc/avr/4.3.3/../../../../avr/lib/avr51\libc.a(memcpy_P.o)
                              ../../../../LUFA/Drivers/USB/Class/Device/RNDISClassDevice.o (memcpy_P)
c:/winavr-20100110/bin/../lib/gcc/avr/4.3.3/../../../../avr/lib/avr51\libc.a(memcmp.o)
                              ../../../../LUFA/Drivers/USB/Class/Device/HIDClassDevice.o (memcmp)
c:/winavr-20100110/bin/../lib/gcc/avr/4.3.3/../../../../avr/lib/avr51\libc.a(memcpy.o)
                              ../../../../LUFA/Drivers/USB/Class/Device/HIDClassDevice.o (memcpy)
c:/winavr-20100110/bin/../lib/gcc/avr/4.3.3/../../../../avr/lib/avr51\libc.a(memset.o)
                              ../../../../LUFA/Drivers/USB/Class/Device/HIDClassDevice.o (memset)
c:/winavr-20100110/bin/../lib/gcc/avr/4.3.3/../../../../avr/lib/avr51\libc.a(eerd_byte_at90usb1287.o)
                              ../../../../LUFA/Drivers/USB/Core/AVR8/EndpointStream_AVR8.o (__eerd_byte_usb1287)
c:/winavr-20100110/bin/../lib/gcc/avr/4.3.3/../../../../avr/lib/avr51\libc.a(eeupd_byte_at90usb1287.o)
                              ../../../../LUFA/Drivers/USB/Core/AVR8/EndpointStream_AVR8.o (__eeupd_byte_usb1287)

Allocating common symbols
Common symbol       size              file

USB_IsInitialized   0x1               ../../../../LUFA/Drivers/USB/Core/USBTask.o
USB_DeviceState     0x1               ../../../../LUFA/Drivers/USB/Core/USBTask.o
USB_Device_ConfigurationNumber
                    0x1               ../../../../LUFA/Drivers/USB/Core/DeviceStandardReq.o
USB_Device_CurrentlySelfPowered
                    0x1               ../../../../LUFA/Drivers/USB/Core/DeviceStandardReq.o
USB_ControlRequest  0x8               ../../../../LUFA/Drivers/USB/Core/USBTask.o
USB_Device_RemoteWakeupEnabled
                    0x1               ../../../../LUFA/Drivers/USB/Core/DeviceStandardReq.o

Discarded input sections

 .data          0x00000000        0x0 c:/winavr-20100110/bin/../lib/gcc/avr/4.3.3/../../../../avr/lib/avr51/crtusb1287.o
 .bss           0x00000000        0x0 c:/winavr-20100110/bin/../lib/gcc/avr/4.3.3/../../../../avr/lib/avr51/crtusb1287.o
 .text          0x00000000        0x0 DualVirtualSerial.o
 .text          0x00000000        0x0 Descriptors.o
 .data          0x00000000        0x0 Descriptors.o
 .bss           0x00000000        0x0 Descriptors.o
 .text          0x00000000        0x0 ../../../../LUFA/Drivers/USB/Core/AVR8/Device_AVR8.o
 .data          0x00000000        0x0 ../../../../LUFA/Drivers/USB/Core/AVR8/Device_AVR8.o
 .bss           0x00000000        0x0 ../../../../LUFA/Drivers/USB/Core/AVR8/Device_AVR8.o
 .text.USB_Device_SendRemoteWakeup
                0x00000000        0x0 ../../../../LUFA/Drivers/USB/Core/AVR8/Device_AVR8.o
 .text          0x00000000        0x0 ../../../../LUFA/Drivers/USB/Core/AVR8/Endpoint_AVR8.o
 .data          0x00000000        0x0 ../../../../LUFA/Drivers/USB/Core/AVR8/Endpoint_AVR8.o
 .bss           0x00000000        0x0 ../../../../LUFA/Drivers/USB/Core/AVR8/Endpoint_AVR8.o
 .text.Endpoint_ClearEndpoints
                0x00000000        0x0 ../../../../LUFA/Drivers/USB/Core/AVR8/Endpoint_AVR8.o
 .text          0x00000000        0x0 ../../../../LUFA/Drivers/USB/Core/AVR8/Host_AVR8.o
 .data          0x00000000        0x0 ../../../../LUFA/Drivers/USB/Core/AVR8/Host_AVR8.o
 .bss           0x00000000        0x0 ../../../../LUFA/Drivers/USB/Core/AVR8/Host_AVR8.o
 .text          0x00000000        0x0 ../../../../LUFA/Drivers/USB/Core/AVR8/Pipe_AVR8.o
 .data          0x00000000        0x0 ../../../../LUFA/Drivers/USB/Core/AVR8/Pipe_AVR8.o
 .bss           0x00000000        0x0 ../../../../LUFA/Drivers/USB/Core/AVR8/Pipe_AVR8.o
 .text          0x00000000        0x0 ../../../../LUFA/Drivers/USB/Core/AVR8/USBController_AVR8.o
 .data          0x00000000        0x0 ../../../../LUFA/Drivers/USB/Core/AVR8/USBController_AVR8.o
 .bss           0x00000000        0x0 ../../../../LUFA/Drivers/USB/Core/AVR8/USBController_AVR8.o
 .text.USB_Disable
                0x00000000        0x0 ../../../../LUFA/Drivers/USB/Core/AVR8/USBController_AVR8.o
 .text          0x00000000        0x0 ../../../../LUFA/Drivers/USB/Core/AVR8/USBInterrupt_AVR8.o
 .data          0x00000000        0x0 ../../../../LUFA/Drivers/USB/Core/AVR8/USBInterrupt_AVR8.o
 .bss           0x00000000        0x0 ../../../../LUFA/Drivers/USB/Core/AVR8/USBInterrupt_AVR8.o
 .text          0x00000000        0x0 ../../../../LUFA/Drivers/USB/Core/AVR8/EndpointStream_AVR8.o
 .data          0x00000000        0x0 ../../../../LUFA/Drivers/USB/Core/AVR8/EndpointStream_AVR8.o
 .bss           0x00000000        0x0 ../../../../LUFA/Drivers/USB/Core/AVR8/EndpointStream_AVR8.o
 .text.Endpoint_Write_Control_Stream_BE
                0x00000000        0x0 ../../../../LUFA/Drivers/USB/Core/AVR8/EndpointStream_AVR8.o
 .text.Endpoint_Read_Control_Stream_LE
                0x00000000        0x0 ../../../../LUFA/Drivers/USB/Core/AVR8/EndpointStream_AVR8.o
 .text.Endpoint_Read_Control_Stream_BE
                0x00000000        0x0 ../../../../LUFA/Drivers/USB/Core/AVR8/EndpointStream_AVR8.o
 .text.Endpoint_Write_Control_PStream_BE
                0x00000000        0x0 ../../../../LUFA/Drivers/USB/Core/AVR8/EndpointStream_AVR8.o
 .text.Endpoint_Read_Control_EStream_BE
                0x00000000        0x0 ../../../../LUFA/Drivers/USB/Core/AVR8/EndpointStream_AVR8.o
 .text.Endpoint_Read_Control_EStream_LE
                0x00000000        0x0 ../../../../LUFA/Drivers/USB/Core/AVR8/EndpointStream_AVR8.o
 .text.Endpoint_Write_Control_EStream_BE
                0x00000000        0x0 ../../../../LUFA/Drivers/USB/Core/AVR8/EndpointStream_AVR8.o
 .text.Endpoint_Write_Control_EStream_LE
                0x00000000        0x0 ../../../../LUFA/Drivers/USB/Core/AVR8/EndpointStream_AVR8.o
 .text.Endpoint_Null_Stream
                0x00000000        0x0 ../../../../LUFA/Drivers/USB/Core/AVR8/EndpointStream_AVR8.o
 .text.Endpoint_Discard_Stream
                0x00000000        0x0 ../../../../LUFA/Drivers/USB/Core/AVR8/EndpointStream_AVR8.o
 .text.Endpoint_Read_EStream_BE
                0x00000000        0x0 ../../../../LUFA/Drivers/USB/Core/AVR8/EndpointStream_AVR8.o
 .text.Endpoint_Read_EStream_LE
                0x00000000        0x0 ../../../../LUFA/Drivers/USB/Core/AVR8/EndpointStream_AVR8.o
 .text.Endpoint_Write_EStream_BE
                0x00000000        0x0 ../../../../LUFA/Drivers/USB/Core/AVR8/EndpointStream_AVR8.o
 .text.Endpoint_Write_EStream_LE
                0x00000000        0x0 ../../../../LUFA/Drivers/USB/Core/AVR8/EndpointStream_AVR8.o
 .text.Endpoint_Write_PStream_BE
                0x00000000        0x0 ../../../../LUFA/Drivers/USB/Core/AVR8/EndpointStream_AVR8.o
 .text.Endpoint_Write_PStream_LE
                0x00000000        0x0 ../../../../LUFA/Drivers/USB/Core/AVR8/EndpointStream_AVR8.o
 .text.Endpoint_Read_Stream_BE
                0x00000000        0x0 ../../../../LUFA/Drivers/USB/Core/AVR8/EndpointStream_AVR8.o
 .text.Endpoint_Read_Stream_LE
                0x00000000        0x0 ../../../../LUFA/Drivers/USB/Core/AVR8/EndpointStream_AVR8.o
 .text.Endpoint_Write_Stream_BE
                0x00000000        0x0 ../../../../LUFA/Drivers/USB/Core/AVR8/EndpointStream_AVR8.o
 .text          0x00000000        0x0 ../../../../LUFA/Drivers/USB/Core/AVR8/PipeStream_AVR8.o
 .data          0x00000000        0x0 ../../../../LUFA/Drivers/USB/Core/AVR8/PipeStream_AVR8.o
 .bss           0x00000000        0x0 ../../../../LUFA/Drivers/USB/Core/AVR8/PipeStream_AVR8.o
 .text          0x00000000        0x0 ../../../../LUFA/Drivers/USB/Core/ConfigDescriptor.o
 .data          0x00000000        0x0 ../../../../LUFA/Drivers/USB/Core/ConfigDescriptor.o
 .bss           0x00000000        0x0 ../../../../LUFA/Drivers/USB/Core/ConfigDescriptor.o
 .text.USB_GetNextDescriptorOfType
                0x00000000        0x0 ../../../../LUFA/Drivers/USB/Core/ConfigDescriptor.o
 .text.USB_GetNextDescriptorOfTypeBefore
                0x00000000        0x0 ../../../../LUFA/Drivers/USB/Core/ConfigDescriptor.o
 .text.USB_GetNextDescriptorOfTypeAfter
                0x00000000        0x0 ../../../../LUFA/Drivers/USB/Core/ConfigDescriptor.o
 .text.USB_GetNextDescriptorComp
                0x00000000        0x0 ../../../../LUFA/Drivers/USB/Core/ConfigDescriptor.o
 .text          0x00000000        0x0 ../../../../LUFA/Drivers/USB/Core/DeviceStandardReq.o
 .data          0x00000000        0x0 ../../../../LUFA/Drivers/USB/Core/DeviceStandardReq.o
 .bss           0x00000000        0x0 ../../../../LUFA/Drivers/USB/Core/DeviceStandardReq.o
 .text          0x00000000        0x0 ../../../../LUFA/Drivers/USB/Core/Events.o
 .data          0x00000000        0x0 ../../../../LUFA/Drivers/USB/Core/Events.o
 .bss           0x00000000        0x0 ../../../../LUFA/Drivers/USB/Core/Events.o
 .text          0x00000000        0x0 ../../../../LUFA/Drivers/USB/Core/HostStandardReq.o
 .data          0x00000000        0x0 ../../../../LUFA/Drivers/USB/Core/HostStandardReq.o
 .bss           0x00000000        0x0 ../../../../LUFA/Drivers/USB/Core/HostStandardReq.o
 .text          0x00000000        0x0 ../../../../LUFA/Drivers/USB/Core/USBTask.o
 .data          0x00000000        0x0 ../../../../LUFA/Drivers/USB/Core/USBTask.o
 .bss           0x00000000        0x0 ../../../../LUFA/Drivers/USB/Core/USBTask.o
 .text          0x00000000        0x0 ../../../../LUFA/Drivers/USB/Class/Common/HIDParser.o
 .data          0x00000000        0x0 ../../../../LUFA/Drivers/USB/Class/Common/HIDParser.o
 .bss           0x00000000        0x0 ../../../../LUFA/Drivers/USB/Class/Common/HIDParser.o
 .text.USB_GetHIDReportItemInfo
                0x00000000        0x0 ../../../../LUFA/Drivers/USB/Class/Common/HIDParser.o
 .text.USB_SetHIDReportItemInfo
                0x00000000        0x0 ../../../../LUFA/Drivers/USB/Class/Common/HIDParser.o
 .text.USB_GetHIDReportSize
                0x00000000        0x0 ../../../../LUFA/Drivers/USB/Class/Common/HIDParser.o
 .text.USB_ProcessHIDReport
                0x00000000        0x0 ../../../../LUFA/Drivers/USB/Class/Common/HIDParser.o
 .text          0x00000000        0x0 ../../../../LUFA/Drivers/USB/Class/Device/AudioClassDevice.o
 .data          0x00000000        0x0 ../../../../LUFA/Drivers/USB/Class/Device/AudioClassDevice.o
 .bss           0x00000000        0x0 ../../../../LUFA/Drivers/USB/Class/Device/AudioClassDevice.o
 .text.Audio_Device_Event_Stub
                0x00000000        0x0 ../../../../LUFA/Drivers/USB/Class/Device/AudioClassDevice.o
 .text.Audio_Device_ConfigureEndpoints
                0x00000000        0x0 ../../../../LUFA/Drivers/USB/Class/Device/AudioClassDevice.o
 .text.Audio_Device_ProcessControlRequest
                0x00000000        0x0 ../../../../LUFA/Drivers/USB/Class/Device/AudioClassDevice.o
 .text          0x00000000        0x0 ../../../../LUFA/Drivers/USB/Class/Device/CDCClassDevice.o
 .data          0x00000000        0x0 ../../../../LUFA/Drivers/USB/Class/Device/CDCClassDevice.o
 .bss           0x00000000        0x0 ../../../../LUFA/Drivers/USB/Class/Device/CDCClassDevice.o
 .text.CDC_Device_BytesReceived
                0x00000000        0x0 ../../../../LUFA/Drivers/USB/Class/Device/CDCClassDevice.o
 .text.CDC_Device_CreateStream
                0x00000000        0x0 ../../../../LUFA/Drivers/USB/Class/Device/CDCClassDevice.o
 .text.CDC_Device_CreateBlockingStream
                0x00000000        0x0 ../../../../LUFA/Drivers/USB/Class/Device/CDCClassDevice.o
 .text.CDC_Device_getchar
                0x00000000        0x0 ../../../../LUFA/Drivers/USB/Class/Device/CDCClassDevice.o
 .text.CDC_Device_SendControlLineStateChange
                0x00000000        0x0 ../../../../LUFA/Drivers/USB/Class/Device/CDCClassDevice.o
 .text.CDC_Device_SendData
                0x00000000        0x0 ../../../../LUFA/Drivers/USB/Class/Device/CDCClassDevice.o
 .text.CDC_Device_getchar_Blocking
                0x00000000        0x0 ../../../../LUFA/Drivers/USB/Class/Device/CDCClassDevice.o
 .text.CDC_Device_putchar
                0x00000000        0x0 ../../../../LUFA/Drivers/USB/Class/Device/CDCClassDevice.o
 .text          0x00000000        0x0 ../../../../LUFA/Drivers/USB/Class/Device/HIDClassDevice.o
 .data          0x00000000        0x0 ../../../../LUFA/Drivers/USB/Class/Device/HIDClassDevice.o
 .bss           0x00000000        0x0 ../../../../LUFA/Drivers/USB/Class/Device/HIDClassDevice.o
 .text.HID_Device_USBTask
                0x00000000        0x0 ../../../../LUFA/Drivers/USB/Class/Device/HIDClassDevice.o
 .text.HID_Device_ConfigureEndpoints
                0x00000000        0x0 ../../../../LUFA/Drivers/USB/Class/Device/HIDClassDevice.o
 .text.HID_Device_ProcessControlRequest
                0x00000000        0x0 ../../../../LUFA/Drivers/USB/Class/Device/HIDClassDevice.o
 .text          0x00000000        0x0 ../../../../LUFA/Drivers/USB/Class/Device/MassStorageClassDevice.o
 .data          0x00000000        0x0 ../../../../LUFA/Drivers/USB/Class/Device/MassStorageClassDevice.o
 .bss           0x00000000        0x0 ../../../../LUFA/Drivers/USB/Class/Device/MassStorageClassDevice.o
 .text.MS_Device_USBTask
                0x00000000        0x0 ../../../../LUFA/Drivers/USB/Class/Device/MassStorageClassDevice.o
 .text.MS_Device_ConfigureEndpoints
                0x00000000        0x0 ../../../../LUFA/Drivers/USB/Class/Device/MassStorageClassDevice.o
 .text.MS_Device_ProcessControlRequest
                0x00000000        0x0 ../../../../LUFA/Drivers/USB/Class/Device/MassStorageClassDevice.o
 .text          0x00000000        0x0 ../../../../LUFA/Drivers/USB/Class/Device/MIDIClassDevice.o
 .data          0x00000000        0x0 ../../../../LUFA/Drivers/USB/Class/Device/MIDIClassDevice.o
 .bss           0x00000000        0x0 ../../../../LUFA/Drivers/USB/Class/Device/MIDIClassDevice.o
 .text.MIDI_Device_ReceiveEventPacket
                0x00000000        0x0 ../../../../LUFA/Drivers/USB/Class/Device/MIDIClassDevice.o
 .text.MIDI_Device_Flush
                0x00000000        0x0 ../../../../LUFA/Drivers/USB/Class/Device/MIDIClassDevice.o
 .text.MIDI_Device_USBTask
                0x00000000        0x0 ../../../../LUFA/Drivers/USB/Class/Device/MIDIClassDevice.o
 .text.MIDI_Device_SendEventPacket
                0x00000000        0x0 ../../../../LUFA/Drivers/USB/Class/Device/MIDIClassDevice.o
 .text.MIDI_Device_ConfigureEndpoints
                0x00000000        0x0 ../../../../LUFA/Drivers/USB/Class/Device/MIDIClassDevice.o
 .text          0x00000000        0x0 ../../../../LUFA/Drivers/USB/Class/Device/RNDISClassDevice.o
 .data          0x00000000        0x0 ../../../../LUFA/Drivers/USB/Class/Device/RNDISClassDevice.o
 .bss           0x00000000        0x0 ../../../../LUFA/Drivers/USB/Class/Device/RNDISClassDevice.o
 .text.RNDIS_Device_IsPacketReceived
                0x00000000        0x0 ../../../../LUFA/Drivers/USB/Class/Device/RNDISClassDevice.o
 .text.RNDIS_Device_SendPacket
                0x00000000        0x0 ../../../../LUFA/Drivers/USB/Class/Device/RNDISClassDevice.o
 .text.RNDIS_Device_USBTask
                0x00000000        0x0 ../../../../LUFA/Drivers/USB/Class/Device/RNDISClassDevice.o
 .text.RNDIS_Device_ReadPacket
                0x00000000        0x0 ../../../../LUFA/Drivers/USB/Class/Device/RNDISClassDevice.o
 .text.RNDIS_Device_ConfigureEndpoints
                0x00000000        0x0 ../../../../LUFA/Drivers/USB/Class/Device/RNDISClassDevice.o
 .text.RNDIS_Device_ProcessControlRequest
                0x00000000        0x0 ../../../../LUFA/Drivers/USB/Class/Device/RNDISClassDevice.o
 .progmem.data  0x00000000        0x0 ../../../../LUFA/Drivers/USB/Class/Device/RNDISClassDevice.o
 .text          0x00000000        0x0 ../../../../LUFA/Drivers/USB/Class/Host/AndroidAccessoryClassHost.o
 .data          0x00000000        0x0 ../../../../LUFA/Drivers/USB/Class/Host/AndroidAccessoryClassHost.o
 .bss           0x00000000        0x0 ../../../../LUFA/Drivers/USB/Class/Host/AndroidAccessoryClassHost.o
 .text          0x00000000        0x0 ../../../../LUFA/Drivers/USB/Class/Host/AudioClassHost.o
 .data          0x00000000        0x0 ../../../../LUFA/Drivers/USB/Class/Host/AudioClassHost.o
 .bss           0x00000000        0x0 ../../../../LUFA/Drivers/USB/Class/Host/AudioClassHost.o
 .text          0x00000000        0x0 ../../../../LUFA/Drivers/USB/Class/Host/CDCClassHost.o
 .data          0x00000000        0x0 ../../../../LUFA/Drivers/USB/Class/Host/CDCClassHost.o
 .bss           0x00000000        0x0 ../../../../LUFA/Drivers/USB/Class/Host/CDCClassHost.o
 .text          0x00000000        0x0 ../../../../LUFA/Drivers/USB/Class/Host/HIDClassHost.o
 .data          0x00000000        0x0 ../../../../LUFA/Drivers/USB/Class/Host/HIDClassHost.o
 .bss           0x00000000        0x0 ../../../../LUFA/Drivers/USB/Class/Host/HIDClassHost.o
 .text          0x00000000        0x0 ../../../../LUFA/Drivers/USB/Class/Host/MassStorageClassHost.o
 .data          0x00000000        0x0 ../../../../LUFA/Drivers/USB/Class/Host/MassStorageClassHost.o
 .bss           0x00000000        0x0 ../../../../LUFA/Drivers/USB/Class/Host/MassStorageClassHost.o
 .text          0x00000000        0x0 ../../../../LUFA/Drivers/USB/Class/Host/MIDIClassHost.o
 .data          0x00000000        0x0 ../../../../LUFA/Drivers/USB/Class/Host/MIDIClassHost.o
 .bss           0x00000000        0x0 ../../../../LUFA/Drivers/USB/Class/Host/MIDIClassHost.o
 .text          0x00000000        0x0 ../../../../LUFA/Drivers/USB/Class/Host/PrinterClassHost.o
 .data          0x00000000        0x0 ../../../../LUFA/Drivers/USB/Class/Host/PrinterClassHost.o
 .bss           0x00000000        0x0 ../../../../LUFA/Drivers/USB/Class/Host/PrinterClassHost.o
 .text          0x00000000        0x0 ../../../../LUFA/Drivers/USB/Class/Host/RNDISClassHost.o
 .data          0x00000000        0x0 ../../../../LUFA/Drivers/USB/Class/Host/RNDISClassHost.o
 .bss           0x00000000        0x0 ../../../../LUFA/Drivers/USB/Class/Host/RNDISClassHost.o
 .text          0x00000000        0x0 ../../../../LUFA/Drivers/USB/Class/Host/StillImageClassHost.o
 .data          0x00000000        0x0 ../../../../LUFA/Drivers/USB/Class/Host/StillImageClassHost.o
 .bss           0x00000000        0x0 ../../../../LUFA/Drivers/USB/Class/Host/StillImageClassHost.o
 .text          0x00000000        0x0 c:/winavr-20100110/bin/../lib/gcc/avr/4.3.3/avr51\libgcc.a(_exit.o)
 .data          0x00000000        0x0 c:/winavr-20100110/bin/../lib/gcc/avr/4.3.3/avr51\libgcc.a(_exit.o)
 .bss           0x00000000        0x0 c:/winavr-20100110/bin/../lib/gcc/avr/4.3.3/avr51\libgcc.a(_exit.o)
 .text.libgcc   0x00000000        0x0 c:/winavr-20100110/bin/../lib/gcc/avr/4.3.3/avr51\libgcc.a(_exit.o)
 .text          0x00000000        0x0 c:/winavr-20100110/bin/../lib/gcc/avr/4.3.3/avr51\libgcc.a(_clear_bss.o)
 .data          0x00000000        0x0 c:/winavr-20100110/bin/../lib/gcc/avr/4.3.3/avr51\libgcc.a(_clear_bss.o)
 .bss           0x00000000        0x0 c:/winavr-20100110/bin/../lib/gcc/avr/4.3.3/avr51\libgcc.a(_clear_bss.o)
 .text.libgcc   0x00000000        0x0 c:/winavr-20100110/bin/../lib/gcc/avr/4.3.3/avr51\libgcc.a(_clear_bss.o)
 .text          0x00000000        0x0 c:/winavr-20100110/bin/../lib/gcc/avr/4.3.3/../../../../avr/lib/avr51\libc.a(memcpy_P.o)
 .data          0x00000000        0x0 c:/winavr-20100110/bin/../lib/gcc/avr/4.3.3/../../../../avr/lib/avr51\libc.a(memcpy_P.o)
 .bss           0x00000000        0x0 c:/winavr-20100110/bin/../lib/gcc/avr/4.3.3/../../../../avr/lib/avr51\libc.a(memcpy_P.o)
 .text.avr-libc
                0x00000000        0x0 c:/winavr-20100110/bin/../lib/gcc/avr/4.3.3/../../../../avr/lib/avr51\libc.a(memcpy_P.o)
 .text          0x00000000        0x0 c:/winavr-20100110/bin/../lib/gcc/avr/4.3.3/../../../../avr/lib/avr51\libc.a(memcmp.o)
 .data          0x00000000        0x0 c:/winavr-20100110/bin/../lib/gcc/avr/4.3.3/../../../../avr/lib/avr51\libc.a(memcmp.o)
 .bss           0x00000000        0x0 c:/winavr-20100110/bin/../lib/gcc/avr/4.3.3/../../../../avr/lib/avr51\libc.a(memcmp.o)
 .text.avr-libc
                0x00000000        0x0 c:/winavr-20100110/bin/../lib/gcc/avr/4.3.3/../../../../avr/lib/avr51\libc.a(memcmp.o)
 .text          0x00000000        0x0 c:/winavr-20100110/bin/../lib/gcc/avr/4.3.3/../../../../avr/lib/avr51\libc.a(memcpy.o)
 .data          0x00000000        0x0 c:/winavr-20100110/bin/../lib/gcc/avr/4.3.3/../../../../avr/lib/avr51\libc.a(memcpy.o)
 .bss           0x00000000        0x0 c:/winavr-20100110/bin/../lib/gcc/avr/4.3.3/../../../../avr/lib/avr51\libc.a(memcpy.o)
 .text.avr-libc
                0x00000000        0x0 c:/winavr-20100110/bin/../lib/gcc/avr/4.3.3/../../../../avr/lib/avr51\libc.a(memcpy.o)
 .text          0x00000000        0x0 c:/winavr-20100110/bin/../lib/gcc/avr/4.3.3/../../../../avr/lib/avr51\libc.a(memset.o)
 .data          0x00000000        0x0 c:/winavr-20100110/bin/../lib/gcc/avr/4.3.3/../../../../avr/lib/avr51\libc.a(memset.o)
 .bss           0x00000000        0x0 c:/winavr-20100110/bin/../lib/gcc/avr/4.3.3/../../../../avr/lib/avr51\libc.a(memset.o)
 .text.avr-libc
                0x00000000        0x0 c:/winavr-20100110/bin/../lib/gcc/avr/4.3.3/../../../../avr/lib/avr51\libc.a(memset.o)
 .text          0x00000000        0x0 c:/winavr-20100110/bin/../lib/gcc/avr/4.3.3/../../../../avr/lib/avr51\libc.a(eerd_byte_at90usb1287.o)
 .data          0x00000000        0x0 c:/winavr-20100110/bin/../lib/gcc/avr/4.3.3/../../../../avr/lib/avr51\libc.a(eerd_byte_at90usb1287.o)
 .bss           0x00000000        0x0 c:/winavr-20100110/bin/../lib/gcc/avr/4.3.3/../../../../avr/lib/avr51\libc.a(eerd_byte_at90usb1287.o)
 .text.avr-libc
                0x00000000        0x0 c:/winavr-20100110/bin/../lib/gcc/avr/4.3.3/../../../../avr/lib/avr51\libc.a(eerd_byte_at90usb1287.o)
 .text          0x00000000        0x0 c:/winavr-20100110/bin/../lib/gcc/avr/4.3.3/../../../../avr/lib/avr51\libc.a(eeupd_byte_at90usb1287.o)
 .data          0x00000000        0x0 c:/winavr-20100110/bin/../lib/gcc/avr/4.3.3/../../../../avr/lib/avr51\libc.a(eeupd_byte_at90usb1287.o)
 .bss           0x00000000        0x0 c:/winavr-20100110/bin/../lib/gcc/avr/4.3.3/../../../../avr/lib/avr51\libc.a(eeupd_byte_at90usb1287.o)
 .text.avr-libc
                0x00000000        0x0 c:/winavr-20100110/bin/../lib/gcc/avr/4.3.3/../../../../avr/lib/avr51\libc.a(eeupd_byte_at90usb1287.o)

Memory Configuration

Name             Origin             Length             Attributes
text             0x00000000         0x00020000         xr
data             0x00800060         0x0000ffa0         rw !x
eeprom           0x00810000         0x00010000         rw !x
fuse             0x00820000         0x00000400         rw !x
lock             0x00830000         0x00000400         rw !x
signature        0x00840000         0x00000400         rw !x
*default*        0x00000000         0xffffffff

Linker script and memory map

Address of section .data set to 0x800100
LOAD c:/winavr-20100110/bin/../lib/gcc/avr/4.3.3/../../../../avr/lib/avr51/crtusb1287.o
LOAD DualVirtualSerial.o
LOAD Descriptors.o
LOAD ../../../../LUFA/Drivers/USB/Core/AVR8/Device_AVR8.o
LOAD ../../../../LUFA/Drivers/USB/Core/AVR8/Endpoint_AVR8.o
LOAD ../../../../LUFA/Drivers/USB/Core/AVR8/Host_AVR8.o
LOAD ../../../../LUFA/Drivers/USB/Core/AVR8/Pipe_AVR8.o
LOAD ../../../../LUFA/Drivers/USB/Core/AVR8/USBController_AVR8.o
LOAD ../../../../LUFA/Drivers/USB/Core/AVR8/USBInterrupt_AVR8.o
LOAD ../../../../LUFA/Drivers/USB/Core/AVR8/EndpointStream_AVR8.o
LOAD ../../../../LUFA/Drivers/USB/Core/AVR8/PipeStream_AVR8.o
LOAD ../../../../LUFA/Drivers/USB/Core/ConfigDescriptor.o
LOAD ../../../../LUFA/Drivers/USB/Core/DeviceStandardReq.o
LOAD ../../../../LUFA/Drivers/USB/Core/Events.o
LOAD ../../../../LUFA/Drivers/USB/Core/HostStandardReq.o
LOAD ../../../../LUFA/Drivers/USB/Core/USBTask.o
LOAD ../../../../LUFA/Drivers/USB/Class/Common/HIDParser.o
LOAD ../../../../LUFA/Drivers/USB/Class/Device/AudioClassDevice.o
LOAD ../../../../LUFA/Drivers/USB/Class/Device/CDCClassDevice.o
LOAD ../../../../LUFA/Drivers/USB/Class/Device/HIDClassDevice.o
LOAD ../../../../LUFA/Drivers/USB/Class/Device/MassStorageClassDevice.o
LOAD ../../../../LUFA/Drivers/USB/Class/Device/MIDIClassDevice.o
LOAD ../../../../LUFA/Drivers/USB/Class/Device/RNDISClassDevice.o
LOAD ../../../../LUFA/Drivers/USB/Class/Host/AndroidAccessoryClassHost.o
LOAD ../../../../LUFA/Drivers/USB/Class/Host/AudioClassHost.o
LOAD ../../../../LUFA/Drivers/USB/Class/Host/CDCClassHost.o
LOAD ../../../../LUFA/Drivers/USB/Class/Host/HIDClassHost.o
LOAD ../../../../LUFA/Drivers/USB/Class/Host/MassStorageClassHost.o
LOAD ../../../../LUFA/Drivers/USB/Class/Host/MIDIClassHost.o
LOAD ../../../../LUFA/Drivers/USB/Class/Host/PrinterClassHost.o
LOAD ../../../../LUFA/Drivers/USB/Class/Host/RNDISClassHost.o
LOAD ../../../../LUFA/Drivers/USB/Class/Host/StillImageClassHost.o
LOAD c:/winavr-20100110/bin/../lib/gcc/avr/4.3.3/../../../../avr/lib/avr51\libm.a
LOAD c:/winavr-20100110/bin/../lib/gcc/avr/4.3.3/avr51\libgcc.a
LOAD c:/winavr-20100110/bin/../lib/gcc/avr/4.3.3/../../../../avr/lib/avr51\libc.a
LOAD c:/winavr-20100110/bin/../lib/gcc/avr/4.3.3/avr51\libgcc.a

.hash
 *(.hash)

.dynsym
 *(.dynsym)

.dynstr
 *(.dynstr)

.gnu.version
 *(.gnu.version)

.gnu.version_d
 *(.gnu.version_d)

.gnu.version_r
 *(.gnu.version_r)

.rel.init
 *(.rel.init)

.rela.init
 *(.rela.init)

.rel.text
 *(.rel.text)
 *(.rel.text.*)
 *(.rel.gnu.linkonce.t*)

.rela.text
 *(.rela.text)
 *(.rela.text.*)
 *(.rela.gnu.linkonce.t*)

.rel.fini
 *(.rel.fini)

.rela.fini
 *(.rela.fini)

.rel.rodata
 *(.rel.rodata)
 *(.rel.rodata.*)
 *(.rel.gnu.linkonce.r*)

.rela.rodata
 *(.rela.rodata)
 *(.rela.rodata.*)
 *(.rela.gnu.linkonce.r*)

.rel.data
 *(.rel.data)
 *(.rel.data.*)
 *(.rel.gnu.linkonce.d*)

.rela.data
 *(.rela.data)
 *(.rela.data.*)
 *(.rela.gnu.linkonce.d*)

.rel.ctors
 *(.rel.ctors)

.rela.ctors
 *(.rela.ctors)

.rel.dtors
 *(.rel.dtors)

.rela.dtors
 *(.rela.dtors)

.rel.got
 *(.rel.got)

.rela.got
 *(.rela.got)

.rel.bss
 *(.rel.bss)

.rela.bss
 *(.rela.bss)

.rel.plt
 *(.rel.plt)

.rela.plt
 *(.rela.plt)

.text           0x00000000      0xf1c
 *(.vectors)
 .vectors       0x00000000       0x98 c:/winavr-20100110/bin/../lib/gcc/avr/4.3.3/../../../../avr/lib/avr51/crtusb1287.o
                0x00000000                __vectors
                0x00000000                __vector_default
 *(.vectors)
 *(.progmem.gcc*)
 *(.progmem*)
 .progmem.data  0x00000098       0xdb Descriptors.o
                0x00000131                ManufacturerString
                0x0000012d                LanguageString
                0x00000098                DeviceDescriptor
                0x0000014b                ProductString
                0x000000aa                ConfigurationDescriptor
                0x00000174                . = ALIGN (0x2)
 *fill*         0x00000173        0x1 00
                0x00000174                __trampolines_start = .
 *(.trampolines)
 .trampolines   0x00000174        0x0 linker stubs
 *(.trampolines*)
                0x00000174                __trampolines_end = .
 *(.jumptables)
 *(.jumptables*)
 *(.lowtext)
 *(.lowtext*)
                0x00000174                __ctors_start = .
 *(.ctors)
                0x00000174                __ctors_end = .
                0x00000174                __dtors_start = .
 *(.dtors)
                0x00000174                __dtors_end = .
 SORT(*)(.ctors)
 SORT(*)(.dtors)
 *(.init0)
 .init0         0x00000174        0x0 c:/winavr-20100110/bin/../lib/gcc/avr/4.3.3/../../../../avr/lib/avr51/crtusb1287.o
                0x00000174                __init
 *(.init0)
 *(.init1)
 *(.init1)
 *(.init2)
 .init2         0x00000174        0xc c:/winavr-20100110/bin/../lib/gcc/avr/4.3.3/../../../../avr/lib/avr51/crtusb1287.o
 *(.init2)
 *(.init3)
 *(.init3)
 *(.init4)
 .init4         0x00000180       0x1a c:/winavr-20100110/bin/../lib/gcc/avr/4.3.3/../../../../avr/lib/avr51/crtusb1287.o
                0x00000180                __do_copy_data
 .init4         0x0000019a       0x10 c:/winavr-20100110/bin/../lib/gcc/avr/4.3.3/avr51\libgcc.a(_clear_bss.o)
                0x0000019a                __do_clear_bss
 *(.init4)
 *(.init5)
 *(.init5)
 *(.init6)
 *(.init6)
 *(.init7)
 *(.init7)
 *(.init8)
 *(.init8)
 *(.init9)
 .init9         0x000001aa        0x4 c:/winavr-20100110/bin/../lib/gcc/avr/4.3.3/../../../../avr/lib/avr51/crtusb1287.o
 *(.init9)
 *(.text)
 .text          0x000001ae        0x2 c:/winavr-20100110/bin/../lib/gcc/avr/4.3.3/../../../../avr/lib/avr51/crtusb1287.o
                0x000001ae                __vector_22
                0x000001ae                __vector_28
                0x000001ae                __vector_1
                0x000001ae                __vector_32
                0x000001ae                __vector_34
                0x000001ae                __vector_24
                0x000001ae                __vector_12
                0x000001ae                __bad_interrupt
                0x000001ae                __vector_6
                0x000001ae                __vector_31
                0x000001ae                __vector_35
                0x000001ae                __vector_3
                0x000001ae                __vector_23
                0x000001ae                __vector_30
                0x000001ae                __vector_25
                0x000001ae                __vector_11
                0x000001ae                __vector_13
                0x000001ae                __vector_17
                0x000001ae                __vector_19
                0x000001ae                __vector_7
                0x000001ae                __vector_27
                0x000001ae                __vector_5
                0x000001ae                __vector_33
                0x000001ae                __vector_37
                0x000001ae                __vector_4
                0x000001ae                __vector_9
                0x000001ae                __vector_2
                0x000001ae                __vector_21
                0x000001ae                __vector_15
                0x000001ae                __vector_36
                0x000001ae                __vector_29
                0x000001ae                __vector_8
                0x000001ae                __vector_26
                0x000001ae                __vector_14
                0x000001ae                __vector_16
                0x000001ae                __vector_18
                0x000001ae                __vector_20
                0x000001b0                . = ALIGN (0x2)
 *(.text.*)
 .text.EVENT_USB_Device_Connect
                0x000001b0        0xa DualVirtualSerial.o
                0x000001b0                EVENT_USB_Device_Connect
 .text.EVENT_USB_Device_Disconnect
                0x000001ba        0xa DualVirtualSerial.o
                0x000001ba                EVENT_USB_Device_Disconnect
 .text.EVENT_USB_Device_ControlRequest
                0x000001c4        0xc DualVirtualSerial.o
                0x000001c4                EVENT_USB_Device_ControlRequest
 .text.EVENT_USB_Device_ConfigurationChanged
                0x000001d0       0x32 DualVirtualSerial.o
                0x000001d0                EVENT_USB_Device_ConfigurationChanged
 .text.CheckJoystickMovement
                0x00000202       0x62 DualVirtualSerial.o
                0x00000202                CheckJoystickMovement
 .text.SetupHardware
                0x00000264       0x50 DualVirtualSerial.o
                0x00000264                SetupHardware
 .text.main     0x000002b4       0x36 DualVirtualSerial.o
                0x000002b4                main
 .text.CALLBACK_USB_GetDescriptor
                0x000002ea       0x5c Descriptors.o
                0x000002ea                CALLBACK_USB_GetDescriptor
 .text.Endpoint_ConfigureEndpoint_Prv
                0x00000346       0x6a ../../../../LUFA/Drivers/USB/Core/AVR8/Endpoint_AVR8.o
                0x00000346                Endpoint_ConfigureEndpoint_Prv
 .text.Endpoint_ClearStatusStage
                0x000003b0       0x42 ../../../../LUFA/Drivers/USB/Core/AVR8/Endpoint_AVR8.o
                0x000003b0                Endpoint_ClearStatusStage
 .text.Endpoint_WaitUntilReady
                0x000003f2       0x64 ../../../../LUFA/Drivers/USB/Core/AVR8/Endpoint_AVR8.o
                0x000003f2                Endpoint_WaitUntilReady
 .text.USB_ResetInterface
                0x00000456       0x92 ../../../../LUFA/Drivers/USB/Core/AVR8/USBController_AVR8.o
                0x00000456                USB_ResetInterface
 .text.USB_Init
                0x000004e8       0x12 ../../../../LUFA/Drivers/USB/Core/AVR8/USBController_AVR8.o
                0x000004e8                USB_Init
 .text.USB_INT_DisableAllInterrupts
                0x000004fa       0x10 ../../../../LUFA/Drivers/USB/Core/AVR8/USBInterrupt_AVR8.o
                0x000004fa                USB_INT_DisableAllInterrupts
 .text.USB_INT_ClearAllInterrupts
                0x0000050a        0xa ../../../../LUFA/Drivers/USB/Core/AVR8/USBInterrupt_AVR8.o
                0x0000050a                USB_INT_ClearAllInterrupts
 .text.__vector_10
                0x00000514      0x190 ../../../../LUFA/Drivers/USB/Core/AVR8/USBInterrupt_AVR8.o
                0x00000514                __vector_10
 .text.Endpoint_Write_Control_Stream_LE
                0x000006a4       0xbc ../../../../LUFA/Drivers/USB/Core/AVR8/EndpointStream_AVR8.o
                0x000006a4                Endpoint_Write_Control_Stream_LE
 .text.Endpoint_Write_Control_PStream_LE
                0x00000760       0xc2 ../../../../LUFA/Drivers/USB/Core/AVR8/EndpointStream_AVR8.o
                0x00000760                Endpoint_Write_Control_PStream_LE
 .text.Endpoint_Write_Stream_LE
                0x00000822       0xa4 ../../../../LUFA/Drivers/USB/Core/AVR8/EndpointStream_AVR8.o
                0x00000822                Endpoint_Write_Stream_LE
 .text.USB_Device_ProcessControlRequest
                0x000008c6      0x2d6 ../../../../LUFA/Drivers/USB/Core/DeviceStandardReq.o
                0x000008c6                USB_Device_ProcessControlRequest
 .text.USB_Event_Stub
                0x00000b9c        0x2 ../../../../LUFA/Drivers/USB/Core/Events.o
                0x00000b9c                EVENT_USB_Device_WakeUp
                0x00000b9c                USB_Event_Stub
                0x00000b9c                EVENT_USB_Device_Suspend
                0x00000b9c                EVENT_USB_Device_StartOfFrame
                0x00000b9c                EVENT_USB_Device_Reset
 .text.USB_USBTask
                0x00000b9e       0x26 ../../../../LUFA/Drivers/USB/Core/USBTask.o
                0x00000b9e                USB_USBTask
 .text.CDC_Device_ReceiveByte
                0x00000bc4       0x62 ../../../../LUFA/Drivers/USB/Class/Device/CDCClassDevice.o
                0x00000bc4                CDC_Device_ReceiveByte
 .text.CDC_Device_Event_Stub
                0x00000c26        0x2 ../../../../LUFA/Drivers/USB/Class/Device/CDCClassDevice.o
                0x00000c26                EVENT_CDC_Device_LineEncodingChanged
                0x00000c26                EVENT_CDC_Device_ControLineStateChanged
                0x00000c26                EVENT_CDC_Device_BreakSent
                0x00000c26                CDC_Device_Event_Stub
 .text.CDC_Device_Flush
                0x00000c28       0x5c ../../../../LUFA/Drivers/USB/Class/Device/CDCClassDevice.o
                0x00000c28                CDC_Device_Flush
 .text.CDC_Device_USBTask
                0x00000c84       0x20 ../../../../LUFA/Drivers/USB/Class/Device/CDCClassDevice.o
                0x00000c84                CDC_Device_USBTask
 .text.CDC_Device_SendByte
                0x00000ca4       0x4a ../../../../LUFA/Drivers/USB/Class/Device/CDCClassDevice.o
                0x00000ca4                CDC_Device_SendByte
 .text.CDC_Device_SendString
                0x00000cee       0x3c ../../../../LUFA/Drivers/USB/Class/Device/CDCClassDevice.o
                0x00000cee                CDC_Device_SendString
 .text.CDC_Device_ConfigureEndpoints
                0x00000d2a       0xa0 ../../../../LUFA/Drivers/USB/Class/Device/CDCClassDevice.o
                0x00000d2a                CDC_Device_ConfigureEndpoints
 .text.CDC_Device_ProcessControlRequest
                0x00000dca      0x14e ../../../../LUFA/Drivers/USB/Class/Device/CDCClassDevice.o
                0x00000dca                CDC_Device_ProcessControlRequest
                0x00000f18                . = ALIGN (0x2)
 *(.fini9)
 .fini9         0x00000f18        0x0 c:/winavr-20100110/bin/../lib/gcc/avr/4.3.3/avr51\libgcc.a(_exit.o)
                0x00000f18                exit
                0x00000f18                _exit
 *(.fini9)
 *(.fini8)
 *(.fini8)
 *(.fini7)
 *(.fini7)
 *(.fini6)
 *(.fini6)
 *(.fini5)
 *(.fini5)
 *(.fini4)
 *(.fini4)
 *(.fini3)
 *(.fini3)
 *(.fini2)
 *(.fini2)
 *(.fini1)
 *(.fini1)
 *(.fini0)
 .fini0         0x00000f18        0x4 c:/winavr-20100110/bin/../lib/gcc/avr/4.3.3/avr51\libgcc.a(_exit.o)
 *(.fini0)
                0x00000f1c                _etext = .

.data           0x00800100       0x82 load address 0x00000f1c
                0x00800100                PROVIDE (__data_start, .)
 *(.data)
 .data          0x00800100       0x82 DualVirtualSerial.o
                0x00800152                VirtualSerial1_CDC_Interface
                0x0080016a                VirtualSerial2_CDC_Interface
 *(.data*)
 *(.rodata)
 *(.rodata*)
 *(.gnu.linkonce.d*)
                0x00800182                . = ALIGN (0x2)
                0x00800182                _edata = .
                0x00800182                PROVIDE (__data_end, .)

.bss            0x00800182        0xe
                0x00800182                PROVIDE (__bss_start, .)
 *(.bss)
 .bss           0x00800182        0x1 DualVirtualSerial.o
 *(.bss*)
 *(COMMON)
 COMMON         0x00800183        0x3 ../../../../LUFA/Drivers/USB/Core/DeviceStandardReq.o
                0x00800183                USB_Device_ConfigurationNumber
                0x00800184                USB_Device_CurrentlySelfPowered
                0x00800185                USB_Device_RemoteWakeupEnabled
 COMMON         0x00800186        0xa ../../../../LUFA/Drivers/USB/Core/USBTask.o
                0x00800186                USB_IsInitialized
                0x00800187                USB_DeviceState
                0x00800188                USB_ControlRequest
                0x00800190                PROVIDE (__bss_end, .)
                0x00000f1c                __data_load_start = LOADADDR (.data)
                0x00000f9e                __data_load_end = (__data_load_start + SIZEOF (.data))

.noinit         0x00800190        0x0
                0x00800190                PROVIDE (__noinit_start, .)
 *(.noinit*)
                0x00800190                PROVIDE (__noinit_end, .)
                0x00800190                _end = .
                0x00800190                PROVIDE (__heap_start, .)

.eeprom         0x00810000        0x0
 *(.eeprom*)
                0x00810000                __eeprom_end = .

.fuse
 *(.fuse)
 *(.lfuse)
 *(.hfuse)
 *(.efuse)

.lock
 *(.lock*)

.signature
 *(.signature*)

.stab
 *(.stab)

.stabstr
 *(.stabstr)

.stab.excl
 *(.stab.excl)

.stab.exclstr
 *(.stab.exclstr)

.stab.index
 *(.stab.index)

.stab.indexstr
 *(.stab.indexstr)

.comment
 *(.comment)

.debug
 *(.debug)

.line
 *(.line)

.debug_srcinfo
 *(.debug_srcinfo)

.debug_sfnames
 *(.debug_sfnames)

.debug_aranges  0x00000000      0x470
 *(.debug_aranges)
 .debug_aranges
                0x00000000       0x50 DualVirtualSerial.o
 .debug_aranges
                0x00000050       0x20 Descriptors.o
 .debug_aranges
                0x00000070       0x20 ../../../../LUFA/Drivers/USB/Core/AVR8/Device_AVR8.o
 .debug_aranges
                0x00000090       0x38 ../../../../LUFA/Drivers/USB/Core/AVR8/Endpoint_AVR8.o
 .debug_aranges
                0x000000c8       0x30 ../../../../LUFA/Drivers/USB/Core/AVR8/USBController_AVR8.o
 .debug_aranges
                0x000000f8       0x30 ../../../../LUFA/Drivers/USB/Core/AVR8/USBInterrupt_AVR8.o
 .debug_aranges
                0x00000128       0xc8 ../../../../LUFA/Drivers/USB/Core/AVR8/EndpointStream_AVR8.o
 .debug_aranges
                0x000001f0       0x38 ../../../../LUFA/Drivers/USB/Core/ConfigDescriptor.o
 .debug_aranges
                0x00000228       0x20 ../../../../LUFA/Drivers/USB/Core/DeviceStandardReq.o
 .debug_aranges
                0x00000248       0x20 ../../../../LUFA/Drivers/USB/Core/Events.o
 .debug_aranges
                0x00000268       0x20 ../../../../LUFA/Drivers/USB/Core/USBTask.o
 .debug_aranges
                0x00000288       0x38 ../../../../LUFA/Drivers/USB/Class/Common/HIDParser.o
 .debug_aranges
                0x000002c0       0x30 ../../../../LUFA/Drivers/USB/Class/Device/AudioClassDevice.o
 .debug_aranges
                0x000002f0       0x98 ../../../../LUFA/Drivers/USB/Class/Device/CDCClassDevice.o
 .debug_aranges
                0x00000388       0x30 ../../../../LUFA/Drivers/USB/Class/Device/HIDClassDevice.o
 .debug_aranges
                0x000003b8       0x30 ../../../../LUFA/Drivers/USB/Class/Device/MassStorageClassDevice.o
 .debug_aranges
                0x000003e8       0x40 ../../../../LUFA/Drivers/USB/Class/Device/MIDIClassDevice.o
 .debug_aranges
                0x00000428       0x48 ../../../../LUFA/Drivers/USB/Class/Device/RNDISClassDevice.o

.debug_pubnames
                0x00000000      0xc8f
 *(.debug_pubnames)
 .debug_pubnames
                0x00000000      0x114 DualVirtualSerial.o
 .debug_pubnames
                0x00000114       0x9e Descriptors.o
 .debug_pubnames
                0x000001b2       0x32 ../../../../LUFA/Drivers/USB/Core/AVR8/Device_AVR8.o
 .debug_pubnames
                0x000001e4       0x8b ../../../../LUFA/Drivers/USB/Core/AVR8/Endpoint_AVR8.o
 .debug_pubnames
                0x0000026f       0x46 ../../../../LUFA/Drivers/USB/Core/AVR8/USBController_AVR8.o
 .debug_pubnames
                0x000002b5       0x62 ../../../../LUFA/Drivers/USB/Core/AVR8/USBInterrupt_AVR8.o
 .debug_pubnames
                0x00000317      0x2df ../../../../LUFA/Drivers/USB/Core/AVR8/EndpointStream_AVR8.o
 .debug_pubnames
                0x000005f6       0x9b ../../../../LUFA/Drivers/USB/Core/ConfigDescriptor.o
 .debug_pubnames
                0x00000691       0xa1 ../../../../LUFA/Drivers/USB/Core/DeviceStandardReq.o
 .debug_pubnames
                0x00000732       0x25 ../../../../LUFA/Drivers/USB/Core/Events.o
 .debug_pubnames
                0x00000757       0x63 ../../../../LUFA/Drivers/USB/Core/USBTask.o
 .debug_pubnames
                0x000007ba       0x7e ../../../../LUFA/Drivers/USB/Class/Common/HIDParser.o
 .debug_pubnames
                0x00000838       0x79 ../../../../LUFA/Drivers/USB/Class/Device/AudioClassDevice.o
 .debug_pubnames
                0x000008b1      0x18b ../../../../LUFA/Drivers/USB/Class/Device/CDCClassDevice.o
 .debug_pubnames
                0x00000a3c       0x70 ../../../../LUFA/Drivers/USB/Class/Device/HIDClassDevice.o
 .debug_pubnames
                0x00000aac       0x6d ../../../../LUFA/Drivers/USB/Class/Device/MassStorageClassDevice.o
 .debug_pubnames
                0x00000b19       0xa6 ../../../../LUFA/Drivers/USB/Class/Device/MIDIClassDevice.o
 .debug_pubnames
                0x00000bbf       0xd0 ../../../../LUFA/Drivers/USB/Class/Device/RNDISClassDevice.o

.debug_info     0x00000000     0x802f
 *(.debug_info)
 .debug_info    0x00000000      0x457 DualVirtualSerial.o
 .debug_info    0x00000457      0x7a9 Descriptors.o
 .debug_info    0x00000c00       0xc4 ../../../../LUFA/Drivers/USB/Core/AVR8/Device_AVR8.o
 .debug_info    0x00000cc4      0x449 ../../../../LUFA/Drivers/USB/Core/AVR8/Endpoint_AVR8.o
 .debug_info    0x0000110d        0x0 ../../../../LUFA/Drivers/USB/Core/AVR8/Host_AVR8.o
 .debug_info    0x0000110d        0x0 ../../../../LUFA/Drivers/USB/Core/AVR8/Pipe_AVR8.o
 .debug_info    0x0000110d      0x496 ../../../../LUFA/Drivers/USB/Core/AVR8/USBController_AVR8.o
 .debug_info    0x000015a3      0x56d ../../../../LUFA/Drivers/USB/Core/AVR8/USBInterrupt_AVR8.o
 .debug_info    0x00001b10     0x157b ../../../../LUFA/Drivers/USB/Core/AVR8/EndpointStream_AVR8.o
 .debug_info    0x0000308b        0x0 ../../../../LUFA/Drivers/USB/Core/AVR8/PipeStream_AVR8.o
 .debug_info    0x0000308b      0x34b ../../../../LUFA/Drivers/USB/Core/ConfigDescriptor.o
 .debug_info    0x000033d6      0x9ed ../../../../LUFA/Drivers/USB/Core/DeviceStandardReq.o
 .debug_info    0x00003dc3       0x79 ../../../../LUFA/Drivers/USB/Core/Events.o
 .debug_info    0x00003e3c        0x0 ../../../../LUFA/Drivers/USB/Core/HostStandardReq.o
 .debug_info    0x00003e3c      0x23b ../../../../LUFA/Drivers/USB/Core/USBTask.o
 .debug_info    0x00004077      0x6ec ../../../../LUFA/Drivers/USB/Class/Common/HIDParser.o
 .debug_info    0x00004763      0x654 ../../../../LUFA/Drivers/USB/Class/Device/AudioClassDevice.o
 .debug_info    0x00004db7      0xd1b ../../../../LUFA/Drivers/USB/Class/Device/CDCClassDevice.o
 .debug_info    0x00005ad2      0x6d9 ../../../../LUFA/Drivers/USB/Class/Device/HIDClassDevice.o
 .debug_info    0x000061ab      0x906 ../../../../LUFA/Drivers/USB/Class/Device/MassStorageClassDevice.o
 .debug_info    0x00006ab1      0x5d2 ../../../../LUFA/Drivers/USB/Class/Device/MIDIClassDevice.o
 .debug_info    0x00007083      0xfac ../../../../LUFA/Drivers/USB/Class/Device/RNDISClassDevice.o
 .debug_info    0x0000802f        0x0 ../../../../LUFA/Drivers/USB/Class/Host/AndroidAccessoryClassHost.o
 .debug_info    0x0000802f        0x0 ../../../../LUFA/Drivers/USB/Class/Host/AudioClassHost.o
 .debug_info    0x0000802f        0x0 ../../../../LUFA/Drivers/USB/Class/Host/CDCClassHost.o
 .debug_info    0x0000802f        0x0 ../../../../LUFA/Drivers/USB/Class/Host/HIDClassHost.o
 .debug_info    0x0000802f        0x0 ../../../../LUFA/Drivers/USB/Class/Host/MassStorageClassHost.o
 .debug_info    0x0000802f        0x0 ../../../../LUFA/Drivers/USB/Class/Host/MIDIClassHost.o
 .debug_info    0x0000802f        0x0 ../../../../LUFA/Drivers/USB/Class/Host/PrinterClassHost.o
 .debug_info    0x0000802f        0x0 ../../../../LUFA/Drivers/USB/Class/Host/RNDISClassHost.o
 .debug_info    0x0000802f        0x0 ../../../../LUFA/Drivers/USB/Class/Host/StillImageClassHost.o
 *(.gnu.linkonce.wi.*)

.debug_abbrev   0x00000000     0x1f7a
 *(.debug_abbrev)
 .debug_abbrev  0x00000000      0x1db DualVirtualSerial.o
 .debug_abbrev  0x000001db      0x165 Descriptors.o
 .debug_abbrev  0x00000340       0x79 ../../../../LUFA/Drivers/USB/Core/AVR8/Device_AVR8.o
 .debug_abbrev  0x000003b9      0x1a1 ../../../../LUFA/Drivers/USB/Core/AVR8/Endpoint_AVR8.o
 .debug_abbrev  0x0000055a        0x1 ../../../../LUFA/Drivers/USB/Core/AVR8/Host_AVR8.o
 .debug_abbrev  0x0000055b        0x1 ../../../../LUFA/Drivers/USB/Core/AVR8/Pipe_AVR8.o
 .debug_abbrev  0x0000055c      0x15a ../../../../LUFA/Drivers/USB/Core/AVR8/USBController_AVR8.o
 .debug_abbrev  0x000006b6      0x176 ../../../../LUFA/Drivers/USB/Core/AVR8/USBInterrupt_AVR8.o
 .debug_abbrev  0x0000082c      0x1aa ../../../../LUFA/Drivers/USB/Core/AVR8/EndpointStream_AVR8.o
 .debug_abbrev  0x000009d6        0x1 ../../../../LUFA/Drivers/USB/Core/AVR8/PipeStream_AVR8.o
 .debug_abbrev  0x000009d7      0x15c ../../../../LUFA/Drivers/USB/Core/ConfigDescriptor.o
 .debug_abbrev  0x00000b33      0x22d ../../../../LUFA/Drivers/USB/Core/DeviceStandardReq.o
 .debug_abbrev  0x00000d60       0x4a ../../../../LUFA/Drivers/USB/Core/Events.o
 .debug_abbrev  0x00000daa        0x1 ../../../../LUFA/Drivers/USB/Core/HostStandardReq.o
 .debug_abbrev  0x00000dab      0x15d ../../../../LUFA/Drivers/USB/Core/USBTask.o
 .debug_abbrev  0x00000f08      0x1e7 ../../../../LUFA/Drivers/USB/Class/Common/HIDParser.o
 .debug_abbrev  0x000010ef      0x1ea ../../../../LUFA/Drivers/USB/Class/Device/AudioClassDevice.o
 .debug_abbrev  0x000012d9      0x347 ../../../../LUFA/Drivers/USB/Class/Device/CDCClassDevice.o
 .debug_abbrev  0x00001620      0x21e ../../../../LUFA/Drivers/USB/Class/Device/HIDClassDevice.o
 .debug_abbrev  0x0000183e      0x24f ../../../../LUFA/Drivers/USB/Class/Device/MassStorageClassDevice.o
 .debug_abbrev  0x00001a8d      0x20b ../../../../LUFA/Drivers/USB/Class/Device/MIDIClassDevice.o
 .debug_abbrev  0x00001c98      0x2d9 ../../../../LUFA/Drivers/USB/Class/Device/RNDISClassDevice.o
 .debug_abbrev  0x00001f71        0x1 ../../../../LUFA/Drivers/USB/Class/Host/AndroidAccessoryClassHost.o
 .debug_abbrev  0x00001f72        0x1 ../../../../LUFA/Drivers/USB/Class/Host/AudioClassHost.o
 .debug_abbrev  0x00001f73        0x1 ../../../../LUFA/Drivers/USB/Class/Host/CDCClassHost.o
 .debug_abbrev  0x00001f74        0x1 ../../../../LUFA/Drivers/USB/Class/Host/HIDClassHost.o
 .debug_abbrev  0x00001f75        0x1 ../../../../LUFA/Drivers/USB/Class/Host/MassStorageClassHost.o
 .debug_abbrev  0x00001f76        0x1 ../../../../LUFA/Drivers/USB/Class/Host/MIDIClassHost.o
 .debug_abbrev  0x00001f77        0x1 ../../../../LUFA/Drivers/USB/Class/Host/PrinterClassHost.o
 .debug_abbrev  0x00001f78        0x1 ../../../../LUFA/Drivers/USB/Class/Host/RNDISClassHost.o
 .debug_abbrev  0x00001f79        0x1 ../../../../LUFA/Drivers/USB/Class/Host/StillImageClassHost.o

.debug_line     0x00000000     0x645f
 *(.debug_line)
 .debug_line    0x00000000      0x3d5 DualVirtualSerial.o
 .debug_line    0x000003d5      0x1e3 Descriptors.o
 .debug_line    0x000005b8      0x133 ../../../../LUFA/Drivers/USB/Core/AVR8/Device_AVR8.o
 .debug_line    0x000006eb      0x494 ../../../../LUFA/Drivers/USB/Core/AVR8/Endpoint_AVR8.o
 .debug_line    0x00000b7f       0x24 ../../../../LUFA/Drivers/USB/Core/AVR8/Host_AVR8.o
 .debug_line    0x00000ba3       0x24 ../../../../LUFA/Drivers/USB/Core/AVR8/Pipe_AVR8.o
 .debug_line    0x00000bc7      0x36d ../../../../LUFA/Drivers/USB/Core/AVR8/USBController_AVR8.o
 .debug_line    0x00000f34      0x54e ../../../../LUFA/Drivers/USB/Core/AVR8/USBInterrupt_AVR8.o
 .debug_line    0x00001482     0x17dd ../../../../LUFA/Drivers/USB/Core/AVR8/EndpointStream_AVR8.o
 .debug_line    0x00002c5f       0x24 ../../../../LUFA/Drivers/USB/Core/AVR8/PipeStream_AVR8.o
 .debug_line    0x00002c83      0x24a ../../../../LUFA/Drivers/USB/Core/ConfigDescriptor.o
 .debug_line    0x00002ecd      0x5e1 ../../../../LUFA/Drivers/USB/Core/DeviceStandardReq.o
 .debug_line    0x000034ae       0x86 ../../../../LUFA/Drivers/USB/Core/Events.o
 .debug_line    0x00003534       0x24 ../../../../LUFA/Drivers/USB/Core/HostStandardReq.o
 .debug_line    0x00003558      0x1bd ../../../../LUFA/Drivers/USB/Core/USBTask.o
 .debug_line    0x00003715      0x57a ../../../../LUFA/Drivers/USB/Class/Common/HIDParser.o
 .debug_line    0x00003c8f      0x510 ../../../../LUFA/Drivers/USB/Class/Device/AudioClassDevice.o
 .debug_line    0x0000419f      0x98a ../../../../LUFA/Drivers/USB/Class/Device/CDCClassDevice.o
 .debug_line    0x00004b29      0x5be ../../../../LUFA/Drivers/USB/Class/Device/HIDClassDevice.o
 .debug_line    0x000050e7      0x635 ../../../../LUFA/Drivers/USB/Class/Device/MassStorageClassDevice.o
 .debug_line    0x0000571c      0x45f ../../../../LUFA/Drivers/USB/Class/Device/MIDIClassDevice.o
 .debug_line    0x00005b7b      0x7a0 ../../../../LUFA/Drivers/USB/Class/Device/RNDISClassDevice.o
 .debug_line    0x0000631b       0x24 ../../../../LUFA/Drivers/USB/Class/Host/AndroidAccessoryClassHost.o
 .debug_line    0x0000633f       0x24 ../../../../LUFA/Drivers/USB/Class/Host/AudioClassHost.o
 .debug_line    0x00006363       0x24 ../../../../LUFA/Drivers/USB/Class/Host/CDCClassHost.o
 .debug_line    0x00006387       0x24 ../../../../LUFA/Drivers/USB/Class/Host/HIDClassHost.o
 .debug_line    0x000063ab       0x24 ../../../../LUFA/Drivers/USB/Class/Host/MassStorageClassHost.o
 .debug_line    0x000063cf       0x24 ../../../../LUFA/Drivers/USB/Class/Host/MIDIClassHost.o
 .debug_line    0x000063f3       0x24 ../../../../LUFA/Drivers/USB/Class/Host/PrinterClassHost.o
 .debug_line    0x00006417       0x24 ../../../../LUFA/Drivers/USB/Class/Host/RNDISClassHost.o
 .debug_line    0x0000643b       0x24 ../../../../LUFA/Drivers/USB/Class/Host/StillImageClassHost.o

.debug_frame    0x00000000      0x6a0
 *(.debug_frame)
 .debug_frame   0x00000000       0x80 DualVirtualSerial.o
 .debug_frame   0x00000080       0x20 Descriptors.o
 .debug_frame   0x000000a0       0x20 ../../../../LUFA/Drivers/USB/Core/AVR8/Device_AVR8.o
 .debug_frame   0x000000c0       0x50 ../../../../LUFA/Drivers/USB/Core/AVR8/Endpoint_AVR8.o
 .debug_frame   0x00000110       0x40 ../../../../LUFA/Drivers/USB/Core/AVR8/USBController_AVR8.o
 .debug_frame   0x00000150       0x40 ../../../../LUFA/Drivers/USB/Core/AVR8/USBInterrupt_AVR8.o
 .debug_frame   0x00000190      0x170 ../../../../LUFA/Drivers/USB/Core/AVR8/EndpointStream_AVR8.o
 .debug_frame   0x00000300       0x50 ../../../../LUFA/Drivers/USB/Core/ConfigDescriptor.o
 .debug_frame   0x00000350       0x20 ../../../../LUFA/Drivers/USB/Core/DeviceStandardReq.o
 .debug_frame   0x00000370       0x20 ../../../../LUFA/Drivers/USB/Core/Events.o
 .debug_frame   0x00000390       0x20 ../../../../LUFA/Drivers/USB/Core/USBTask.o
 .debug_frame   0x000003b0       0x50 ../../../../LUFA/Drivers/USB/Class/Common/HIDParser.o
 .debug_frame   0x00000400       0x40 ../../../../LUFA/Drivers/USB/Class/Device/AudioClassDevice.o
 .debug_frame   0x00000440      0x110 ../../../../LUFA/Drivers/USB/Class/Device/CDCClassDevice.o
 .debug_frame   0x00000550       0x40 ../../../../LUFA/Drivers/USB/Class/Device/HIDClassDevice.o
 .debug_frame   0x00000590       0x40 ../../../../LUFA/Drivers/USB/Class/Device/MassStorageClassDevice.o
 .debug_frame   0x000005d0       0x60 ../../../../LUFA/Drivers/USB/Class/Device/MIDIClassDevice.o
 .debug_frame   0x00000630       0x70 ../../../../LUFA/Drivers/USB/Class/Device/RNDISClassDevice.o

.debug_str      0x00000000     0x3460
 *(.debug_str)
 .debug_str     0x00000000      0x424 DualVirtualSerial.o
                                0x478 (size before relaxing)
 .debug_str     0x00000424      0x639 Descriptors.o
                                0x794 (size before relaxing)
 .debug_str     0x00000a5d       0x7d ../../../../LUFA/Drivers/USB/Core/AVR8/Device_AVR8.o
                                0x147 (size before relaxing)
 .debug_str     0x00000ada      0x3c7 ../../../../LUFA/Drivers/USB/Core/AVR8/Endpoint_AVR8.o
                                0x4d6 (size before relaxing)
 .debug_str     0x00000ea1      0x2a2 ../../../../LUFA/Drivers/USB/Core/AVR8/USBController_AVR8.o
                                0x45b (size before relaxing)
 .debug_str     0x00001143       0xef ../../../../LUFA/Drivers/USB/Core/AVR8/USBInterrupt_AVR8.o
                                0x3cd (size before relaxing)
 .debug_str     0x00001232      0x503 ../../../../LUFA/Drivers/USB/Core/AVR8/EndpointStream_AVR8.o
                                0x775 (size before relaxing)
 .debug_str     0x00001735      0x222 ../../../../LUFA/Drivers/USB/Core/ConfigDescriptor.o
                                0x314 (size before relaxing)
 .debug_str     0x00001957      0x3fa ../../../../LUFA/Drivers/USB/Core/DeviceStandardReq.o
                                0x84b (size before relaxing)
 .debug_str     0x00001d51       0x3a ../../../../LUFA/Drivers/USB/Core/Events.o
                                 0xfe (size before relaxing)
 .debug_str     0x00001d8b       0x70 ../../../../LUFA/Drivers/USB/Core/USBTask.o
                                0x29e (size before relaxing)
 .debug_str     0x00001dfb      0x487 ../../../../LUFA/Drivers/USB/Class/Common/HIDParser.o
                                0x5ec (size before relaxing)
 .debug_str     0x00002282      0x249 ../../../../LUFA/Drivers/USB/Class/Device/AudioClassDevice.o
                                0x5ac (size before relaxing)
 .debug_str     0x000024cb      0x311 ../../../../LUFA/Drivers/USB/Class/Device/CDCClassDevice.o
                                0x9f2 (size before relaxing)
 .debug_str     0x000027dc      0x229 ../../../../LUFA/Drivers/USB/Class/Device/HIDClassDevice.o
                                0x5ec (size before relaxing)
 .debug_str     0x00002a05      0x243 ../../../../LUFA/Drivers/USB/Class/Device/MassStorageClassDevice.o
                                0x79b (size before relaxing)
 .debug_str     0x00002c48      0x12a ../../../../LUFA/Drivers/USB/Class/Device/MIDIClassDevice.o
                                0x61e (size before relaxing)
 .debug_str     0x00002d72      0x6ee ../../../../LUFA/Drivers/USB/Class/Device/RNDISClassDevice.o
                                0xd0c (size before relaxing)

.debug_loc      0x00000000     0x3671
 *(.debug_loc)
 .debug_loc     0x00000000       0xc0 DualVirtualSerial.o
 .debug_loc     0x000000c0      0x160 Descriptors.o
 .debug_loc     0x00000220       0x7f ../../../../LUFA/Drivers/USB/Core/AVR8/Endpoint_AVR8.o
 .debug_loc     0x0000029f     0x182a ../../../../LUFA/Drivers/USB/Core/AVR8/EndpointStream_AVR8.o
 .debug_loc     0x00001ac9      0x2c7 ../../../../LUFA/Drivers/USB/Core/ConfigDescriptor.o
 .debug_loc     0x00001d90      0x25a ../../../../LUFA/Drivers/USB/Core/DeviceStandardReq.o
 .debug_loc     0x00001fea      0x4fa ../../../../LUFA/Drivers/USB/Class/Common/HIDParser.o
 .debug_loc     0x000024e4      0x269 ../../../../LUFA/Drivers/USB/Class/Device/AudioClassDevice.o
 .debug_loc     0x0000274d      0x512 ../../../../LUFA/Drivers/USB/Class/Device/CDCClassDevice.o
 .debug_loc     0x00002c5f      0x16c ../../../../LUFA/Drivers/USB/Class/Device/HIDClassDevice.o
 .debug_loc     0x00002dcb      0x138 ../../../../LUFA/Drivers/USB/Class/Device/MassStorageClassDevice.o
 .debug_loc     0x00002f03      0x23c ../../../../LUFA/Drivers/USB/Class/Device/MIDIClassDevice.o
 .debug_loc     0x0000313f      0x532 ../../../../LUFA/Drivers/USB/Class/Device/RNDISClassDevice.o

.debug_macinfo
 *(.debug_macinfo)
OUTPUT(DualVirtualSerial.elf elf32-avr)
LOAD linker stubs

.debug_ranges   0x00000000      0x578
 .debug_ranges  0x00000000       0x48 DualVirtualSerial.o
 .debug_ranges  0x00000048       0x18 Descriptors.o
 .debug_ranges  0x00000060       0x18 ../../../../LUFA/Drivers/USB/Core/AVR8/Device_AVR8.o
 .debug_ranges  0x00000078       0x48 ../../../../LUFA/Drivers/USB/Core/AVR8/Endpoint_AVR8.o
 .debug_ranges  0x000000c0       0x28 ../../../../LUFA/Drivers/USB/Core/AVR8/USBController_AVR8.o
 .debug_ranges  0x000000e8       0x28 ../../../../LUFA/Drivers/USB/Core/AVR8/USBInterrupt_AVR8.o
 .debug_ranges  0x00000110       0xc0 ../../../../LUFA/Drivers/USB/Core/AVR8/EndpointStream_AVR8.o
 .debug_ranges  0x000001d0       0x30 ../../../../LUFA/Drivers/USB/Core/ConfigDescriptor.o
 .debug_ranges  0x00000200       0x78 ../../../../LUFA/Drivers/USB/Core/DeviceStandardReq.o
 .debug_ranges  0x00000278       0x18 ../../../../LUFA/Drivers/USB/Core/Events.o
 .debug_ranges  0x00000290       0x30 ../../../../LUFA/Drivers/USB/Core/USBTask.o
 .debug_ranges  0x000002c0       0xa0 ../../../../LUFA/Drivers/USB/Class/Common/HIDParser.o
 .debug_ranges  0x00000360       0x28 ../../../../LUFA/Drivers/USB/Class/Device/AudioClassDevice.o
 .debug_ranges  0x00000388       0x90 ../../../../LUFA/Drivers/USB/Class/Device/CDCClassDevice.o
 .debug_ranges  0x00000418       0x28 ../../../../LUFA/Drivers/USB/Class/Device/HIDClassDevice.o
 .debug_ranges  0x00000440       0x78 ../../../../LUFA/Drivers/USB/Class/Device/MassStorageClassDevice.o
 .debug_ranges  0x000004b8       0x38 ../../../../LUFA/Drivers/USB/Class/Device/MIDIClassDevice.o
 .debug_ranges  0x000004f0       0x88 ../../../../LUFA/Drivers/USB/Class/Device/RNDISClassDevice.o

Cross Reference Table

Symbol                                            File
Audio_Device_ConfigureEndpoints                   ../../../../LUFA/Drivers/USB/Class/Device/AudioClassDevice.o
Audio_Device_Event_Stub                           ../../../../LUFA/Drivers/USB/Class/Device/AudioClassDevice.o
Audio_Device_ProcessControlRequest                ../../../../LUFA/Drivers/USB/Class/Device/AudioClassDevice.o
CALLBACK_Audio_Device_GetSetEndpointProperty      ../../../../LUFA/Drivers/USB/Class/Device/AudioClassDevice.o
CALLBACK_Audio_Device_GetSetInterfaceProperty     ../../../../LUFA/Drivers/USB/Class/Device/AudioClassDevice.o
CALLBACK_HIDParser_FilterHIDReportItem            ../../../../LUFA/Drivers/USB/Class/Common/HIDParser.o
CALLBACK_HID_Device_CreateHIDReport               ../../../../LUFA/Drivers/USB/Class/Device/HIDClassDevice.o
CALLBACK_HID_Device_ProcessHIDReport              ../../../../LUFA/Drivers/USB/Class/Device/HIDClassDevice.o
CALLBACK_MS_Device_SCSICommandReceived            ../../../../LUFA/Drivers/USB/Class/Device/MassStorageClassDevice.o
CALLBACK_USB_GetDescriptor                        Descriptors.o
                                                  ../../../../LUFA/Drivers/USB/Core/DeviceStandardReq.o
CDC_Device_BytesReceived                          ../../../../LUFA/Drivers/USB/Class/Device/CDCClassDevice.o
CDC_Device_ConfigureEndpoints                     ../../../../LUFA/Drivers/USB/Class/Device/CDCClassDevice.o
                                                  DualVirtualSerial.o
CDC_Device_CreateBlockingStream                   ../../../../LUFA/Drivers/USB/Class/Device/CDCClassDevice.o
CDC_Device_CreateStream                           ../../../../LUFA/Drivers/USB/Class/Device/CDCClassDevice.o
CDC_Device_Event_Stub                             ../../../../LUFA/Drivers/USB/Class/Device/CDCClassDevice.o
CDC_Device_Flush                                  ../../../../LUFA/Drivers/USB/Class/Device/CDCClassDevice.o
CDC_Device_ProcessControlRequest                  ../../../../LUFA/Drivers/USB/Class/Device/CDCClassDevice.o
                                                  DualVirtualSerial.o
CDC_Device_ReceiveByte                            ../../../../LUFA/Drivers/USB/Class/Device/CDCClassDevice.o
                                                  DualVirtualSerial.o
CDC_Device_SendByte                               ../../../../LUFA/Drivers/USB/Class/Device/CDCClassDevice.o
                                                  DualVirtualSerial.o
CDC_Device_SendControlLineStateChange             ../../../../LUFA/Drivers/USB/Class/Device/CDCClassDevice.o
CDC_Device_SendData                               ../../../../LUFA/Drivers/USB/Class/Device/CDCClassDevice.o
CDC_Device_SendString                             ../../../../LUFA/Drivers/USB/Class/Device/CDCClassDevice.o
                                                  DualVirtualSerial.o
CDC_Device_USBTask                                ../../../../LUFA/Drivers/USB/Class/Device/CDCClassDevice.o
                                                  DualVirtualSerial.o
CheckJoystickMovement                             DualVirtualSerial.o
ConfigurationDescriptor                           Descriptors.o
DeviceDescriptor                                  Descriptors.o
EVENT_Audio_Device_StreamStartStop                ../../../../LUFA/Drivers/USB/Class/Device/AudioClassDevice.o
EVENT_CDC_Device_BreakSent                        ../../../../LUFA/Drivers/USB/Class/Device/CDCClassDevice.o
EVENT_CDC_Device_ControLineStateChanged           ../../../../LUFA/Drivers/USB/Class/Device/CDCClassDevice.o
EVENT_CDC_Device_LineEncodingChanged              ../../../../LUFA/Drivers/USB/Class/Device/CDCClassDevice.o
EVENT_USB_Device_ConfigurationChanged             DualVirtualSerial.o
                                                  ../../../../LUFA/Drivers/USB/Core/DeviceStandardReq.o
EVENT_USB_Device_Connect                          DualVirtualSerial.o
                                                  ../../../../LUFA/Drivers/USB/Core/AVR8/USBInterrupt_AVR8.o
EVENT_USB_Device_ControlRequest                   DualVirtualSerial.o
                                                  ../../../../LUFA/Drivers/USB/Core/DeviceStandardReq.o
EVENT_USB_Device_Disconnect                       DualVirtualSerial.o
                                                  ../../../../LUFA/Drivers/USB/Core/AVR8/USBInterrupt_AVR8.o
EVENT_USB_Device_Reset                            ../../../../LUFA/Drivers/USB/Core/Events.o
                                                  ../../../../LUFA/Drivers/USB/Core/AVR8/USBInterrupt_AVR8.o
EVENT_USB_Device_StartOfFrame                     ../../../../LUFA/Drivers/USB/Core/Events.o
                                                  ../../../../LUFA/Drivers/USB/Core/AVR8/USBInterrupt_AVR8.o
EVENT_USB_Device_Suspend                          ../../../../LUFA/Drivers/USB/Core/Events.o
                                                  ../../../../LUFA/Drivers/USB/Core/AVR8/USBInterrupt_AVR8.o
EVENT_USB_Device_WakeUp                           ../../../../LUFA/Drivers/USB/Core/Events.o
                                                  ../../../../LUFA/Drivers/USB/Core/AVR8/USBInterrupt_AVR8.o
Endpoint_ClearEndpoints                           ../../../../LUFA/Drivers/USB/Core/AVR8/Endpoint_AVR8.o
Endpoint_ClearStatusStage                         ../../../../LUFA/Drivers/USB/Core/AVR8/Endpoint_AVR8.o
                                                  ../../../../LUFA/Drivers/USB/Class/Device/MassStorageClassDevice.o
                                                  ../../../../LUFA/Drivers/USB/Class/Device/HIDClassDevice.o
                                                  ../../../../LUFA/Drivers/USB/Class/Device/CDCClassDevice.o
                                                  ../../../../LUFA/Drivers/USB/Class/Device/AudioClassDevice.o
                                                  ../../../../LUFA/Drivers/USB/Core/DeviceStandardReq.o
Endpoint_ConfigureEndpoint_Prv                    ../../../../LUFA/Drivers/USB/Core/AVR8/Endpoint_AVR8.o
                                                  ../../../../LUFA/Drivers/USB/Class/Device/RNDISClassDevice.o
                                                  ../../../../LUFA/Drivers/USB/Class/Device/MIDIClassDevice.o
                                                  ../../../../LUFA/Drivers/USB/Class/Device/MassStorageClassDevice.o
                                                  ../../../../LUFA/Drivers/USB/Class/Device/HIDClassDevice.o
                                                  ../../../../LUFA/Drivers/USB/Class/Device/CDCClassDevice.o
                                                  ../../../../LUFA/Drivers/USB/Class/Device/AudioClassDevice.o
                                                  ../../../../LUFA/Drivers/USB/Core/AVR8/USBInterrupt_AVR8.o
                                                  ../../../../LUFA/Drivers/USB/Core/AVR8/USBController_AVR8.o
Endpoint_Discard_Stream                           ../../../../LUFA/Drivers/USB/Core/AVR8/EndpointStream_AVR8.o
Endpoint_Null_Stream                              ../../../../LUFA/Drivers/USB/Core/AVR8/EndpointStream_AVR8.o
Endpoint_Read_Control_EStream_BE                  ../../../../LUFA/Drivers/USB/Core/AVR8/EndpointStream_AVR8.o
Endpoint_Read_Control_EStream_LE                  ../../../../LUFA/Drivers/USB/Core/AVR8/EndpointStream_AVR8.o
Endpoint_Read_Control_Stream_BE                   ../../../../LUFA/Drivers/USB/Core/AVR8/EndpointStream_AVR8.o
Endpoint_Read_Control_Stream_LE                   ../../../../LUFA/Drivers/USB/Core/AVR8/EndpointStream_AVR8.o
                                                  ../../../../LUFA/Drivers/USB/Class/Device/RNDISClassDevice.o
                                                  ../../../../LUFA/Drivers/USB/Class/Device/HIDClassDevice.o
                                                  ../../../../LUFA/Drivers/USB/Class/Device/AudioClassDevice.o
Endpoint_Read_EStream_BE                          ../../../../LUFA/Drivers/USB/Core/AVR8/EndpointStream_AVR8.o
Endpoint_Read_EStream_LE                          ../../../../LUFA/Drivers/USB/Core/AVR8/EndpointStream_AVR8.o
Endpoint_Read_Stream_BE                           ../../../../LUFA/Drivers/USB/Core/AVR8/EndpointStream_AVR8.o
Endpoint_Read_Stream_LE                           ../../../../LUFA/Drivers/USB/Core/AVR8/EndpointStream_AVR8.o
                                                  ../../../../LUFA/Drivers/USB/Class/Device/RNDISClassDevice.o
                                                  ../../../../LUFA/Drivers/USB/Class/Device/MIDIClassDevice.o
                                                  ../../../../LUFA/Drivers/USB/Class/Device/MassStorageClassDevice.o
Endpoint_WaitUntilReady                           ../../../../LUFA/Drivers/USB/Core/AVR8/Endpoint_AVR8.o
                                                  ../../../../LUFA/Drivers/USB/Class/Device/RNDISClassDevice.o
                                                  ../../../../LUFA/Drivers/USB/Class/Device/MIDIClassDevice.o
                                                  ../../../../LUFA/Drivers/USB/Class/Device/CDCClassDevice.o
                                                  ../../../../LUFA/Drivers/USB/Core/AVR8/EndpointStream_AVR8.o
Endpoint_Write_Control_EStream_BE                 ../../../../LUFA/Drivers/USB/Core/AVR8/EndpointStream_AVR8.o
Endpoint_Write_Control_EStream_LE                 ../../../../LUFA/Drivers/USB/Core/AVR8/EndpointStream_AVR8.o
Endpoint_Write_Control_PStream_BE                 ../../../../LUFA/Drivers/USB/Core/AVR8/EndpointStream_AVR8.o
Endpoint_Write_Control_PStream_LE                 ../../../../LUFA/Drivers/USB/Core/AVR8/EndpointStream_AVR8.o
                                                  ../../../../LUFA/Drivers/USB/Core/DeviceStandardReq.o
Endpoint_Write_Control_Stream_BE                  ../../../../LUFA/Drivers/USB/Core/AVR8/EndpointStream_AVR8.o
Endpoint_Write_Control_Stream_LE                  ../../../../LUFA/Drivers/USB/Core/AVR8/EndpointStream_AVR8.o
                                                  ../../../../LUFA/Drivers/USB/Class/Device/RNDISClassDevice.o
                                                  ../../../../LUFA/Drivers/USB/Class/Device/HIDClassDevice.o
                                                  ../../../../LUFA/Drivers/USB/Class/Device/AudioClassDevice.o
                                                  ../../../../LUFA/Drivers/USB/Core/DeviceStandardReq.o
Endpoint_Write_EStream_BE                         ../../../../LUFA/Drivers/USB/Core/AVR8/EndpointStream_AVR8.o
Endpoint_Write_EStream_LE                         ../../../../LUFA/Drivers/USB/Core/AVR8/EndpointStream_AVR8.o
Endpoint_Write_PStream_BE                         ../../../../LUFA/Drivers/USB/Core/AVR8/EndpointStream_AVR8.o
Endpoint_Write_PStream_LE                         ../../../../LUFA/Drivers/USB/Core/AVR8/EndpointStream_AVR8.o
Endpoint_Write_Stream_BE                          ../../../../LUFA/Drivers/USB/Core/AVR8/EndpointStream_AVR8.o
Endpoint_Write_Stream_LE                          ../../../../LUFA/Drivers/USB/Core/AVR8/EndpointStream_AVR8.o
                                                  ../../../../LUFA/Drivers/USB/Class/Device/RNDISClassDevice.o
                                                  ../../../../LUFA/Drivers/USB/Class/Device/MIDIClassDevice.o
                                                  ../../../../LUFA/Drivers/USB/Class/Device/MassStorageClassDevice.o
                                                  ../../../../LUFA/Drivers/USB/Class/Device/HIDClassDevice.o
                                                  ../../../../LUFA/Drivers/USB/Class/Device/CDCClassDevice.o
HID_Device_ConfigureEndpoints                     ../../../../LUFA/Drivers/USB/Class/Device/HIDClassDevice.o
HID_Device_ProcessControlRequest                  ../../../../LUFA/Drivers/USB/Class/Device/HIDClassDevice.o
HID_Device_USBTask                                ../../../../LUFA/Drivers/USB/Class/Device/HIDClassDevice.o
LanguageString                                    Descriptors.o
MIDI_Device_ConfigureEndpoints                    ../../../../LUFA/Drivers/USB/Class/Device/MIDIClassDevice.o
MIDI_Device_Flush                                 ../../../../LUFA/Drivers/USB/Class/Device/MIDIClassDevice.o
MIDI_Device_ReceiveEventPacket                    ../../../../LUFA/Drivers/USB/Class/Device/MIDIClassDevice.o
MIDI_Device_SendEventPacket                       ../../../../LUFA/Drivers/USB/Class/Device/MIDIClassDevice.o
MIDI_Device_USBTask                               ../../../../LUFA/Drivers/USB/Class/Device/MIDIClassDevice.o
MS_Device_ConfigureEndpoints                      ../../../../LUFA/Drivers/USB/Class/Device/MassStorageClassDevice.o
MS_Device_ProcessControlRequest                   ../../../../LUFA/Drivers/USB/Class/Device/MassStorageClassDevice.o
MS_Device_USBTask                                 ../../../../LUFA/Drivers/USB/Class/Device/MassStorageClassDevice.o
ManufacturerString                                Descriptors.o
ProductString                                     Descriptors.o
RNDIS_Device_ConfigureEndpoints                   ../../../../LUFA/Drivers/USB/Class/Device/RNDISClassDevice.o
RNDIS_Device_IsPacketReceived                     ../../../../LUFA/Drivers/USB/Class/Device/RNDISClassDevice.o
RNDIS_Device_ProcessControlRequest                ../../../../LUFA/Drivers/USB/Class/Device/RNDISClassDevice.o
RNDIS_Device_ReadPacket                           ../../../../LUFA/Drivers/USB/Class/Device/RNDISClassDevice.o
RNDIS_Device_SendPacket                           ../../../../LUFA/Drivers/USB/Class/Device/RNDISClassDevice.o
RNDIS_Device_USBTask                              ../../../../LUFA/Drivers/USB/Class/Device/RNDISClassDevice.o
SetupHardware                                     DualVirtualSerial.o
USB_ControlRequest                                ../../../../LUFA/Drivers/USB/Class/Device/RNDISClassDevice.o
                                                  ../../../../LUFA/Drivers/USB/Class/Device/MassStorageClassDevice.o
                                                  ../../../../LUFA/Drivers/USB/Class/Device/HIDClassDevice.o
                                                  ../../../../LUFA/Drivers/USB/Class/Device/CDCClassDevice.o
                                                  ../../../../LUFA/Drivers/USB/Class/Device/AudioClassDevice.o
                                                  ../../../../LUFA/Drivers/USB/Core/USBTask.o
                                                  ../../../../LUFA/Drivers/USB/Core/DeviceStandardReq.o
                                                  ../../../../LUFA/Drivers/USB/Core/AVR8/EndpointStream_AVR8.o
                                                  ../../../../LUFA/Drivers/USB/Core/AVR8/Endpoint_AVR8.o
USB_DeviceState                                   ../../../../LUFA/Drivers/USB/Class/Device/RNDISClassDevice.o
                                                  ../../../../LUFA/Drivers/USB/Class/Device/MIDIClassDevice.o
                                                  ../../../../LUFA/Drivers/USB/Class/Device/MassStorageClassDevice.o
                                                  ../../../../LUFA/Drivers/USB/Class/Device/HIDClassDevice.o
                                                  ../../../../LUFA/Drivers/USB/Class/Device/CDCClassDevice.o
                                                  ../../../../LUFA/Drivers/USB/Core/USBTask.o
                                                  ../../../../LUFA/Drivers/USB/Core/DeviceStandardReq.o
                                                  ../../../../LUFA/Drivers/USB/Core/AVR8/EndpointStream_AVR8.o
                                                  ../../../../LUFA/Drivers/USB/Core/AVR8/USBInterrupt_AVR8.o
                                                  ../../../../LUFA/Drivers/USB/Core/AVR8/USBController_AVR8.o
                                                  ../../../../LUFA/Drivers/USB/Core/AVR8/Endpoint_AVR8.o
USB_Device_ConfigurationNumber                    ../../../../LUFA/Drivers/USB/Core/DeviceStandardReq.o
                                                  ../../../../LUFA/Drivers/USB/Core/AVR8/USBInterrupt_AVR8.o
                                                  ../../../../LUFA/Drivers/USB/Core/AVR8/USBController_AVR8.o
USB_Device_CurrentlySelfPowered                   ../../../../LUFA/Drivers/USB/Core/DeviceStandardReq.o
                                                  ../../../../LUFA/Drivers/USB/Core/AVR8/USBController_AVR8.o
USB_Device_ProcessControlRequest                  ../../../../LUFA/Drivers/USB/Core/DeviceStandardReq.o
                                                  ../../../../LUFA/Drivers/USB/Core/USBTask.o
USB_Device_RemoteWakeupEnabled                    ../../../../LUFA/Drivers/USB/Core/DeviceStandardReq.o
                                                  ../../../../LUFA/Drivers/USB/Core/AVR8/USBController_AVR8.o
USB_Device_SendRemoteWakeup                       ../../../../LUFA/Drivers/USB/Core/AVR8/Device_AVR8.o
USB_Disable                                       ../../../../LUFA/Drivers/USB/Core/AVR8/USBController_AVR8.o
USB_Event_Stub                                    ../../../../LUFA/Drivers/USB/Core/Events.o
USB_GetHIDReportItemInfo                          ../../../../LUFA/Drivers/USB/Class/Common/HIDParser.o
USB_GetHIDReportSize                              ../../../../LUFA/Drivers/USB/Class/Common/HIDParser.o
USB_GetNextDescriptorComp                         ../../../../LUFA/Drivers/USB/Core/ConfigDescriptor.o
USB_GetNextDescriptorOfType                       ../../../../LUFA/Drivers/USB/Core/ConfigDescriptor.o
USB_GetNextDescriptorOfTypeAfter                  ../../../../LUFA/Drivers/USB/Core/ConfigDescriptor.o
USB_GetNextDescriptorOfTypeBefore                 ../../../../LUFA/Drivers/USB/Core/ConfigDescriptor.o
USB_INT_ClearAllInterrupts                        ../../../../LUFA/Drivers/USB/Core/AVR8/USBInterrupt_AVR8.o
                                                  ../../../../LUFA/Drivers/USB/Core/AVR8/USBController_AVR8.o
USB_INT_DisableAllInterrupts                      ../../../../LUFA/Drivers/USB/Core/AVR8/USBInterrupt_AVR8.o
                                                  ../../../../LUFA/Drivers/USB/Core/AVR8/USBController_AVR8.o
USB_Init                                          ../../../../LUFA/Drivers/USB/Core/AVR8/USBController_AVR8.o
                                                  DualVirtualSerial.o
USB_IsInitialized                                 ../../../../LUFA/Drivers/USB/Core/USBTask.o
                                                  ../../../../LUFA/Drivers/USB/Core/AVR8/USBController_AVR8.o
USB_ProcessHIDReport                              ../../../../LUFA/Drivers/USB/Class/Common/HIDParser.o
USB_ResetInterface                                ../../../../LUFA/Drivers/USB/Core/AVR8/USBController_AVR8.o
USB_SetHIDReportItemInfo                          ../../../../LUFA/Drivers/USB/Class/Common/HIDParser.o
USB_USBTask                                       ../../../../LUFA/Drivers/USB/Core/USBTask.o
                                                  ../../../../LUFA/Drivers/USB/Class/Device/MassStorageClassDevice.o
                                                  ../../../../LUFA/Drivers/USB/Class/Device/CDCClassDevice.o
                                                  ../../../../LUFA/Drivers/USB/Core/AVR8/EndpointStream_AVR8.o
                                                  DualVirtualSerial.o
VirtualSerial1_CDC_Interface                      DualVirtualSerial.o
VirtualSerial2_CDC_Interface                      DualVirtualSerial.o
__bad_interrupt                                   c:/winavr-20100110/bin/../lib/gcc/avr/4.3.3/../../../../avr/lib/avr51/crtusb1287.o
__bss_end                                         c:/winavr-20100110/bin/../lib/gcc/avr/4.3.3/avr51\libgcc.a(_clear_bss.o)
__bss_start                                       c:/winavr-20100110/bin/../lib/gcc/avr/4.3.3/avr51\libgcc.a(_clear_bss.o)
__data_end                                        c:/winavr-20100110/bin/../lib/gcc/avr/4.3.3/../../../../avr/lib/avr51/crtusb1287.o
__data_load_start                                 c:/winavr-20100110/bin/../lib/gcc/avr/4.3.3/../../../../avr/lib/avr51/crtusb1287.o
__data_start                                      c:/winavr-20100110/bin/../lib/gcc/avr/4.3.3/../../../../avr/lib/avr51/crtusb1287.o
__do_clear_bss                                    c:/winavr-20100110/bin/../lib/gcc/avr/4.3.3/avr51\libgcc.a(_clear_bss.o)
                                                  ../../../../LUFA/Drivers/USB/Core/USBTask.o
                                                  ../../../../LUFA/Drivers/USB/Core/DeviceStandardReq.o
                                                  DualVirtualSerial.o
__do_copy_data                                    c:/winavr-20100110/bin/../lib/gcc/avr/4.3.3/../../../../avr/lib/avr51/crtusb1287.o
                                                  ../../../../LUFA/Drivers/USB/Class/Device/RNDISClassDevice.o
                                                  ../../../../LUFA/Drivers/USB/Class/Device/CDCClassDevice.o
                                                  DualVirtualSerial.o
__eerd_byte_usb1287                               c:/winavr-20100110/bin/../lib/gcc/avr/4.3.3/../../../../avr/lib/avr51\libc.a(eerd_byte_at90usb1287.o)
                                                  ../../../../LUFA/Drivers/USB/Core/AVR8/EndpointStream_AVR8.o
__eeupd_byte_usb1287                              c:/winavr-20100110/bin/../lib/gcc/avr/4.3.3/../../../../avr/lib/avr51\libc.a(eeupd_byte_at90usb1287.o)
                                                  ../../../../LUFA/Drivers/USB/Core/AVR8/EndpointStream_AVR8.o
__eeupd_r18_usb1287                               c:/winavr-20100110/bin/../lib/gcc/avr/4.3.3/../../../../avr/lib/avr51\libc.a(eeupd_byte_at90usb1287.o)
__heap_end                                        c:/winavr-20100110/bin/../lib/gcc/avr/4.3.3/../../../../avr/lib/avr51/crtusb1287.o
__init                                            c:/winavr-20100110/bin/../lib/gcc/avr/4.3.3/../../../../avr/lib/avr51/crtusb1287.o
__stack                                           c:/winavr-20100110/bin/../lib/gcc/avr/4.3.3/../../../../avr/lib/avr51/crtusb1287.o
__vector_1                                        c:/winavr-20100110/bin/../lib/gcc/avr/4.3.3/../../../../avr/lib/avr51/crtusb1287.o
__vector_10                                       ../../../../LUFA/Drivers/USB/Core/AVR8/USBInterrupt_AVR8.o
                                                  c:/winavr-20100110/bin/../lib/gcc/avr/4.3.3/../../../../avr/lib/avr51/crtusb1287.o
__vector_11                                       c:/winavr-20100110/bin/../lib/gcc/avr/4.3.3/../../../../avr/lib/avr51/crtusb1287.o
__vector_12                                       c:/winavr-20100110/bin/../lib/gcc/avr/4.3.3/../../../../avr/lib/avr51/crtusb1287.o
__vector_13                                       c:/winavr-20100110/bin/../lib/gcc/avr/4.3.3/../../../../avr/lib/avr51/crtusb1287.o
__vector_14                                       c:/winavr-20100110/bin/../lib/gcc/avr/4.3.3/../../../../avr/lib/avr51/crtusb1287.o
__vector_15                                       c:/winavr-20100110/bin/../lib/gcc/avr/4.3.3/../../../../avr/lib/avr51/crtusb1287.o
__vector_16                                       c:/winavr-20100110/bin/../lib/gcc/avr/4.3.3/../../../../avr/lib/avr51/crtusb1287.o
__vector_17                                       c:/winavr-20100110/bin/../lib/gcc/avr/4.3.3/../../../../avr/lib/avr51/crtusb1287.o
__vector_18                                       c:/winavr-20100110/bin/../lib/gcc/avr/4.3.3/../../../../avr/lib/avr51/crtusb1287.o
__vector_19                                       c:/winavr-20100110/bin/../lib/gcc/avr/4.3.3/../../../../avr/lib/avr51/crtusb1287.o
__vector_2                                        c:/winavr-20100110/bin/../lib/gcc/avr/4.3.3/../../../../avr/lib/avr51/crtusb1287.o
__vector_20                                       c:/winavr-20100110/bin/../lib/gcc/avr/4.3.3/../../../../avr/lib/avr51/crtusb1287.o
__vector_21                                       c:/winavr-20100110/bin/../lib/gcc/avr/4.3.3/../../../../avr/lib/avr51/crtusb1287.o
__vector_22                                       c:/winavr-20100110/bin/../lib/gcc/avr/4.3.3/../../../../avr/lib/avr51/crtusb1287.o
__vector_23                                       c:/winavr-20100110/bin/../lib/gcc/avr/4.3.3/../../../../avr/lib/avr51/crtusb1287.o
__vector_24                                       c:/winavr-20100110/bin/../lib/gcc/avr/4.3.3/../../../../avr/lib/avr51/crtusb1287.o
__vector_25                                       c:/winavr-20100110/bin/../lib/gcc/avr/4.3.3/../../../../avr/lib/avr51/crtusb1287.o
__vector_26                                       c:/winavr-20100110/bin/../lib/gcc/avr/4.3.3/../../../../avr/lib/avr51/crtusb1287.o
__vector_27                                       c:/winavr-20100110/bin/../lib/gcc/avr/4.3.3/../../../../avr/lib/avr51/crtusb1287.o
__vector_28                                       c:/winavr-20100110/bin/../lib/gcc/avr/4.3.3/../../../../avr/lib/avr51/crtusb1287.o
__vector_29                                       c:/winavr-20100110/bin/../lib/gcc/avr/4.3.3/../../../../avr/lib/avr51/crtusb1287.o
__vector_3                                        c:/winavr-20100110/bin/../lib/gcc/avr/4.3.3/../../../../avr/lib/avr51/crtusb1287.o
__vector_30                                       c:/winavr-20100110/bin/../lib/gcc/avr/4.3.3/../../../../avr/lib/avr51/crtusb1287.o
__vector_31                                       c:/winavr-20100110/bin/../lib/gcc/avr/4.3.3/../../../../avr/lib/avr51/crtusb1287.o
__vector_32                                       c:/winavr-20100110/bin/../lib/gcc/avr/4.3.3/../../../../avr/lib/avr51/crtusb1287.o
__vector_33                                       c:/winavr-20100110/bin/../lib/gcc/avr/4.3.3/../../../../avr/lib/avr51/crtusb1287.o
__vector_34                                       c:/winavr-20100110/bin/../lib/gcc/avr/4.3.3/../../../../avr/lib/avr51/crtusb1287.o
__vector_35                                       c:/winavr-20100110/bin/../lib/gcc/avr/4.3.3/../../../../avr/lib/avr51/crtusb1287.o
__vector_36                                       c:/winavr-20100110/bin/../lib/gcc/avr/4.3.3/../../../../avr/lib/avr51/crtusb1287.o
__vector_37                                       c:/winavr-20100110/bin/../lib/gcc/avr/4.3.3/../../../../avr/lib/avr51/crtusb1287.o
__vector_4                                        c:/winavr-20100110/bin/../lib/gcc/avr/4.3.3/../../../../avr/lib/avr51/crtusb1287.o
__vector_5                                        c:/winavr-20100110/bin/../lib/gcc/avr/4.3.3/../../../../avr/lib/avr51/crtusb1287.o
__vector_6                                        c:/winavr-20100110/bin/../lib/gcc/avr/4.3.3/../../../../avr/lib/avr51/crtusb1287.o
__vector_7                                        c:/winavr-20100110/bin/../lib/gcc/avr/4.3.3/../../../../avr/lib/avr51/crtusb1287.o
__vector_8                                        c:/winavr-20100110/bin/../lib/gcc/avr/4.3.3/../../../../avr/lib/avr51/crtusb1287.o
__vector_9                                        c:/winavr-20100110/bin/../lib/gcc/avr/4.3.3/../../../../avr/lib/avr51/crtusb1287.o
__vector_default                                  c:/winavr-20100110/bin/../lib/gcc/avr/4.3.3/../../../../avr/lib/avr51/crtusb1287.o
__vectors                                         c:/winavr-20100110/bin/../lib/gcc/avr/4.3.3/../../../../avr/lib/avr51/crtusb1287.o
_exit                                             c:/winavr-20100110/bin/../lib/gcc/avr/4.3.3/avr51\libgcc.a(_exit.o)
exit                                              c:/winavr-20100110/bin/../lib/gcc/avr/4.3.3/avr51\libgcc.a(_exit.o)
                                                  c:/winavr-20100110/bin/../lib/gcc/avr/4.3.3/../../../../avr/lib/avr51/crtusb1287.o
main                                              DualVirtualSerial.o
                                                  c:/winavr-20100110/bin/../lib/gcc/avr/4.3.3/../../../../avr/lib/avr51/crtusb1287.o
memcmp                                            c:/winavr-20100110/bin/../lib/gcc/avr/4.3.3/../../../../avr/lib/avr51\libc.a(memcmp.o)
                                                  ../../../../LUFA/Drivers/USB/Class/Device/HIDClassDevice.o
memcpy                                            c:/winavr-20100110/bin/../lib/gcc/avr/4.3.3/../../../../avr/lib/avr51\libc.a(memcpy.o)
                                                  ../../../../LUFA/Drivers/USB/Class/Device/RNDISClassDevice.o
                                                  ../../../../LUFA/Drivers/USB/Class/Device/HIDClassDevice.o
memcpy_P                                          c:/winavr-20100110/bin/../lib/gcc/avr/4.3.3/../../../../avr/lib/avr51\libc.a(memcpy_P.o)
                                                  ../../../../LUFA/Drivers/USB/Class/Device/RNDISClassDevice.o
memset                                            c:/winavr-20100110/bin/../lib/gcc/avr/4.3.3/../../../../avr/lib/avr51\libc.a(memset.o)
                                                  ../../../../LUFA/Drivers/USB/Class/Device/HIDClassDevice.o
